C51 COMPILER V9.60.7.0   ADC                                                               08/07/2026 16:53:19 PAGE 1   


C51 COMPILER V9.60.7.0, COMPILATION OF MODULE ADC
OBJECT MODULE PLACED IN .\Release\Objects\adc.obj
COMPILER INVOKED BY: C:\Keil_v5\C51\BIN\C51.EXE ..\..\Hardware\adc.c LARGE OPTIMIZE(9,SIZE) BROWSE ORDER INTVECTOR(0X000
                    -C) INCDIR(..\..\Libraries\Include;..\..\User;..\..\User\lib;..\..\Hardware) INTERVAL(3) DEBUG OBJECTEXTEND PRINT(.\Relea
                    -se\Listings\adc.lst) OBJECT(.\Release\Objects\adc.obj)

line level    source

   1          #include "adc.h"
   2          #include "fuel_capacity.h"
   3          
   4          volatile u16 adc_val; // adc值，0~4095
   5          // 控制切换adc通道的状态机：
   6          static volatile u8 adc_channel_status = ADC_CHANNEL_STATUS_NONE;
   7          
   8          // adc配置，使用adc时还需要切换到对应的引脚通道
   9          void adc_config(void)
  10          {
  11   1          // 检测油量的引脚：
  12   1          P0_MD1 |= GPIO_P06_MODE_SEL(0x3); // 模拟模式
  13   1      
  14   1          // 检测电池电压的引脚
  15   1          P0_MD1 |= GPIO_P05_MODE_SEL(0x3); // 模拟模式
  16   1      
  17   1          ADC_CFG1 |= (0x0F << 3) | // ADC时钟分频为16分频，为系统时钟/16
  18   1                      (0x01 << 0);  // adc0中断使能
  19   1          ADC_CFG2 = 0xFF;          // 通道0采样时间配置为256个采样时钟周期
  20   1      
  21   1          ADC_ACON0 = ADC_CMP_EN(0x1) |  // 打开ADC中的CMP使能信号
  22   1                      ADC_BIAS_EN(0x1) | // 打开ADC偏置电流能使信号
  23   1                      ADC_BIAS_SEL(0x1); // 偏置电流选择：1x
  24   1      
  25   1          ADC_TRGS0 |= (0x07 << 4); // 通道 0DLY 的 ADC 时钟个数选择，配置为 4n+1，4 * 29 + 1
  26   1          ADC_CHS0 |= (0x01 << 6); // 使能 通道 0DLY 功能
  27   1          __EnableIRQ(ADC_IRQn);   // 使能ADC中断
  28   1          IE_EA = 1;               // 使能总中断
  29   1      }
  30          
  31          // 设置adc通道
  32          void adc_channel_set(adc_channel_t adc_channel)
  33          {
  34   1          // 清空选择的adc0通道
  35   1          ADC_CHS0 &= ~((0x01 << 4) | (0x01 << 3) | (0x01 << 2) | (0x01 << 1) | (0x01 << 0));
  36   1          ADC_ACON1 &= ~((0x01 << 6) | // 关闭ADC内部参考使能信号，不使能内部参考电压
  37   1                         (0x01 << 5) | // 关闭ADC外部参考使能信号，不使能外部参考电压
  38   1                         (0x07 << 0)); // 清空ADC内部参考电压的选择配置
  39   1      
  40   1          switch (adc_channel) {
  41   2              // 检测油量
  42   2          case ADC_CHANNEL_FUEL:
  43   2      
  44   2              ADC_ACON1 |= (0x01 << 6) |         // 使能ADC内部参考信号
  45   2                           (0x03 << 3) |         // 关闭测试信号
  46   2                           (0x01 << 0);          // 内部参考电压选择 2.0 V
  47   2              ADC_CHS0 |= ADC_ANALOG_CHAN(0x06); // P06 通道
  48   2              break;
  49   2      
  50   2          case ADC_CHANNEL_BATTERY:
  51   2      
  52   2              ADC_ACON1 |= (0x01 << 6) |         // 使能ADC内部参考信号
  53   2                           (0x03 << 3) |         // 关闭测试信号
C51 COMPILER V9.60.7.0   ADC                                                               08/07/2026 16:53:19 PAGE 2   

  54   2                           (0x02 << 0);          // 内部参考电压选择 2.4 V
  55   2              ADC_CHS0 |= ADC_ANALOG_CHAN(0x05); // P05 通道
  56   2      
  57   2              break;
  58   2          }
  59   1      
  60   1          ADC_CFG0 |= ADC_CHAN0_EN(0x1) | // 使能通道0转换
  61   1                      ADC_EN(0x1);        // 使能A/D转换
  62   1          // 切换完通道后，需要等待ADC模块配置稳定，至少20us以上
  63   1      }
  64          
  65          #if 0
              // 获取adc值，存放到变量adc_val中(adc单次转换)
              u16 adc_single_convert(void)
              {
                  ADC_CFG0 |= ADC_CHAN0_TRG(0x1); // 触发ADC0转换
                  while (!(ADC_STA & ADC_CHAN0_DONE(0x1)))
                      ;                                           // 等待转换完成
                  ADC_STA = ADC_CHAN0_DONE(0x1);                  // 清除ADC0转换完成标志位
                  return ((ADC_DATAH0 << 4) | (ADC_DATAL0 >> 4)); // 读取ADC0的值
              }
              
              // adc采集+滤波
              u16 adc_getval(void)
              {
                  u16 adc_val_tmp = 0;     // 存放单次采集到的ad值
                  u32 adc_val_sum = 0;     // 存放所有采集到的ad值的累加
                  u16 get_adcmax = 0;      // 存放采集到的最大的ad值
                  u16 get_adcmin = 0xFFFF; // 存放采集到的最小的ad值(初始值为最大值)
                  u8 i = 0;
              
                  for (i = 0; i < 20; i++)
                  {
                      adc_val_tmp = adc_single_convert(); // 获取一次ad值
                      if (i < 2)
                          continue; // 丢弃前两次采样的
                      if (adc_val_tmp > get_adcmax)
                          get_adcmax = adc_val_tmp; // 更新当前采集到的最大值
                      if (adc_val_tmp < get_adcmin)
                          get_adcmin = adc_val_tmp; // 更新当前采集到的最小值
                      adc_val_sum += adc_val_tmp;
                  }
              
                  adc_val_sum -= get_adcmax;        // 去掉一个最大
                  adc_val_sum -= get_adcmin;        // 去掉一个最小
                  adc_val_tmp = (adc_val_sum >> 4); // 除以16，取平均值
              
                  return adc_val_tmp;
              }
              #endif
 104          
 105          // 由定时器调用，adc通道切换
 106          void adc_channel_switch_by_isr(void)
 107          {
 108   1          switch (adc_channel_status) {
 109   2              /*
 110   2                  刚上电（adc_channel_status == ADC_CHANNEL_STATUS_NONE），
 111   2                  或者是adc一轮扫描结束
 112   2              */
 113   2          case ADC_CHANNEL_STATUS_NONE:
 114   2          case ADC_CHANNEL_STATUS_SEL_BATTERY_END:
 115   2              adc_channel_set(ADC_CHANNEL_FUEL);
C51 COMPILER V9.60.7.0   ADC                                                               08/07/2026 16:53:19 PAGE 3   

 116   2              adc_channel_status = ADC_CHANNEL_STATUS_SEL_FUEL_BEGIN;
 117   2              break;
 118   2          case ADC_CHANNEL_STATUS_SEL_FUEL_BEGIN:
 119   2              ADC_CFG0 |= ADC_CHAN0_TRG(0x1); // 触发ADC0转换
 120   2              adc_channel_status = ADC_CHANNEL_STATUS_SEL_FUEL_END;
 121   2              break;
 122   2          case ADC_CHANNEL_STATUS_SEL_FUEL_END:
 123   2              adc_channel_set(ADC_CHANNEL_BATTERY);
 124   2              adc_channel_status = ADC_CHANNEL_STATUS_SEL_BATTERY_END;
 125   2              break;
 126   2          default:
 127   2              break;
 128   2          }
 129   1      }
 130          
 131          void ADC_IRQHandler(void) interrupt ADC_IRQn
 132          {
 133   1          u16 adc_val; // 由后续赋值
 134   1      
 135   1          // 进入中断设置IP，不可删除
 136   1          __IRQnIPnPush(ADC_IRQn);
 137   1      
 138   1          // ---------------- 用户函数处理 -------------------
 139   1          if (ADC_STA & ADC_CHAN0_DONE(0x01)) {
 140   2              ADC_STA |= ADC_CHAN0_DONE(0x01); // 清除ADC0转换完成标志位
 141   2              adc_val = (ADC_DATAH0 << 4) | (ADC_DATAL0 >> 4); // 读取ADC0的值
 142   2      
 143   2              switch (adc_channel_status) { 
 144   3      
 145   3              case ADC_CHANNEL_STATUS_SEL_FUEL_END:
 146   3                  fuel_capacity_adc_val_samples_update(adc_val);
 147   3                  break;
 148   3      
 149   3              case ADC_CHANNEL_STATUS_SEL_BATTERY_END:
 150   3                  // TODO
 151   3                  break;
 152   3              }
 153   2          }
 154   1      
 155   1          // 退出中断设置IP，不可删除
 156   1          __IRQnIPnPop(ADC_IRQn);
 157   1      }


MODULE INFORMATION:   STATIC OVERLAYABLE
   CODE SIZE        =    235    ----
   CONSTANT SIZE    =   ----    ----
   XDATA SIZE       =      3    ----
   PDATA SIZE       =   ----    ----
   DATA SIZE        =   ----    ----
   IDATA SIZE       =   ----    ----
   BIT SIZE         =   ----    ----
END OF MODULE INFORMATION.


C51 COMPILATION COMPLETE.  0 WARNING(S),  0 ERROR(S)
