C51 COMPILER V9.60.7.0   ADC                                                               08/06/2026 18:57:07 PAGE 1   


C51 COMPILER V9.60.7.0, COMPILATION OF MODULE ADC
OBJECT MODULE PLACED IN .\Release\Objects\adc.obj
COMPILER INVOKED BY: C:\Keil_v5\C51\BIN\C51.EXE ..\..\Hardware\adc.c LARGE OPTIMIZE(9,SIZE) BROWSE ORDER INTVECTOR(0X000
                    -C) INCDIR(..\..\Libraries\Include;..\..\User;..\..\User\lib;..\..\Hardware) INTERVAL(3) DEBUG OBJECTEXTEND PRINT(.\Relea
                    -se\Listings\adc.lst) OBJECT(.\Release\Objects\adc.obj)

line level    source

   1          #include "adc.h"
   2          #include "fuel_capacity.h"
   3          
   4          #if (FUEL_CAPACITY_SCAN_ENABLE)
   5          
   6          volatile u16 adc_val; // adc值，0~4095
   7          // 控制切换adc通道的状态机：
   8          static volatile u8 adc_channel_status = ADC_CHANNEL_STATUS_NONE;
   9          
  10          // adc配置，使用adc时还需要切换到对应的引脚通道
  11          void adc_config(void)
  12          {
  13   1      #if FUEL_CAPACITY_SCAN_ENABLE
  14   1          // 检测油量的引脚：
  15   1          P0_MD0 |= GPIO_P01_MODE_SEL(0x3); // 模拟模式
  16   1      #endif
  17   1      
  18   1          // 检测光敏电阻的引脚
  19   1          P1_MD1 |= GPIO_P16_MODE_SEL(0x3); // 模拟模式
  20   1      
  21   1          ADC_CFG1 |= (0x0F << 3) | // ADC时钟分频为16分频，为系统时钟/16
  22   1                      (0x01 << 0);  // adc0中断使能
  23   1          ADC_CFG2 = 0xFF;          // 通道0采样时间配置为256个采样时钟周期
  24   1      
  25   1          ADC_ACON0 = ADC_CMP_EN(0x1) |  // 打开ADC中的CMP使能信号
  26   1                      ADC_BIAS_EN(0x1) | // 打开ADC偏置电流能使信号
  27   1                      ADC_BIAS_SEL(0x1); // 偏置电流选择：1x
  28   1      
  29   1          ADC_TRGS0 |= (0x07 << 4); // 通道 0DLY 的 ADC 时钟个数选择，配置为 4n+1，4 * 29 + 1
  30   1          ADC_CHS0 |= (0x01 << 6); // 使能 通道 0DLY 功能
  31   1          __EnableIRQ(ADC_IRQn);   // 使能ADC中断
  32   1          IE_EA = 1;               // 使能总中断
  33   1      
  34   1          // adc_channel_set(ADC_CHANNEL_FUEL);
  35   1      }
  36          
  37          // 设置adc通道
  38          void adc_channel_set(adc_channel_t adc_channel)
  39          {
  40   1          ADC_CHS0 &= ~((0x01 << 4) | (0x01 << 3) | (0x01 << 2) | (0x01 << 1) | (0x01 << 0)); // 清空选择的
             -adc0通路
  41   1      
  42   1          switch (adc_channel) {
  43   2      
  44   2      #if FUEL_CAPACITY_SCAN_ENABLE
  45   2              // 检测油量
  46   2          case ADC_CHANNEL_FUEL:
  47   2              ADC_ACON1 &= ~((0x01 << 5) |       // 关闭ADC外部参考选择信号
  48   2                             (0x07 << 0));       // 清空ADC内部参考电压的选择配置
  49   2              ADC_ACON1 |= (0x01 << 6) |         // 使能ADC内部参考信号
  50   2                           (0x03 << 3) |         // 关闭测试信号
  51   2                           (0x01 << 0);          // 内部参考电压选择 2.0 V
  52   2              ADC_CHS0 |= ADC_ANALOG_CHAN(0x01); // P01 通路
C51 COMPILER V9.60.7.0   ADC                                                               08/06/2026 18:57:07 PAGE 2   

  53   2              break;
  54   2      #endif
  55   2          }
  56   1      
  57   1          ADC_CFG0 |= ADC_CHAN0_EN(0x1) | // 使能通道0转换
  58   1                      ADC_EN(0x1);        // 使能A/D转换
  59   1          // 切换完通道后，需要等待ADC模块配置稳定，至少20us以上
  60   1      }
  61          
  62          #if 0
              // 获取adc值，存放到变量adc_val中(adc单次转换)
              u16 adc_single_convert(void)
              {
                  ADC_CFG0 |= ADC_CHAN0_TRG(0x1); // 触发ADC0转换
                  while (!(ADC_STA & ADC_CHAN0_DONE(0x1)))
                      ;                                           // 等待转换完成
                  ADC_STA = ADC_CHAN0_DONE(0x1);                  // 清除ADC0转换完成标志位
                  return ((ADC_DATAH0 << 4) | (ADC_DATAL0 >> 4)); // 读取ADC0的值
              }
              
              // adc采集+滤波
              u16 adc_getval(void)
              {
                  u16 adc_val_tmp = 0;     // 存放单次采集到的ad值
                  u32 adc_val_sum = 0;     // 存放所有采集到的ad值的累加
                  u16 get_adcmax = 0;      // 存放采集到的最大的ad值
                  u16 get_adcmin = 0xFFFF; // 存放采集到的最小的ad值(初始值为最大值)
                  u8 i = 0;
              
                  for (i = 0; i < 20; i++)
                  {
                      adc_val_tmp = adc_single_convert(); // 获取一次ad值
                      if (i < 2)
                          continue; // 丢弃前两次采样的
                      if (adc_val_tmp > get_adcmax)
                          get_adcmax = adc_val_tmp; // 更新当前采集到的最大值
                      if (adc_val_tmp < get_adcmin)
                          get_adcmin = adc_val_tmp; // 更新当前采集到的最小值
                      adc_val_sum += adc_val_tmp;
                  }
              
                  adc_val_sum -= get_adcmax;        // 去掉一个最大
                  adc_val_sum -= get_adcmin;        // 去掉一个最小
                  adc_val_tmp = (adc_val_sum >> 4); // 除以16，取平均值
              
                  return adc_val_tmp;
              }
              #endif
 101          
 102          // 由定时器调用，adc通道切换
 103          void adc_channel_switch_by_isr(void)
 104          {
 105   1          switch (adc_channel_status) {
 106   2          // case ADC_CHANNEL_STATUS_NONE:
 107   2          // case ADC_CHANNEL_STATUS_SEL_PHOTOSENSITIVE_END:
 108   2          //     adc_channel_set(ADC_CHANNEL_FUEL);
 109   2          //     adc_channel_status = ADC_CHANNEL_STATUS_SEL_FUEL_BEGIN;
 110   2          //     break;
 111   2          // case ADC_CHANNEL_STATUS_SEL_FUEL_BEGIN:
 112   2          //     ADC_CFG0 |= ADC_CHAN0_TRG(0x1); // 触发ADC0转换
 113   2          //     adc_channel_status = ADC_CHANNEL_STATUS_SEL_FUEL_END;
 114   2          //     break;
C51 COMPILER V9.60.7.0   ADC                                                               08/06/2026 18:57:07 PAGE 3   

 115   2          // case ADC_CHANNEL_STATUS_SEL_FUEL_END:
 116   2          //     adc_channel_set(ADC_CHANNEL_PHOTOSENSITIVE);
 117   2          //     adc_channel_status = ADC_CHANNEL_STATUS_SEL_PHOTOSENSITIVE_BEGIN;
 118   2          //     break;
 119   2          default:
 120   2              break;
 121   2          }
 122   1      }
 123          
 124          void ADC_IRQHandler(void) interrupt ADC_IRQn
 125          {
 126   1          u16 adc_val; // 由后续赋值
 127   1      
 128   1          // 进入中断设置IP，不可删除
 129   1          __IRQnIPnPush(ADC_IRQn);
 130   1      
 131   1          // ---------------- 用户函数处理 -------------------
 132   1          if (ADC_STA & ADC_CHAN0_DONE(0x01)) {
 133   2              ADC_STA |= ADC_CHAN0_DONE(0x01); // 清除ADC0转换完成标志位
 134   2              adc_val = (ADC_DATAH0 << 4) | (ADC_DATAL0 >> 4); // 读取ADC0的值
 135   2      
 136   2              switch (adc_channel_status) {
 137   3                  // case ADC_CHANNEL_STATUS_SEL_BATTERY_END:
 138   3                  //     bat_adc_val_samples_update(adc_val);
 139   3                  //     break;
 140   3      
 141   3              case ADC_CHANNEL_STATUS_SEL_FUEL_END:
 142   3                  fuel_capacity_adc_val_samples_update(adc_val);
 143   3                  break;
 144   3              }
 145   2          }
 146   1      
 147   1          // 退出中断设置IP，不可删除
 148   1          __IRQnIPnPop(ADC_IRQn);
 149   1      }
 150          
 151          #endif


MODULE INFORMATION:   STATIC OVERLAYABLE
   CODE SIZE        =    168    ----
   CONSTANT SIZE    =   ----    ----
   XDATA SIZE       =      3    ----
   PDATA SIZE       =   ----    ----
   DATA SIZE        =   ----    ----
   IDATA SIZE       =   ----    ----
   BIT SIZE         =   ----    ----
END OF MODULE INFORMATION.


C51 COMPILATION COMPLETE.  0 WARNING(S),  0 ERROR(S)
