C51 COMPILER V9.60.7.0   ADC                                                               08/01/2026 16:50:41 PAGE 1   


C51 COMPILER V9.60.7.0, COMPILATION OF MODULE ADC
OBJECT MODULE PLACED IN .\Release\Objects\adc.obj
COMPILER INVOKED BY: C:\Keil_v5\C51\BIN\C51.EXE ..\..\Hardware\adc.c LARGE OPTIMIZE(9,SIZE) BROWSE ORDER INTVECTOR(0X000
                    -C) INCDIR(..\..\Libraries\Include;..\..\User;..\..\User\lib;..\..\Hardware) INTERVAL(3) DEBUG OBJECTEXTEND PRINT(.\Relea
                    -se\Listings\adc.lst) OBJECT(.\Release\Objects\adc.obj)

line level    source

   1          #include "adc.h"
   2          
   3          #if (FUEL_CAPACITY_SCAN_ENABLE)
   4          
   5          volatile u16 adc_val; // adc值，0~4095
   6          // 控制切换adc通道的状态机：
   7          static volatile u8 adc_channel_status = ADC_CHANNEL_STATUS_NONE;
   8          
   9          // adc配置，使用adc时还需要切换到对应的引脚通道
  10          void adc_config(void)
  11          {
  12   1      #if FUEL_CAPACITY_SCAN_ENABLE
  13   1          // 检测油量的引脚：
  14   1          P0_MD0 |= GPIO_P01_MODE_SEL(0x3); // 模拟模式
  15   1      #endif
  16   1      
  17   1          // 检测光敏电阻的引脚
  18   1          P1_MD1 |= GPIO_P16_MODE_SEL(0x3); // 模拟模式
  19   1      
  20   1          ADC_CFG1 |= (0x0F << 3) | // ADC时钟分频为16分频，为系统时钟/16
  21   1                      (0x01 << 0);  // adc0中断使能
  22   1          ADC_CFG2 = 0xFF;          // 通道0采样时间配置为256个采样时钟周期
  23   1      
  24   1          ADC_ACON0 = ADC_CMP_EN(0x1) |  // 打开ADC中的CMP使能信号
  25   1                      ADC_BIAS_EN(0x1) | // 打开ADC偏置电流能使信号
  26   1                      ADC_BIAS_SEL(0x1); // 偏置电流选择：1x
  27   1      
  28   1          ADC_TRGS0 |= (0x07 << 4); // 通道 0DLY 的 ADC 时钟个数选择，配置为 4n+1，4 * 29 + 1
  29   1          ADC_CHS0 |= (0x01 << 6);  // 使能 通道 0DLY 功能
  30   1          __EnableIRQ(ADC_IRQn);    // 使能ADC中断
  31   1          IE_EA = 1;                // 使能总中断
  32   1      
  33   1          // adc_channel_set(ADC_CHANNEL_FUEL);
  34   1      }
  35          
  36          // 设置adc通道
  37          void adc_channel_set(adc_channel_t adc_channel)
  38          {
  39   1          ADC_CHS0 &= ~((0x01 << 4) |
  40   1                        (0x01 << 3) |
  41   1                        (0x01 << 2) |
  42   1                        (0x01 << 1) |
  43   1                        (0x01 << 0)); // 清空选择的adc0通路
  44   1      
  45   1          switch (adc_channel)
  46   1          {
  47   2      
  48   2      #if FUEL_CAPACITY_SCAN_ENABLE
  49   2              // 检测油量
  50   2          case ADC_CHANNEL_FUEL:
  51   2              ADC_ACON1 &= ~((0x01 << 5) |       // 关闭ADC外部参考选择信号
  52   2                             (0x07 << 0));       // 清空ADC内部参考电压的选择配置
  53   2              ADC_ACON1 |= (0x01 << 6) |         // 使能ADC内部参考信号
C51 COMPILER V9.60.7.0   ADC                                                               08/01/2026 16:50:41 PAGE 2   

  54   2                           (0x03 << 3) |         // 关闭测试信号
  55   2                           (0x01 << 0);          // 内部参考电压选择 2.0 V
  56   2              ADC_CHS0 |= ADC_ANALOG_CHAN(0x01); // P01 通路
  57   2              break;
  58   2      #endif
  59   2      
  60   2          case ADC_CHANNEL_PHOTOSENSITIVE:
  61   2              ADC_ACON1 &= ~((0x01 << 5) |       // 关闭ADC外部参考选择信号
  62   2                             (0x07 << 0));       // 清空ADC内部参考电压的选择配置
  63   2              ADC_ACON1 |= (0x01 << 6) |         // 使能ADC内部参考信号
  64   2                           (0x03 << 3) |         // 关闭测试信号
  65   2                           (0x03 << 0);          // 内部参考电压选择 3.0 V
  66   2              ADC_CHS0 |= ADC_ANALOG_CHAN(0x0E); // P16 通路
  67   2              break;
  68   2          }
  69   1      
  70   1          ADC_CFG0 |= ADC_CHAN0_EN(0x1) | // 使能通道0转换
  71   1                      ADC_EN(0x1);        // 使能A/D转换
  72   1          // 切换完通道后，需要等待ADC模块配置稳定，至少20us以上
  73   1      }
  74          
  75          #if 0
              // 获取adc值，存放到变量adc_val中(adc单次转换)
              u16 adc_single_convert(void)
              {
                  ADC_CFG0 |= ADC_CHAN0_TRG(0x1); // 触发ADC0转换
                  while (!(ADC_STA & ADC_CHAN0_DONE(0x1)))
                      ;                                           // 等待转换完成
                  ADC_STA = ADC_CHAN0_DONE(0x1);                  // 清除ADC0转换完成标志位
                  return ((ADC_DATAH0 << 4) | (ADC_DATAL0 >> 4)); // 读取ADC0的值
              }
              
              // adc采集+滤波
              u16 adc_getval(void)
              {
                  u16 adc_val_tmp = 0;     // 存放单次采集到的ad值
                  u32 adc_val_sum = 0;     // 存放所有采集到的ad值的累加
                  u16 get_adcmax = 0;      // 存放采集到的最大的ad值
                  u16 get_adcmin = 0xFFFF; // 存放采集到的最小的ad值(初始值为最大值)
                  u8 i = 0;
              
                  for (i = 0; i < 20; i++)
                  {
                      adc_val_tmp = adc_single_convert(); // 获取一次ad值
                      if (i < 2)
                          continue; // 丢弃前两次采样的
                      if (adc_val_tmp > get_adcmax)
                          get_adcmax = adc_val_tmp; // 更新当前采集到的最大值
                      if (adc_val_tmp < get_adcmin)
                          get_adcmin = adc_val_tmp; // 更新当前采集到的最小值
                      adc_val_sum += adc_val_tmp;
                  }
              
                  adc_val_sum -= get_adcmax;        // 去掉一个最大
                  adc_val_sum -= get_adcmin;        // 去掉一个最小
                  adc_val_tmp = (adc_val_sum >> 4); // 除以16，取平均值
              
                  return adc_val_tmp;
              }
              #endif
 114          
 115          // 由定时器调用，adc通道切换
C51 COMPILER V9.60.7.0   ADC                                                               08/01/2026 16:50:41 PAGE 3   

 116          void adc_channel_switch_by_isr(void)
 117          {
 118   1          switch (adc_channel_status)
 119   1          {
 120   2          case ADC_CHANNEL_STATUS_NONE:
 121   2          case ADC_CHANNEL_STATUS_SEL_PHOTOSENSITIVE_END:
 122   2              adc_channel_set(ADC_CHANNEL_FUEL);
 123   2              adc_channel_status = ADC_CHANNEL_STATUS_SEL_FUEL_BEGIN;
 124   2              break;
 125   2          case ADC_CHANNEL_STATUS_SEL_FUEL_BEGIN:
 126   2              ADC_CFG0 |= ADC_CHAN0_TRG(0x1); // 触发ADC0转换
 127   2              adc_channel_status = ADC_CHANNEL_STATUS_SEL_FUEL_END;
 128   2              break;
 129   2          case ADC_CHANNEL_STATUS_SEL_FUEL_END:
 130   2              adc_channel_set(ADC_CHANNEL_PHOTOSENSITIVE);
 131   2              adc_channel_status = ADC_CHANNEL_STATUS_SEL_PHOTOSENSITIVE_BEGIN;
 132   2              break;
 133   2          case ADC_CHANNEL_STATUS_SEL_PHOTOSENSITIVE_BEGIN:
 134   2              ADC_CFG0 |= ADC_CHAN0_TRG(0x1); // 触发ADC0转换
 135   2              adc_channel_status = ADC_CHANNEL_STATUS_SEL_PHOTOSENSITIVE_END;
 136   2              break;
 137   2          default:
 138   2              break;
 139   2          }
 140   1      }
 141          
 142          void ADC_IRQHandler(void) interrupt ADC_IRQn
 143          {
 144   1          u16 adc_val; // 由后续赋值
 145   1      
 146   1          // 进入中断设置IP，不可删除
 147   1          __IRQnIPnPush(ADC_IRQn);
 148   1      
 149   1          // ---------------- 用户函数处理 -------------------
 150   1          if (ADC_STA & ADC_CHAN0_DONE(0x01))
 151   1          {
 152   2              ADC_STA |= ADC_CHAN0_DONE(0x01);                 // 清除ADC0转换完成标志位
 153   2              adc_val = (ADC_DATAH0 << 4) | (ADC_DATAL0 >> 4); // 读取ADC0的值
 154   2      
 155   2              switch (adc_channel_status)
 156   2              {
 157   3                  // case ADC_CHANNEL_STATUS_SEL_BATTERY_END:
 158   3                  //     bat_adc_val_samples_update(adc_val);
 159   3                  //     break;
 160   3      
 161   3              case ADC_CHANNEL_STATUS_SEL_FUEL_END:
 162   3                  fuel_capacity_adc_val_samples_update(adc_val);
 163   3                  break;
 164   3      
 165   3              case ADC_CHANNEL_STATUS_SEL_PHOTOSENSITIVE_END:
 166   3                  photosensitive_data_put(adc_val);
 167   3                  break;
 168   3              }
 169   2          }
 170   1      
 171   1          // 退出中断设置IP，不可删除
 172   1          __IRQnIPnPop(ADC_IRQn);
 173   1      }
 174          
 175          #endif


C51 COMPILER V9.60.7.0   ADC                                                               08/01/2026 16:50:41 PAGE 4   

MODULE INFORMATION:   STATIC OVERLAYABLE
   CODE SIZE        =    283    ----
   CONSTANT SIZE    =   ----    ----
   XDATA SIZE       =      3       2
   PDATA SIZE       =   ----    ----
   DATA SIZE        =   ----    ----
   IDATA SIZE       =   ----    ----
   BIT SIZE         =   ----    ----
END OF MODULE INFORMATION.


C51 COMPILATION COMPLETE.  0 WARNING(S),  0 ERROR(S)
