C51 COMPILER V9.60.7.0   AIP3368                                                           08/13/2026 11:19:06 PAGE 1   


C51 COMPILER V9.60.7.0, COMPILATION OF MODULE AIP3368
OBJECT MODULE PLACED IN .\Release\Objects\aip3368.obj
COMPILER INVOKED BY: C:\Keil_v5\C51\BIN\C51.EXE ..\..\Hardware\aip3368.c LARGE OPTIMIZE(9,SIZE) BROWSE ORDER INTVECTOR(0
                    -X000C) INCDIR(..\..\Libraries\Include;..\..\User;..\..\User\lib;..\..\Hardware) INTERVAL(3) DEBUG OBJECTEXTEND PRINT(.\R
                    -elease\Listings\aip3368.lst) OBJECT(.\Release\Objects\aip3368.obj)

line level    source

   1          #include "aip3368.h"
   2          
   3          #include <string.h> // memset
   4          #include "include.h"
   5          
   6          #include "user_config.h" // USER_DEBUG_ENABLE
   7          
   8          #if 1 // AIP3368H_MODULE
   9          
  10          static volatile u16 aip3368h_refresh_cnt = 0;
  11          
  12          // 时速面板对应的显存
  13          volatile u16 aip3368h_speed_panel_display_buff[AIP3368H_SPEED_PANEL_IC_NUM] = {0};
  14          
  15          // 发动机转速面板对应的显存
  16          volatile u16 aip3368h_engine_speed_panel_display_buff[AIP3368H_ENGINE_SPEED_PANEL_IC_NUM] = {0};
  17          
  18          // 放在1ms的定时器中
  19          void aip3368h_refresh_time_add(void)
  20          {
  21   1          // 防止计数溢出
  22   1          if (aip3368h_refresh_cnt < ((u16)-1))
  23   1          {
  24   2              aip3368h_refresh_cnt++;
  25   2          }
  26   1      }
  27          
  28          #if 0
              /**
               * @brief 将数据发送给芯片
               *      由于两组级联的芯片共用时钟线，这里要将两组芯片的数据一起发送
               *
               */
              static void aip3368h_module_send_data_to_one_dev(u16 dat_group_1, u16 dat_group_2)
              {
                  volatile u16 i;
                  // PDM = 1;
              
                  for (i = 0; i < 16; i++)
                  {
                      DIO_GROUP_1 = dat_group_1 & (u16)0x8000 ? 1 : 0;
                      DIO_GROUP_2 = dat_group_2 & (u16)0x8000 ? 1 : 0;
              
                      aip3368h_delay();
                      DCK = 1;
                      aip3368h_delay();
                      dat_group_1 <<= 1;
                      dat_group_2 <<= 1;
                      DCK = 0;
                      aip3368h_delay();
                  }
                  // PDM = 0;
              }
C51 COMPILER V9.60.7.0   AIP3368                                                           08/13/2026 11:19:06 PAGE 2   

              #endif
  55          
  56          static void aip3368h_module_send_data_to_all_dev(
  57              const u16 *buff_group_1,
  58              const u8 len_group_1,
  59              const u16 *buff_group_2,
  60              const u8 len_group_2)
  61          {
  62   1          volatile u8 i;
  63   1          volatile u8 j;
  64   1          volatile u16 dat_group_1;
  65   1          volatile u16 dat_group_2;
  66   1      
  67   1          /*
  68   1              两组级联（时速面板 6 颗、发动机转速面板 8 颗）共用 DCK 和 LAT，
  69   1              因此一帧的时钟数必须等于最大的级联数（AIP3368_MAX_IC_NUM = 8 个字）。
  70   1      
  71   1              移位寄存器型级联：先发的数据会填充到最远端的芯片，
  72   1              发多了的字会从级联链末端移出而丢失（不是“截取前一段再转发”）。
  73   1              所以级联数较少的一组，数据必须从帧的“末尾”开始发送：
  74   1              字偏移 offset = AIP3368_MAX_IC_NUM - 本组级联数。
  75   1              时速面板 offset = 8 - 6 = 2，其 6 个字占帧的第 2~7 个位置，
  76   1              恰好落在 6 颗芯片上，前面 2 个字补 0（被移出丢失，无影响）。
  77   1              发动机转速面板 offset = 0，8 个字正好占满整帧。
  78   1          */
  79   1          volatile u8 offset_group_1 = AIP3368_MAX_IC_NUM - len_group_1;
  80   1          volatile u8 offset_group_2 = AIP3368_MAX_IC_NUM - len_group_2;
  81   1      
  82   1          // 开始
  83   1          DCK = 0;
  84   1          LAT = 0;
  85   1          aip3368h_delay();
  86   1      
  87   1          // 一帧完整数据
  88   1          for (i = 0; i < AIP3368_MAX_IC_NUM; i++)
  89   1          {
  90   2              // 本组数据在帧中的位置：i < offset 的部分补 0（会被移出级联链）
  91   2              dat_group_1 = 0;
  92   2              dat_group_2 = 0;
  93   2      
  94   2              if (i >= offset_group_1)
  95   2              {
  96   3                  dat_group_1 = buff_group_1[i - offset_group_1];
  97   3              }
  98   2      
  99   2              if (i >= offset_group_2)
 100   2              {
 101   3                  dat_group_2 = buff_group_2[i - offset_group_2];
 102   3              }
 103   2      
 104   2              for (j = 0; j < 16; j++)
 105   2              {
 106   3                  DIO_GROUP_1 = dat_group_1 & (u16)0x8000 ? 1 : 0;
 107   3                  DIO_GROUP_2 = dat_group_2 & (u16)0x8000 ? 1 : 0;
 108   3      
 109   3                  aip3368h_delay();
 110   3                  DCK = 1;
 111   3                  aip3368h_delay();
 112   3      
 113   3                  dat_group_1 <<= 1;
 114   3                  dat_group_2 <<= 1;
 115   3      
C51 COMPILER V9.60.7.0   AIP3368                                                           08/13/2026 11:19:06 PAGE 3   

 116   3                  DCK = 0;
 117   3                  aip3368h_delay();
 118   3              }
 119   2          }
 120   1      
 121   1          // 结束
 122   1          LAT = 1;
 123   1          aip3368h_delay();
 124   1          LAT = 0;
 125   1          aip3368h_delay();
 126   1          DIO_GROUP_1 = 0;
 127   1          DIO_GROUP_2 = 0;
 128   1      }
 129          
 130          #define AIP3368H_FLASH_TEST_ENABLE 0
 131          
 132          // 根据显存中的数据，更新显示
 133          void aip3368h_module_display(void)
 134          {
 135   1          // 刷新间隔 单位：ms
 136   1          if (aip3368h_refresh_cnt < 25)
 137   1          // if (aip3368h_refresh_cnt < 500)
 138   1          {
 139   2              return;
 140   2          }
 141   1          else
 142   1          {
 143   2              aip3368h_refresh_cnt = 0;
 144   2          }
 145   1      
 146   1      #if USER_DEBUG_ENABLE
 147   1      // printf("aip3368h_module_display\n");
 148   1      #endif
 149   1      
 150   1      #if AIP3368H_FLASH_TEST_ENABLE
              
                  // printf("aip3368h_speed_panel_display_buff[0] == 0x%04x\n",
                  //        aip3368h_speed_panel_display_buff[0]);
              
                  // 闪烁测试
                  if (aip3368h_speed_panel_display_buff[0] == (u16)0x0000)
                  {
                      memset(aip3368h_speed_panel_display_buff, 0xFF, sizeof(aip3368h_speed_panel_display_buff));
                      memset(aip3368h_engine_speed_panel_display_buff, 0xFF, sizeof(aip3368h_engine_speed_panel_display_
             -buff));
                  }
                  else
                  {
                      memset(aip3368h_speed_panel_display_buff, 0x00, sizeof(aip3368h_speed_panel_display_buff));
                      memset(aip3368h_engine_speed_panel_display_buff, 0x00, sizeof(aip3368h_engine_speed_panel_display_
             -buff));
                  }
              
              #endif
 168   1      
 169   1          aip3368h_module_send_data_to_all_dev(
 170   1              aip3368h_speed_panel_display_buff, AIP3368H_SPEED_PANEL_IC_NUM,
 171   1              aip3368h_engine_speed_panel_display_buff, AIP3368H_ENGINE_SPEED_PANEL_IC_NUM);
 172   1      }
 173          
 174          void aip3368h_module_init(void)
 175          {
C51 COMPILER V9.60.7.0   AIP3368                                                           08/13/2026 11:19:06 PAGE 4   

 176   1          // 显示驱动芯片有记忆功能（数据锁存），每次上电应该清空显存
 177   1          memset(aip3368h_speed_panel_display_buff, 0x00, sizeof(aip3368h_speed_panel_display_buff));
 178   1          memset(aip3368h_engine_speed_panel_display_buff, 0x00, sizeof(aip3368h_engine_speed_panel_display_buff
             -));
 179   1      
 180   1          // DCK
 181   1          P1_MD0 &= ~GPIO_P11_MODE_SEL(0x03);
 182   1          P1_MD0 |= GPIO_P11_MODE_SEL(0x01);
 183   1          FOUT_S11 = GPIO_FOUT_AF_FUNC;
 184   1          // DIO
 185   1          P0_MD0 &= ~GPIO_P03_MODE_SEL(0x03);
 186   1          P0_MD0 |= GPIO_P03_MODE_SEL(0x01);
 187   1          FOUT_S03 = GPIO_FOUT_AF_FUNC;
 188   1      
 189   1          P1_MD1 &= ~GPIO_P15_MODE_SEL(0x03);
 190   1          P1_MD1 |= GPIO_P15_MODE_SEL(0x01);
 191   1          FOUT_S15 = GPIO_FOUT_AF_FUNC;
 192   1          // LAT
 193   1          P1_MD0 &= ~GPIO_P12_MODE_SEL(0x03);
 194   1          P1_MD0 |= GPIO_P12_MODE_SEL(0x01);
 195   1          FOUT_S12 = GPIO_FOUT_AF_FUNC;
 196   1          // PDM
 197   1          // PDM 改成 PWM 驱动
 198   1          P1_MD1 &= ~GPIO_P16_MODE_SEL(0x03);
 199   1          P1_MD1 |= GPIO_P16_MODE_SEL(0x01);
 200   1          FOUT_S16 = GPIO_FOUT_STMR0_PWMOUT; // 选择stmr0_pwmout
 201   1      
 202   1      #define STMR0_PEROID_VAL (SYSCLK / 1 / 1000 - 1) // 周期值=系统时钟/分频/频率 - 1
 203   1          // STIMER0配置1kHz PWM
 204   1          STMR0_PSC = STMR_PRESCALE_VAL(0x00);                        // 不分频
 205   1          STMR0_PRH = STMR_PRD_VAL_H((STMR0_PEROID_VAL >> 8) & 0xFF); // 周期高八位寄存器
 206   1          STMR0_PRL = STMR_PRD_VAL_L((STMR0_PEROID_VAL >> 0) & 0xFF); // 周期低八位寄存器
 207   1          STMR0_CMPAH = STMR_CMPA_VAL_H(((0) >> 8) & 0xFF);           // 比较值
 208   1          STMR0_CMPAL = STMR_CMPA_VAL_L(((0) >> 0) & 0xFF);           // 比较值
 209   1      
 210   1          STMR_PWMVALA = STMR_0_PWMVALA(0x00); // PWM输出值
 211   1          STMR_PWMEN |= STMR_0_PWM_EN(0x1);    // PWM输出使能
 212   1          STMR_CNTMD |= STMR_0_CNT_MODE(0x1);  // 选择连续计数模式
 213   1          STMR_LOADEN |= STMR_0_LOAD_EN(0x1);  // 自动装载使能
 214   1          STMR_CNTCLR |= STMR_0_CNT_CLR(0x1);  // 计数清零
 215   1          STMR_CNTEN |= STMR_0_CNT_EN(0x1);    // 计数使能
 216   1      
 217   1          DIO_GROUP_1 = 0;
 218   1          DIO_GROUP_2 = 0;
 219   1          DCK = 0;
 220   1          LAT = 0;
 221   1          // PDM = 0; // 由上电稳定之后设置亮度
 222   1          aip3368h_module_send_data_to_all_dev(
 223   1              aip3368h_speed_panel_display_buff, AIP3368H_SPEED_PANEL_IC_NUM,
 224   1              aip3368h_engine_speed_panel_display_buff, AIP3368H_SPEED_PANEL_IC_NUM);
 225   1      
 226   1          // TEST ONLY 样机使用最高亮度，实际使用时根据需要调整
 227   1          aip3368h_module_set_brightness(30);
 228   1      }
 229          
 230          /**
 231           * @brief 设置显示的亮度
 232           *
 233           * @param brightness 亮度值 0 ~ 100
 234           *          数值越大，亮度越高
 235           *
 236           */
C51 COMPILER V9.60.7.0   AIP3368                                                           08/13/2026 11:19:06 PAGE 5   

 237          void aip3368h_module_set_brightness(u8 brightness)
 238          {
 239   1          // PDM脚是低电平使能，因此占空比越低，亮度越高
 240   1          u16 channel_duty = (u32)(100 - brightness) * STMR0_PEROID_VAL / 100;
 241   1      
 242   1          STMR0_CMPAH = STMR_CMPA_VAL_H(((channel_duty) >> 8) & 0xFF); // 比较值
 243   1          STMR0_CMPAL = STMR_CMPA_VAL_L(((channel_duty) >> 0) & 0xFF); // 比较值
 244   1          STMR_LOADEN |= STMR_0_LOAD_EN(0x1);                          // 自动装载使能
 245   1      }
 246          
 247          // void aip3368h_module_uninit(void)
 248          // {
 249          //     aip3368h_module_clear();    // 清屏
 250          //     DIO = 0;
 251          //     DCK = 0;
 252          //     LAT = 0;
 253          // }
 254          
 255          #endif


MODULE INFORMATION:   STATIC OVERLAYABLE
   CODE SIZE        =    536    ----
   CONSTANT SIZE    =   ----    ----
   XDATA SIZE       =     30      16
   PDATA SIZE       =   ----    ----
   DATA SIZE        =   ----    ----
   IDATA SIZE       =   ----    ----
   BIT SIZE         =   ----    ----
END OF MODULE INFORMATION.


C51 COMPILATION COMPLETE.  0 WARNING(S),  0 ERROR(S)
