C51 COMPILER V9.60.7.0   BEEP                                                              07/31/2026 17:12:00 PAGE 1   


C51 COMPILER V9.60.7.0, COMPILATION OF MODULE BEEP
OBJECT MODULE PLACED IN .\Release\Objects\beep.obj
COMPILER INVOKED BY: C:\Keil_v5\C51\BIN\C51.EXE ..\..\Hardware\beep.c LARGE OPTIMIZE(9,SIZE) BROWSE ORDER INTVECTOR(0X00
                    -0C) INCDIR(..\..\Libraries\Include;..\..\User;..\..\User\lib;..\..\Hardware) INTERVAL(3) DEBUG OBJECTEXTEND PRINT(.\Rele
                    -ase\Listings\beep.lst) OBJECT(.\Release\Objects\beep.obj)

line level    source

   1          #include "beep.h"
   2          #include "include.h"
   3          
   4          #if 0
              
              static volatile u8 beep_time_cnt = 0;
              static volatile u8 is_beep_enable = 0;
              
              void beep_init(void)
              {
                      // 蜂鸣器（高电平驱动）
                      P2_MD1 &= ~GPIO_P24_MODE_SEL(0x03);
                      P2_MD1 |= GPIO_P24_MODE_SEL(0x01); // 输出模式
                      FOUT_S24 = GPIO_FOUT_AF_FUNC;
                      P24 = 0;
              }
              
              /**
               * @brief 让蜂鸣器鸣叫一声，到时间后停止
               *
               */
              void beep_play(u8 beep_time)
              {
                      is_beep_enable = 0;
                      beep_time_cnt = beep_time;
                      is_beep_enable = 1;
              }
              
              void beep_handle_1ms_isr(void)
              {
                      if (is_beep_enable)
                      {
                              if (beep_time_cnt)
                              {
                                      beep_time_cnt--;
                                      BEEP_ON();
                              }
                              else
                              {
                                      BEEP_OFF();
                                      is_beep_enable = 0;
                              }
                      }
                      else
                      {
                              BEEP_OFF();
                              beep_time_cnt = 0;
                      }
              }
              
              #endif
  52          

C51 COMPILER V9.60.7.0   BEEP                                                              07/31/2026 17:12:00 PAGE 2   


MODULE INFORMATION:   STATIC OVERLAYABLE
   CODE SIZE        =   ----    ----
   CONSTANT SIZE    =   ----    ----
   XDATA SIZE       =   ----    ----
   PDATA SIZE       =   ----    ----
   DATA SIZE        =   ----    ----
   IDATA SIZE       =   ----    ----
   BIT SIZE         =   ----    ----
END OF MODULE INFORMATION.


C51 COMPILATION COMPLETE.  0 WARNING(S),  0 ERROR(S)
