C51 COMPILER V9.60.7.0   BOOT_ANIMATION                                                    08/05/2026 18:00:04 PAGE 1   


C51 COMPILER V9.60.7.0, COMPILATION OF MODULE BOOT_ANIMATION
OBJECT MODULE PLACED IN .\Release\Objects\boot_animation.obj
COMPILER INVOKED BY: C:\Keil_v5\C51\BIN\C51.EXE ..\..\User\boot_animation.c LARGE OPTIMIZE(9,SIZE) BROWSE ORDER INTVECTO
                    -R(0X000C) INCDIR(..\..\Libraries\Include;..\..\User;..\..\User\lib;..\..\Hardware) INTERVAL(3) DEBUG OBJECTEXTEND PRINT(
                    -.\Release\Listings\boot_animation.lst) OBJECT(.\Release\Objects\boot_animation.obj)

line level    source

   1          #include "boot_animation.h"
   2          #include "aip3368h_display.h"
   3          #include "include.h"
   4          #include "string.h" // memset
   5          
   6          volatile boot_animation_param_t boot_animation_param;
   7          
   8          void boot_animation_time_base_add_1ms_isr(void)
   9          {
  10   1          if (0 == boot_animation_param.is_in_boot_animation) {
  11   2              return;
  12   2          }
  13   1      
  14   1          boot_animation_param.time_base_cnt += 1;
  15   1      }
  16          
  17          void __boot_animation_phase_0__(void)
  18          {
  19   1      // 控制动画的时间间隔
  20   1      #define BOOT_ANIMATION_PAHSE_0_PERIOD_OF_SPEED_SPLIT_LINE_LIGHT                \
  21   1          ((u16)1000 / (8 * 3))
  22   1      // 发动机转速刻度条对应的动画时间间隔
  23   1      #define BOOT_ANIMATION_PHASE_0_PERIOD_OF_ENGINE_SPEED_SCALE_BAR                \
  24   1          ((u16)1000 / (18 * 3))
  25   1      
  26   1          // static u8 is_initialized = 0;
  27   1          static volatile u8 dir = 0; // 动画方向
  28   1      
  29   1          static volatile u8 idx_of_speed_split_line_light = 0;
  30   1          static volatile u8 idx_of_engine_speed_scale_bar = 0;
  31   1      
  32   1          static volatile u8 step_of_speed_split_line_light = 0; // 当前xx的动画步骤
  33   1          static volatile u8 step_of_engine_speed_scale_bar = 0; // 当前xx的动画步骤
  34   1      
  35   1          if (boot_animation_param.animation_phase != BOOT_ANIMATION_PAHSE_0) {
  36   2              return;
  37   2          }
  38   1      
  39   1          // if (!is_initialized) {
  40   1          //     is_initialized = 1;
  41   1          //     // step = BOOT_ANIMATION_PAHSE_0_PERIOD;
  42   1          // }
  43   1      
  44   1          step_of_speed_split_line_light++;
  45   1          if (step_of_speed_split_line_light >= BOOT_ANIMATION_PAHSE_0_PERIOD_OF_SPEED_SPLIT_LINE_LIGHT) {
  46   2              step_of_speed_split_line_light = 0;
  47   2              if (0 == dir) {
  48   3                  // 时速面板上的分割线，7个灯组成流水，不堆积
  49   3      
  50   3                  if (idx_of_speed_split_line_light < 8) {
  51   4                      __aip3368h_display_speed_split_line_light__(idx_of_speed_split_line_light, 1);
  52   4                  } else {
  53   4                      __aip3368h_display_speed_split_line_light__(idx_of_speed_split_line_light - 8, 0);
C51 COMPILER V9.60.7.0   BOOT_ANIMATION                                                    08/05/2026 18:00:04 PAGE 2   

  54   4                  }
  55   3      
  56   3                  idx_of_speed_split_line_light++;
  57   3                  if (idx_of_speed_split_line_light >= 8 * 2) {
  58   4                      dir = 1;
  59   4                  }
  60   3              } else {
  61   3                  if (idx_of_speed_split_line_light >= 8) {
  62   4                      __aip3368h_display_speed_split_line_light__(idx_of_speed_split_line_light - 8, 1);
  63   4                  } else {
  64   4                      __aip3368h_display_speed_split_line_light__(idx_of_speed_split_line_light, 0);
  65   4                  }
  66   3      
  67   3                  idx_of_speed_split_line_light--;
  68   3                  if (idx_of_speed_split_line_light == 0) {
  69   4                      boot_animation_param.animation_phase = BOOT_ANIMATION_PAHSE_END;
  70   4                  }
  71   3              }
  72   2          }
  73   1      
  74   1          step_of_engine_speed_scale_bar++;
  75   1          if (step_of_engine_speed_scale_bar >= BOOT_ANIMATION_PHASE_0_PERIOD_OF_ENGINE_SPEED_SCALE_BAR) {
  76   2              step_of_engine_speed_scale_bar = 0;
  77   2              if (0 == dir) {
  78   3                  //
  79   3                  if (idx_of_engine_speed_scale_bar < 18) {
  80   4                      __aip3368h_display_engine_speed_scale_bar__(idx_of_engine_speed_scale_bar, 1);
  81   4                  } else {
  82   4                      __aip3368h_display_engine_speed_scale_bar__(idx_of_engine_speed_scale_bar - 18, 0);
  83   4                  }
  84   3      
  85   3                  idx_of_engine_speed_scale_bar++;
  86   3                  // if (idx_of_engine_speed_scale_bar >= 18 * 2) {
  87   3                  //     boot_animation_param.animation_phase = BOOT_ANIMATION_PAHSE_END;
  88   3                  // }
  89   3      
  90   3              } else {
  91   3              }
  92   2          }
  93   1      }
  94          
  95          void __boot_animation_phase_1__(void)
  96          {
  97   1      }
  98          
  99          void boot_animation_process(void)
 100          {
 101   1          memset(&boot_animation_param, 0x00, sizeof(boot_animation_param_t));
 102   1          boot_animation_param.is_in_boot_animation = 1;
 103   1      
 104   1          while (boot_animation_param.is_in_boot_animation) {
 105   2              WDT_KEY = WDT_KEY_VAL(0xAA); // 喂狗并清除 wdt_pending
 106   2      
 107   2              if (boot_animation_param.time_base_cnt < 1) {
 108   3                  // 时间未到来
 109   3                  continue;
 110   3              } else {
 111   3                  boot_animation_param.time_base_cnt = 0;
 112   3              }
 113   2      
 114   2              // TODO
 115   2              __boot_animation_phase_0__();
C51 COMPILER V9.60.7.0   BOOT_ANIMATION                                                    08/05/2026 18:00:04 PAGE 3   

 116   2      
 117   2              aip3368h_module_display(); // 更新显示
*** WARNING C206 IN LINE 117 OF ..\..\User\boot_animation.c: 'aip3368h_module_display': missing function-prototype
 118   2          }
 119   1      }


MODULE INFORMATION:   STATIC OVERLAYABLE
   CODE SIZE        =    228    ----
   CONSTANT SIZE    =   ----    ----
   XDATA SIZE       =     12    ----
   PDATA SIZE       =   ----    ----
   DATA SIZE        =   ----    ----
   IDATA SIZE       =   ----    ----
   BIT SIZE         =   ----    ----
END OF MODULE INFORMATION.


C51 COMPILATION COMPLETE.  1 WARNING(S),  0 ERROR(S)
