C51 COMPILER V9.60.7.0   INSTRUMENT                                                        08/01/2026 16:50:43 PAGE 1   


C51 COMPILER V9.60.7.0, COMPILATION OF MODULE INSTRUMENT
OBJECT MODULE PLACED IN .\Release\Objects\instrument.obj
COMPILER INVOKED BY: C:\Keil_v5\C51\BIN\C51.EXE ..\..\User\instrument.c LARGE OPTIMIZE(9,SIZE) BROWSE ORDER INTVECTOR(0X
                    -000C) INCDIR(..\..\Libraries\Include;..\..\User;..\..\User\lib;..\..\Hardware) INTERVAL(3) DEBUG OBJECTEXTEND PRINT(.\Re
                    -lease\Listings\instrument.lst) OBJECT(.\Release\Objects\instrument.obj)

line level    source

   1          #include <string.h> // memset()
   2          
   3          #include "instrument.h"
   4          #include "user_config.h"
   5          
   6          volatile instrument_t instrument = {0};
   7          
   8          void instrument_info_init(void)
   9          {
  10   1          save_info_t save_info;
  11   1          // 从flash中读出数据
  12   1          flash_read(FLASH_START_ADDR,
  13   1                     (u8 *)&save_info,
  14   1                     sizeof(save_info_t));
  15   1          if (USER_FLASH_DATA_VALID_VAL == save_info.is_save_data_valid)
  16   1          {
  17   2              // 如果保存在flash中的数据有效
  18   2      #if USER_DEBUG_ENABLE
  19   2          // printf("save data valid\n");
  20   2      #endif
  21   2      
  22   2              // instrument.save_info.total_mileage = save_info.total_mileage;
  23   2              // instrument.save_info.subtotal_mileage = save_info.subtotal_mileage;
  24   2              // instrument.save_info.is_display_total_mileage = save_info.is_display_total_mileage;
  25   2      
  26   2              memcpy(&instrument.save_info, &save_info, sizeof(save_info_t));
  27   2          }
  28   1          else
  29   1          {
  30   2              // 如果保存在flash中的数据无效，全局变量 instrument 中的元素 默认全部为0
  31   2      #if USER_DEBUG_ENABLE
  32   2          // printf("save data invalid\n");
  33   2      #endif
  34   2      
  35   2              instrument.save_info.is_display_total_mileage = 1;                   // 默认显示大计里程
  36   2              instrument.save_info.is_save_data_valid = USER_FLASH_DATA_VALID_VAL; // 表示数据有效
  37   2              instrument.save_info.distance_unit_type = DISTANCE_UNIT_TYPE_METRIC; // 默认使用公制单位
  38   2              // instrument.save_info.distance_unit_type = DISTANCE_UNIT_TYPE_IMPERIAL;
  39   2              // 默认车轮周长 105 * 10 mm
  40   2              instrument.save_info.whell_circumference = 105;
  41   2      
  42   2              instrument_info_save(); // 将数据写回flash
  43   2          }
  44   1      }
  45          
  46          void instrument_info_save(void)
  47          {
  48   1      #if USE_INTERNAL_FLASH_SAVE_DATA
  49   1      
  50   1          instrument.save_info.is_save_data_valid = USER_FLASH_DATA_VALID_VAL; // 表示数据有效，让下一
             -次上电读出数据时，验证该标志位
  51   1          // 先擦除扇区再写入
  52   1          flash_erase_sector(FLASH_START_ADDR);
C51 COMPILER V9.60.7.0   INSTRUMENT                                                        08/01/2026 16:50:43 PAGE 2   

  53   1          flash_program(FLASH_START_ADDR,
  54   1                        (u8 *)&instrument.save_info,
  55   1                        sizeof(save_info_t));
  56   1      
  57   1      #if USER_DEBUG_ENABLE
  58   1          // printf("instrument info save\n");
  59   1      #endif
  60   1      
  61   1      #endif
  62   1      }


MODULE INFORMATION:   STATIC OVERLAYABLE
   CODE SIZE        =     96    ----
   CONSTANT SIZE    =   ----    ----
   XDATA SIZE       =     21      12
   PDATA SIZE       =   ----    ----
   DATA SIZE        =   ----    ----
   IDATA SIZE       =   ----    ----
   BIT SIZE         =   ----    ----
END OF MODULE INFORMATION.


C51 COMPILATION COMPLETE.  0 WARNING(S),  0 ERROR(S)
