C51 COMPILER V9.60.7.0   IO_KEY                                                            08/13/2026 17:54:52 PAGE 1   


C51 COMPILER V9.60.7.0, COMPILATION OF MODULE IO_KEY
OBJECT MODULE PLACED IN .\Release\Objects\io_key.obj
COMPILER INVOKED BY: C:\Keil_v5\C51\BIN\C51.EXE ..\..\User\io_key.c LARGE OPTIMIZE(9,SIZE) BROWSE ORDER INTVECTOR(0X000C
                    -) INCDIR(..\..\Libraries\Include;..\..\User;..\..\User\lib;..\..\Hardware) INTERVAL(3) DEBUG OBJECTEXTEND PRINT(.\Releas
                    -e\Listings\io_key.lst) OBJECT(.\Release\Objects\io_key.obj)

line level    source

   1          #include "io_key.h"
   2          
   3          #include "user_config.h"
   4          
   5          #include "key_driver.h"
   6          #include "ui.h"
   7          #include "instrument.h"
   8          #include "mileage.h"
   9          
  10          #if IO_KEY_ENABLE
  11          
  12          extern u8 io_key_get_key_id(void);
  13          // volatile key_driver_para_t ad_key_para = {
  14          volatile struct key_driver_para io_key_para = {
  15              // 编译器不支持指定成员赋值的写法，会报错
  16              IO_KEY_SCAN_CIRCLE_TIMES,
  17              0,
  18              // NO_KEY,
  19              0,
  20          
  21              0,
  22              0,
  23              3,
  24          
  25              IO_KEY_LONG_PRESS_TIME_THRESHOLD_MS / IO_KEY_SCAN_CIRCLE_TIMES,
  26              (IO_KEY_LONG_PRESS_TIME_THRESHOLD_MS +
  27               IO_KEY_HOLD_PRESS_TIME_THRESHOLD_MS) /
  28                  IO_KEY_SCAN_CIRCLE_TIMES,
  29              0,
  30          
  31              0,
  32              0,
  33              // 200 / IO_KEY_SCAN_CIRCLE_TIMES,
  34              0,
  35              // NO_KEY,
  36              0,
  37              KEY_TYPE_TOUCH, // 触摸按键，实际上是检测触摸ic传递过来的电平信号，可以当作
             -io来检测
  38              io_key_get_key_id,
  39          
  40              IO_KEY_ID_NONE,
  41              KEY_EVENT_NONE,
  42          };
  43          
  44          #define IO_KEY_EFFECT_EVENT_NUMS 4
  45          static const u8 io_key_event_table[][IO_KEY_EFFECT_EVENT_NUMS + 1] = {
  46              IO_KEY_ID_VALID,   IO_KEY_EVENT_CLICK, IO_KEY_EVENT_LONG,
  47              IO_KEY_EVENT_HOLD, IO_KEY_EVENT_LOOSE,
  48          };
  49          
  50          void io_key_config(void)
  51          {
  52   1          // P0_PU |= GPIO_P07_PULL_UP(0x01);      // 上拉
C51 COMPILER V9.60.7.0   IO_KEY                                                            08/13/2026 17:54:52 PAGE 2   

  53   1          P0_MD1 &= ~(GPIO_P07_MODE_SEL(0x03)); // 输入模式
  54   1      }
  55          
  56          u8 io_key_get_key_id(void)
  57          {
  58   1          if (IO_KEY_PIN == 0) {
  59   2              // 引脚配置为输入上拉，低电平表示按键按下
  60   2              return IO_KEY_ID_VALID;
  61   2          }
  62   1      
  63   1          return NO_KEY;
  64   1      }
  65          
  66          u8 __io_key_get_event__(u8 key_val, u8 key_event)
  67          {
  68   1          u8 ret_key_event = IO_KEY_EVENT_NONE;
  69   1          u8 i = 0;
  70   1          u8 index = 0;
  71   1      
  72   1          if (key_event == KEY_EVENT_CLICK) {
  73   2              index = 1;
  74   2          } else if (key_event == KEY_EVENT_LONG) {
  75   2              index = 2;
  76   2          } else if (key_event == KEY_EVENT_HOLD) {
  77   2              index = 3;
  78   2          } else if (key_event == KEY_EVENT_UP) {
  79   2              index = 4;
  80   2          }
  81   1      
  82   1          for (; i < ARRAY_SIZE(io_key_event_table); i++) {
  83   2              if (key_val == io_key_event_table[i][0]) {
  84   3                  ret_key_event = io_key_event_table[i][index];
  85   3                  break;
  86   3              }
  87   2          }
  88   1      
  89   1          return ret_key_event;
  90   1      }
  91          
  92          void io_key_handle(void)
  93          {
  94   1          u8 io_key_event = IO_KEY_EVENT_NONE;
  95   1      
  96   1          if (io_key_para.latest_key_val == IO_KEY_ID_NONE) {
  97   2              return;
  98   2          }
  99   1      
 100   1          io_key_event = __io_key_get_event__(io_key_para.latest_key_val,
 101   1                                              io_key_para.latest_key_event);
 102   1          io_key_para.latest_key_val = IO_KEY_ID_NONE;
 103   1          io_key_para.latest_key_event = KEY_EVENT_NONE;
 104   1      
 105   1          switch (io_key_event) {
 106   2          case KEY_EVENT_CLICK:
 107   2      #if USER_DEBUG_ENABLE
 108   2              // printf("click\n");
 109   2      #endif
 110   2      
 111   2              if (UI_STATE_NORMAL == ui_manager.state) {
 112   3                  // 正常显示模式下，按键单击切换显示的里程类型
 113   3                  instrument.save_info.is_display_total_mileage =
 114   3                      !instrument.save_info.is_display_total_mileage;
C51 COMPILER V9.60.7.0   IO_KEY                                                            08/13/2026 17:54:52 PAGE 3   

 115   3                  // 立即更新里程显示：
 116   3                  aip3368h_display_mileage_refresh();
 117   3                  aip3368h_display_mileage_unit_lights(instrument.save_info.distance_unit_type);
 118   3              } else if (UI_STATE_SETTING_DISTANCE_UNIT_TYPE == ui_manager.state) {
 119   3      
 120   3                  // 切换 单位类型
 121   3                  if (DISTANCE_UNIT_TYPE_METRIC ==
 122   3                      instrument.save_info.distance_unit_type) {
 123   4                      instrument.save_info.distance_unit_type =
 124   4                          DISTANCE_UNIT_TYPE_IMPERIAL;
 125   4                  } else {
 126   4                      instrument.save_info.distance_unit_type =
 127   4                          DISTANCE_UNIT_TYPE_METRIC;
 128   4                  } 
 129   3      
 130   3              }
 131   2      
 132   2      #if 0
               
                              else if (UI_STATE_SETTING_DISTANCE_UNIT_TYPE ==
                                               ui_manager.state)
                              {
                                      // 如果正在设置当前要显示的单位类型，km/h 或 mph
              
                                      // 切换 单位类型
                                      if (DISTANCE_UNIT_TYPE_METRIC ==
                                              instrument.save_info.distance_unit_type)
                                      {
                                              instrument.save_info.distance_unit_type =
                                                      DISTANCE_UNIT_TYPE_IMPERIAL;
                                      }
                                      else
                                      {
                                              instrument.save_info.distance_unit_type =
                                                      DISTANCE_UNIT_TYPE_METRIC;
                                      }
                              }
                              else if (UI_STATE_SETTING_WHEEL_CIRCUMFERENCE ==
                                               ui_manager.state)
                              {
                                      // 如果正在设置车轮周长
               
                              }
              #endif
 159   2      
 160   2              ui_display_refresh();
 161   2              break;
 162   2          case IO_KEY_EVENT_LONG:
 163   2      #if USER_DEBUG_ENABLE
 164   2              // printf("Long\n");
 165   2      #endif
 166   2      
 167   2              if (UI_STATE_NORMAL == ui_manager.state) {
 168   3                  // 如果正在显示总里程
 169   3                  if (1 == instrument.save_info.is_display_total_mileage) {
 170   4                      // 如果显示的是 TOTAL 里程，切换到设置要显示的单位类型
 171   4                      ui_set_state(UI_STATE_SETTING_DISTANCE_UNIT_TYPE);
 172   4                  } else {
 173   4                      // 如果显示的是 TRIP 里程，清空它
 174   4                      instrument.save_info.subtotal_mileage = 0;
 175   4                      instrument_info_save_enable();
 176   4                      aip3368h_display_mileage_refresh();
C51 COMPILER V9.60.7.0   IO_KEY                                                            08/13/2026 17:54:52 PAGE 4   

 177   4                      aip3368h_display_mileage_unit_lights(instrument.save_info.distance_unit_type);
 178   4                  }
 179   3              } else if (UI_STATE_SETTING_DISTANCE_UNIT_TYPE == ui_manager.state) {
 180   3                  //
 181   3                  ui_set_state(UI_STATE_SETTING_TIME_MINUTE);
 182   3              } else if (UI_STATE_SETTING_TIME_MINUTE == ui_manager.state) {
 183   3                  ui_set_state(UI_STATE_SETTING_TIME_HOUR);
 184   3              } else if (UI_STATE_SETTING_TIME_HOUR == ui_manager.state) {
 185   3                  ui_set_state(UI_STATE_NORMAL);
 186   3              }
 187   2      
 188   2      #if 0
                              if (UI_STATE_NORMAL == ui_manager.state)
                              {
                                      // 如果正在显示里程
                                      if (1 == instrument.save_info.is_display_total_mileage)
                                      {
                                              /*
                                                      如果显示的是 TOTAL 里程，切换到设置要显示的单位类型
                                              */
                                              ui_set_state(UI_STATE_SETTING_DISTANCE_UNIT_TYPE);
                                      }
                                      else
                                      {
                                              // 如果显示的是 TRIP 里程，清空它
                                              instrument.save_info.subtotal_mileage = 0; 
                                              instrument_info_save_enable();
                                      } 
                              }
                              else if (UI_STATE_SETTING_DISTANCE_UNIT_TYPE ==
                                               ui_manager.state)
                              {
                                      // 从 设置单位类型 -> 设置车轮周长
                                      ui_manager.state = UI_STATE_SETTING_WHEEL_CIRCUMFERENCE; 
                                      instrument_info_save_enable(); // 退出单位类型设置后，保存
                              }
                              else if (UI_STATE_SETTING_WHEEL_CIRCUMFERENCE ==
                                               ui_manager.state)
                              {
                                      // 从 设置车轮周长 -> 正常显示
                                      ui_manager.state = UI_STATE_NORMAL; 
                                      instrument_info_save_enable(); // 退出 车轮周长设置 后，保存
                              }
              #endif
 221   2      
 222   2              ui_display_refresh();
 223   2      
 224   2              break;
 225   2      
 226   2          default:
 227   2              break;
 228   2          }
 229   1      }
 230          
 231          #endif


MODULE INFORMATION:   STATIC OVERLAYABLE
   CODE SIZE        =    276    ----
   CONSTANT SIZE    =   ----    ----
   XDATA SIZE       =     24    ----
   PDATA SIZE       =   ----    ----
C51 COMPILER V9.60.7.0   IO_KEY                                                            08/13/2026 17:54:52 PAGE 5   

   DATA SIZE        =   ----    ----
   IDATA SIZE       =   ----    ----
   BIT SIZE         =   ----    ----
END OF MODULE INFORMATION.


C51 COMPILATION COMPLETE.  0 WARNING(S),  0 ERROR(S)
