C51 COMPILER V9.60.7.0   IO_KEY                                                            08/14/2026 16:22:47 PAGE 1   


C51 COMPILER V9.60.7.0, COMPILATION OF MODULE IO_KEY
OBJECT MODULE PLACED IN .\Release\Objects\io_key.obj
COMPILER INVOKED BY: C:\Keil_v5\C51\BIN\C51.EXE ..\..\User\io_key.c LARGE OPTIMIZE(9,SIZE) BROWSE ORDER INTVECTOR(0X000C
                    -) INCDIR(..\..\Libraries\Include;..\..\User;..\..\User\lib;..\..\Hardware) INTERVAL(3) DEBUG OBJECTEXTEND PRINT(.\Releas
                    -e\Listings\io_key.lst) OBJECT(.\Release\Objects\io_key.obj)

line level    source

   1          #include "io_key.h"
   2          
   3          #include "user_config.h"
   4          
   5          #include "key_driver.h"
   6          #include "ui.h"
   7          #include "instrument.h"
   8          #include "mileage.h"
   9          #include "aip1302.h"
  10          
  11          #if IO_KEY_ENABLE
  12          
  13          extern u8 io_key_get_key_id(void);
  14          // volatile key_driver_para_t ad_key_para = {
  15          volatile struct key_driver_para io_key_para = {
  16              // 编译器不支持指定成员赋值的写法，会报错
  17              IO_KEY_SCAN_CIRCLE_TIMES,
  18              0,
  19              // NO_KEY,
  20              0,
  21          
  22              0,
  23              0,
  24              3,
  25          
  26              IO_KEY_LONG_PRESS_TIME_THRESHOLD_MS / IO_KEY_SCAN_CIRCLE_TIMES,
  27              (IO_KEY_LONG_PRESS_TIME_THRESHOLD_MS +
  28               IO_KEY_HOLD_PRESS_TIME_THRESHOLD_MS) /
  29                  IO_KEY_SCAN_CIRCLE_TIMES,
  30              0,
  31          
  32              0,
  33              0,
  34              // 200 / IO_KEY_SCAN_CIRCLE_TIMES,
  35              0,
  36              // NO_KEY,
  37              0,
  38              KEY_TYPE_TOUCH, // 触摸按键，实际上是检测触摸ic传递过来的电平信号，可以当作
             -io来检测
  39              io_key_get_key_id,
  40          
  41              IO_KEY_ID_NONE,
  42              KEY_EVENT_NONE,
  43          };
  44          
  45          #define IO_KEY_EFFECT_EVENT_NUMS 4
  46          static const u8 io_key_event_table[][IO_KEY_EFFECT_EVENT_NUMS + 1] = {
  47              IO_KEY_ID_VALID,   IO_KEY_EVENT_CLICK, IO_KEY_EVENT_LONG,
  48              IO_KEY_EVENT_HOLD, IO_KEY_EVENT_LOOSE,
  49          };
  50          
  51          void io_key_config(void)
  52          {
C51 COMPILER V9.60.7.0   IO_KEY                                                            08/14/2026 16:22:47 PAGE 2   

  53   1          // P0_PU |= GPIO_P07_PULL_UP(0x01);      // 上拉
  54   1          P0_MD1 &= ~(GPIO_P07_MODE_SEL(0x03)); // 输入模式
  55   1      }
  56          
  57          u8 io_key_get_key_id(void)
  58          {
  59   1          if (IO_KEY_PIN == 0) {
  60   2              // 引脚配置为输入上拉，低电平表示按键按下
  61   2              return IO_KEY_ID_VALID;
  62   2          }
  63   1      
  64   1          return NO_KEY;
  65   1      }
  66          
  67          u8 __io_key_get_event__(u8 key_val, u8 key_event)
  68          {
  69   1          u8 ret_key_event = IO_KEY_EVENT_NONE;
  70   1          u8 i = 0;
  71   1          u8 index = 0;
  72   1      
  73   1          if (key_event == KEY_EVENT_CLICK) {
  74   2              index = 1;
  75   2          } else if (key_event == KEY_EVENT_LONG) {
  76   2              index = 2;
  77   2          } else if (key_event == KEY_EVENT_HOLD) {
  78   2              index = 3;
  79   2          } else if (key_event == KEY_EVENT_UP) {
  80   2              index = 4;
  81   2          }
  82   1      
  83   1          for (; i < ARRAY_SIZE(io_key_event_table); i++) {
  84   2              if (key_val == io_key_event_table[i][0]) {
  85   3                  ret_key_event = io_key_event_table[i][index];
  86   3                  break;
  87   3              }
  88   2          }
  89   1      
  90   1          return ret_key_event;
  91   1      }
  92          
  93          void io_key_handle(void)
  94          {
  95   1          u8 io_key_event = IO_KEY_EVENT_NONE;
  96   1      
  97   1          if (io_key_para.latest_key_val == IO_KEY_ID_NONE) {
  98   2              return;
  99   2          }
 100   1      
 101   1          io_key_event = __io_key_get_event__(io_key_para.latest_key_val,
 102   1                                              io_key_para.latest_key_event);
 103   1          io_key_para.latest_key_val = IO_KEY_ID_NONE;
 104   1          io_key_para.latest_key_event = KEY_EVENT_NONE;
 105   1      
 106   1          switch (io_key_event) {
 107   2          case KEY_EVENT_CLICK:
 108   2      #if USER_DEBUG_ENABLE
                      // printf("click\n");
              #endif
 111   2      
 112   2              if (UI_STATE_NORMAL == ui_manager.state) {
 113   3                  // 正常显示模式下，按键单击切换显示的里程类型
 114   3                  instrument.save_info.is_display_total_mileage =
C51 COMPILER V9.60.7.0   IO_KEY                                                            08/14/2026 16:22:47 PAGE 3   

 115   3                      !instrument.save_info.is_display_total_mileage;
 116   3                  instrument_info_save_enable();
 117   3              } else if (UI_STATE_SETTING_DISTANCE_UNIT_TYPE == ui_manager.state) {
 118   3      
 119   3                  // 切换 单位类型
 120   3                  if (DISTANCE_UNIT_TYPE_METRIC ==
 121   3                      instrument.save_info.distance_unit_type) {
 122   4                      instrument.save_info.distance_unit_type =
 123   4                          DISTANCE_UNIT_TYPE_IMPERIAL;
 124   4                  } else {
 125   4                      instrument.save_info.distance_unit_type =
 126   4                          DISTANCE_UNIT_TYPE_METRIC;
 127   4                  }
 128   3              } else if (UI_STATE_SETTING_TIME_MINUTE == ui_manager.state) {
 129   3                  // 在设置分钟时，检测到短按
 130   3                  aip1302_info.time_min++;
 131   3                  if (aip1302_info.time_min > 59) {
 132   4                      aip1302_info.time_min = 0;
 133   4                  }
 134   3              } else if (UI_STATE_SETTING_TIME_HOUR == ui_manager.state) {
 135   3                  // 在设置小时时，检测到短按
 136   3                  aip1302_info.time_hour++;
 137   3                  if (aip1302_info.time_hour > 23) {
 138   4                      aip1302_info.time_hour = 0;
 139   4                  }
 140   3              }
 141   2      
 142   2      #if 0
               
                              else if (UI_STATE_SETTING_DISTANCE_UNIT_TYPE ==
                                               ui_manager.state)
                              {
                                      // 如果正在设置当前要显示的单位类型，km/h 或 mph
              
                                      // 切换 单位类型
                                      if (DISTANCE_UNIT_TYPE_METRIC ==
                                              instrument.save_info.distance_unit_type)
                                      {
                                              instrument.save_info.distance_unit_type =
                                                      DISTANCE_UNIT_TYPE_IMPERIAL;
                                      }
                                      else
                                      {
                                              instrument.save_info.distance_unit_type =
                                                      DISTANCE_UNIT_TYPE_METRIC;
                                      }
                              }
                              else if (UI_STATE_SETTING_WHEEL_CIRCUMFERENCE ==
                                               ui_manager.state)
                              {
                                      // 如果正在设置车轮周长
               
                              }
              #endif
 169   2      
 170   2              ui_display_refresh();
 171   2              break;
 172   2          case IO_KEY_EVENT_LONG:
 173   2      #if USER_DEBUG_ENABLE
                      // printf("Long\n");
              #endif
 176   2      
C51 COMPILER V9.60.7.0   IO_KEY                                                            08/14/2026 16:22:47 PAGE 4   

 177   2              if (UI_STATE_NORMAL == ui_manager.state) {
 178   3                  // 如果正在显示总里程
 179   3                  if (1 == instrument.save_info.is_display_total_mileage) {
 180   4                      // 如果显示的是 TOTAL 里程，切换到设置要显示的单位类型
 181   4                      ui_set_state(UI_STATE_SETTING_DISTANCE_UNIT_TYPE);                
 182   4                  } else {
 183   4                      // 如果显示的是 TRIP 里程，清空它
 184   4                      instrument.save_info.subtotal_mileage = 0;
 185   4                      instrument_info_save_enable();
 186   4                      aip3368h_display_mileage_refresh();
 187   4                      aip3368h_display_mileage_unit_lights(
 188   4                          instrument.save_info.distance_unit_type);
 189   4                  }
 190   3              } else if (UI_STATE_SETTING_DISTANCE_UNIT_TYPE == ui_manager.state) {
 191   3                  //
 192   3                  ui_set_state(UI_STATE_SETTING_TIME_MINUTE);
 193   3              } else if (UI_STATE_SETTING_TIME_MINUTE == ui_manager.state) {
 194   3                  aip1302_update_time(aip1302_info);
 195   3                  ui_set_state(UI_STATE_SETTING_TIME_HOUR);
 196   3              } else if (UI_STATE_SETTING_TIME_HOUR == ui_manager.state) {
 197   3                  aip1302_update_time(aip1302_info);
 198   3                  ui_set_state(UI_STATE_NORMAL);
 199   3              }
 200   2      
 201   2      #if 0
                              if (UI_STATE_NORMAL == ui_manager.state)
                              {
                                      // 如果正在显示里程
                                      if (1 == instrument.save_info.is_display_total_mileage)
                                      {
                                              /*
                                                      如果显示的是 TOTAL 里程，切换到设置要显示的单位类型
                                              */
                                              ui_set_state(UI_STATE_SETTING_DISTANCE_UNIT_TYPE);
                                      }
                                      else
                                      {
                                              // 如果显示的是 TRIP 里程，清空它
                                              instrument.save_info.subtotal_mileage = 0; 
                                              instrument_info_save_enable();
                                      } 
                              }
                              else if (UI_STATE_SETTING_DISTANCE_UNIT_TYPE ==
                                               ui_manager.state)
                              {
                                      // 从 设置单位类型 -> 设置车轮周长
                                      ui_manager.state = UI_STATE_SETTING_WHEEL_CIRCUMFERENCE; 
                                      instrument_info_save_enable(); // 退出单位类型设置后，保存
                              }
                              else if (UI_STATE_SETTING_WHEEL_CIRCUMFERENCE ==
                                               ui_manager.state)
                              {
                                      // 从 设置车轮周长 -> 正常显示
                                      ui_manager.state = UI_STATE_NORMAL; 
                                      instrument_info_save_enable(); // 退出 车轮周长设置 后，保存
                              }
              #endif
 234   2      
 235   2              ui_display_refresh();
 236   2      
 237   2              break;
 238   2      
C51 COMPILER V9.60.7.0   IO_KEY                                                            08/14/2026 16:22:47 PAGE 5   

 239   2          default:
 240   2              break;
 241   2          }
 242   1      }
 243          
 244          #endif


MODULE INFORMATION:   STATIC OVERLAYABLE
   CODE SIZE        =    347    ----
   CONSTANT SIZE    =   ----    ----
   XDATA SIZE       =     24    ----
   PDATA SIZE       =   ----    ----
   DATA SIZE        =   ----    ----
   IDATA SIZE       =   ----    ----
   BIT SIZE         =   ----    ----
END OF MODULE INFORMATION.


C51 COMPILATION COMPLETE.  0 WARNING(S),  0 ERROR(S)
