C51 COMPILER V9.60.7.0   PIN_LEVEL_SCAN                                                    08/06/2026 18:57:07 PAGE 1   


C51 COMPILER V9.60.7.0, COMPILATION OF MODULE PIN_LEVEL_SCAN
OBJECT MODULE PLACED IN .\Release\Objects\pin_level_scan.obj
COMPILER INVOKED BY: C:\Keil_v5\C51\BIN\C51.EXE ..\..\User\pin_level_scan.c LARGE OPTIMIZE(9,SIZE) BROWSE ORDER INTVECTO
                    -R(0X000C) INCDIR(..\..\Libraries\Include;..\..\User;..\..\User\lib;..\..\Hardware) INTERVAL(3) DEBUG OBJECTEXTEND PRINT(
                    -.\Release\Listings\pin_level_scan.lst) OBJECT(.\Release\Objects\pin_level_scan.obj)

line level    source

   1          #include "pin_level_scan.h"
   2          #include "instrument.h"
   3          #include "aip3368h_display.h"
   4          
   5          #if PIN_LEVEL_SCAN_ENABLE
   6          void pin_level_scan_config(void)
   7          {
   8   1          // N 挡检测脚：
   9   1          P2_PU |= GPIO_P23_PULL_UP(0x01);      // 上拉
  10   1          P2_MD0 &= ~(GPIO_P23_MODE_SEL(0x03)); // 输入模式
  11   1      
  12   1          // 1 档 检测脚：
  13   1          P1_PU |= GPIO_P10_PULL_UP(0x01);      // 上拉
  14   1          P1_MD0 &= ~(GPIO_P10_MODE_SEL(0x03)); // 输入模式
  15   1      
  16   1          // 2 档 检测脚：
  17   1          P2_PU |= GPIO_P21_PULL_UP(0x01);      // 上拉
  18   1          P2_MD0 &= ~(GPIO_P21_MODE_SEL(0x03)); // 输入模式
  19   1      
  20   1          // 3 档 检测脚：
  21   1          P1_PU |= GPIO_P13_PULL_UP(0x01);      // 上拉
  22   1          P1_MD0 &= ~(GPIO_P13_MODE_SEL(0x03)); // 输入模式
  23   1      
  24   1          // 4 档 检测脚：
  25   1          P2_PU |= GPIO_P20_PULL_UP(0x01);      // 上拉
  26   1          P2_MD0 &= ~(GPIO_P20_MODE_SEL(0x03)); // 输入模式
  27   1      
  28   1          // 5 档 检测脚：
  29   1          P3_PU |= GPIO_P31_PULL_UP(0x01);      // 上拉
  30   1          P3_MD0 &= ~(GPIO_P31_MODE_SEL(0x03)); // 输入模式
  31   1      
  32   1          // 6 档 检测脚：
  33   1          P1_PU |= GPIO_P17_PULL_UP(0x01);      // 上拉
  34   1          P1_MD1 &= ~(GPIO_P17_MODE_SEL(0x03)); // 输入模式
  35   1      
  36   1          // 检测 发动机故障 的引脚:
  37   1          P2_PU |= GPIO_P22_PULL_UP(0x01);      // 上拉
  38   1          P2_MD0 &= ~(GPIO_P22_MODE_SEL(0x03)); // 输入模式
  39   1      
  40   1          // 大灯（远光灯） 检测脚
  41   1          P3_MD0 &= ~GPIO_P30_MODE_SEL(0x03);
  42   1      
  43   1          // 左转向 检测脚
  44   1          P2_MD1 &= ~GPIO_P24_MODE_SEL(0x03);
  45   1      
  46   1          // 右转向 检测脚
  47   1          P1_MD1 &= ~GPIO_P14_MODE_SEL(0x03);
  48   1      }
  49          
  50          // 引脚电平扫描
  51          void pin_level_scan(void)
  52          {
  53   1          // 扫描挡位时，以检测到的最低挡位为优先
C51 COMPILER V9.60.7.0   PIN_LEVEL_SCAN                                                    08/06/2026 18:57:07 PAGE 2   

  54   1          if (SIGNAL_VALID_LEV_OF_GEAR_N == PIN_DETECT_GEAR_N) {
  55   2              instrument.gear = GEAR_NEUTRAL;
  56   2          } else if (SIGNAL_VALID_LEV_OF_GEAR_1 == PIN_DETECT_GEAR_1) {
  57   2              instrument.gear = GEAR_FIRST;
  58   2          } else if (SIGNAL_VALID_LEV_OF_GEAR_2 == PIN_DETECT_GEAR_2) {
  59   2              instrument.gear = GEAR_SECOND;
  60   2          } else if (SIGNAL_VALID_LEV_OF_GEAR_3 == PIN_DETECT_GEAR_3) {
  61   2              instrument.gear = GEAR_THIRD;
  62   2          } else if (SIGNAL_VALID_LEV_OF_GEAR_4 == PIN_DETECT_GEAR_4) {
  63   2              instrument.gear = GEAR_FOURTH;
  64   2          } else if (SIGNAL_VALID_LEV_OF_GEAR_5 == PIN_DETECT_GEAR_5) {
  65   2              instrument.gear = GEAR_FIFTH;
  66   2          } else if (SIGNAL_VALID_LEV_OF_GEAR_6 == PIN_DETECT_GEAR_6) {
  67   2              instrument.gear = GEAR_SIXTH;
  68   2          } else {
  69   2              // 如果 N档 、 1档 ~ 6档 都没有检测到，说明挡位没有接线
  70   2              instrument.gear = GEAR_UNKNOWN;
  71   2          }
  72   1      
  73   1          aip3368h_display_gear(instrument.gear);
  74   1      
  75   1      #if 0
                  aip3368h_display_gear(instrument.gear);
                  aip3368h_display_gear_light(1);
              
                  if (0 == PIN_DETECT_BREAKDOWN)
                  {
                      aip3368h_display_err_light(1);
                  }
                  else
                  {
                      aip3368h_display_err_light(0);
                  }
              
                  // 引脚检测到高电平，点亮对应的指示灯，不用闪烁
                  if (PIN_DETECT_LFFT_TURN)
                  {
                      aip3368h_display_left_turn_light(1);
                  }
                  else
                  {
                      aip3368h_display_left_turn_light(0);
                  }
              
                  // 引脚检测到高电平，点亮对应的指示灯，不用闪烁
                  if (PIN_DETECT_RIGHT_TURN)
                  {
                      aip3368h_display_right_turn_light(1);
                  }
                  else
                  {
                      aip3368h_display_right_turn_light(0);
                  }
              
                  // 引脚检测到高电平，点亮对应的指示灯
                  if (PIN_DETECT_LOW_BEAM)
                  {
                      aip3368h_display_low_beam_indicator_light(1);
                  }
                  else
                  {
                      aip3368h_display_low_beam_indicator_light(0);
C51 COMPILER V9.60.7.0   PIN_LEVEL_SCAN                                                    08/06/2026 18:57:07 PAGE 3   

                  }
              
                  // 引脚检测到高电平，点亮对应的指示灯
                  if (PIN_DETECT_HIGH_BEAM)
                  {
                      aip3368h_display_high_beam_indicator_light(1);
                  }
                  else
                  {
                      aip3368h_display_high_beam_indicator_light(0);
                  }
              #endif
 128   1      }
 129          
 130          #endif


MODULE INFORMATION:   STATIC OVERLAYABLE
   CODE SIZE        =    202    ----
   CONSTANT SIZE    =   ----    ----
   XDATA SIZE       =   ----    ----
   PDATA SIZE       =   ----    ----
   DATA SIZE        =   ----    ----
   IDATA SIZE       =   ----    ----
   BIT SIZE         =   ----    ----
END OF MODULE INFORMATION.


C51 COMPILATION COMPLETE.  0 WARNING(S),  0 ERROR(S)
