BL51 BANKED LINKER/LOCATER V6.22.4.0                                                    08/07/2026  17:49:31  PAGE 1


BL51 BANKED LINKER/LOCATER V6.22.4.0, INVOKED BY:
C:\KEIL_V5\C51\BIN\BL51.EXE .\Release\Objects\STARTUP.obj, .\Release\Objects\system.obj, .\Release\Objects\tk_set.obj, .
>> .\..\User\lib\tk_simplify_algorithm_V1.0.0.LIB, .\Release\Objects\tmr1.obj, .\Release\Objects\tmr2.obj, .\Release\Obj
>> ects\uart0.obj, .\Release\Objects\adc.obj, .\Release\Objects\key_driver.obj, .\Release\Objects\user_flash.obj, .\Rele
>> ase\Objects\aip3368.obj, .\Release\Objects\aip1302.obj, .\Release\Objects\main.obj, .\Release\Objects\pin_level_scan.
>> obj, .\Release\Objects\speed_scan.obj, .\Release\Objects\engine_speed_scan.obj, .\Release\Objects\mileage.obj, .\Rele
>> ase\Objects\fuel_capacity.obj, .\Release\Objects\instrument.obj, .\Release\Objects\aip3368h_display.obj, .\Release\Ob
>> jects\io_key.obj, .\Release\Objects\ui.obj, .\Release\Objects\boot_animation.obj TO .\Release\Objects\Project PRINT (
>> .\Release\Listings\Project.m51) RAMSIZE (256) CODE (0X0000-0X3EEF) XDATA (0X6000-0X66FF)


MEMORY MODEL: LARGE


INPUT MODULES INCLUDED:
  .\Release\Objects\STARTUP.obj (?C_STARTUP)
  .\Release\Objects\system.obj (SYSTEM)
  .\Release\Objects\tk_set.obj (TK_SET)
  .\Release\Objects\tmr1.obj (TMR1)
  .\Release\Objects\tmr2.obj (TMR2)
  .\Release\Objects\uart0.obj (UART0)
  .\Release\Objects\adc.obj (ADC)
  .\Release\Objects\key_driver.obj (KEY_DRIVER)
  .\Release\Objects\user_flash.obj (USER_FLASH)
  .\Release\Objects\aip3368.obj (AIP3368)
  .\Release\Objects\aip1302.obj (AIP1302)
  .\Release\Objects\main.obj (MAIN)
  .\Release\Objects\pin_level_scan.obj (PIN_LEVEL_SCAN)
  .\Release\Objects\speed_scan.obj (SPEED_SCAN)
  .\Release\Objects\engine_speed_scan.obj (ENGINE_SPEED_SCAN)
  .\Release\Objects\mileage.obj (MILEAGE)
  .\Release\Objects\fuel_capacity.obj (FUEL_CAPACITY)
  .\Release\Objects\instrument.obj (INSTRUMENT)
  .\Release\Objects\aip3368h_display.obj (AIP3368H_DISPLAY)
  .\Release\Objects\io_key.obj (IO_KEY)
  .\Release\Objects\ui.obj (UI)
  .\Release\Objects\boot_animation.obj (BOOT_ANIMATION)
  C:\KEIL_V5\C51\LIB\C51L.LIB (?C_INIT)
  C:\KEIL_V5\C51\LIB\C51L.LIB (?C?COPY)
  C:\KEIL_V5\C51\LIB\C51L.LIB (?C?CLDPTR)
  C:\KEIL_V5\C51\LIB\C51L.LIB (?C?CLDOPTR)
  C:\KEIL_V5\C51\LIB\C51L.LIB (?C?CILDOPTR)
  C:\KEIL_V5\C51\LIB\C51L.LIB (?C?CSTPTR)
  C:\KEIL_V5\C51\LIB\C51L.LIB (?C?CSTOPTR)
  C:\KEIL_V5\C51\LIB\C51L.LIB (?C?UIDIV)
  C:\KEIL_V5\C51\LIB\C51L.LIB (?C?IILDX)
  C:\KEIL_V5\C51\LIB\C51L.LIB (?C?ILDOPTR)
  C:\KEIL_V5\C51\LIB\C51L.LIB (?C?LADD)
  C:\KEIL_V5\C51\LIB\C51L.LIB (?C?LSUB)
  C:\KEIL_V5\C51\LIB\C51L.LIB (?C?LMUL)
  C:\KEIL_V5\C51\LIB\C51L.LIB (?C?ULDIV)
  C:\KEIL_V5\C51\LIB\C51L.LIB (?C?ULCMP)
  C:\KEIL_V5\C51\LIB\C51L.LIB (?C?LLDXDATA)
  C:\KEIL_V5\C51\LIB\C51L.LIB (?C?LLDXDATA0)
  C:\KEIL_V5\C51\LIB\C51L.LIB (?C?LSTXDATA)
  C:\KEIL_V5\C51\LIB\C51L.LIB (?C?LSTKXDATA)
  C:\KEIL_V5\C51\LIB\C51L.LIB (?C?OFFXADD)
  C:\KEIL_V5\C51\LIB\C51L.LIB (?C?PLDXDATA)
BL51 BANKED LINKER/LOCATER V6.22.4.0                                                  08/07/2026  17:49:31  PAGE 2


  C:\KEIL_V5\C51\LIB\C51L.LIB (?C?PLDIXDATA)
  C:\KEIL_V5\C51\LIB\C51L.LIB (?C?PSTXDATA)
  C:\KEIL_V5\C51\LIB\C51L.LIB (?C?PLDOPTR)
  C:\KEIL_V5\C51\LIB\C51L.LIB (?C?ICALL)
  C:\KEIL_V5\C51\LIB\C51L.LIB (?C?LIMUL)
  C:\KEIL_V5\C51\LIB\C51L.LIB (PRINTF)
  C:\KEIL_V5\C51\LIB\C51L.LIB (?C?MEMSET)
  C:\KEIL_V5\C51\LIB\C51L.LIB (?C?PLDIDATA)
  C:\KEIL_V5\C51\LIB\C51L.LIB (?C?PLDPDATA)
  C:\KEIL_V5\C51\LIB\C51L.LIB (?C?PLDCODE)
  C:\KEIL_V5\C51\LIB\C51L.LIB (?C?CCASE)


LINK MAP OF MODULE:  .\Release\Objects\Project (?C_STARTUP)


            TYPE    BASE      LENGTH    RELOCATION   SEGMENT NAME
            -----------------------------------------------------

            * * * * * * *   D A T A   M E M O R Y   * * * * * * *
            REG     0000H     0008H     ABSOLUTE     "REG BANK 0"
            DATA    0008H     0005H     UNIT         _DATA_GROUP_
                    000DH     0013H                  *** GAP ***
            BIT     0020H.0   0001H.1   UNIT         _BIT_GROUP_
            BIT     0021H.1   0000H.2   UNIT         ?BI?SPEED_SCAN
            BIT     0021H.3   0000H.2   UNIT         ?BI?ENGINE_SPEED_SCAN
            BIT     0021H.5   0000H.1   UNIT         ?BI?MILEAGE
                    0021H.6   0000H.2                *** GAP ***
            IDATA   0022H     0001H     UNIT         ?STACK

            * * * * * * *  X D A T A   M E M O R Y  * * * * * * *
                    0000H     6000H                  *** GAP ***
            XDATA   6000H     0199H     UNIT         ?XD?AIP3368H_DISPLAY
            XDATA   6199H     0059H     UNIT         ?XD?FUEL_CAPACITY
            XDATA   61F2H     003CH     UNIT         ?XD?SPEED_SCAN
            XDATA   622EH     0029H     UNIT         _XDATA_GROUP_
            XDATA   6257H     001EH     UNIT         ?XD?AIP3368
            XDATA   6275H     001AH     UNIT         ?XD?BOOT_ANIMATION
            XDATA   628FH     0018H     UNIT         ?XD?IO_KEY
            XDATA   62A7H     0015H     UNIT         ?XD?ENGINE_SPEED_SCAN
            XDATA   62BCH     0015H     UNIT         ?XD?INSTRUMENT
            XDATA   62D1H     000CH     UNIT         ?XD?INSTRUMENT_INFO_INIT?INSTRUMENT
            XDATA   62DDH     0009H     UNIT         ?XD?AIP1302
            XDATA   62E6H     0009H     UNIT         ?XD?MILEAGE
            XDATA   62EFH     0008H     UNIT         ?XD?SPEED_SCAN?SPEED_SCAN
            XDATA   62F7H     0007H     UNIT         ?XD?AIP1302_UPDATE_TIME?AIP1302
            XDATA   62FEH     0007H     UNIT         ?XD?SPEED_FILTER_GET_SPEED?SPEED_SCAN
            XDATA   6305H     0007H     UNIT         ?XD?UI
            XDATA   630CH     0006H     UNIT         ?XD?_AIP3368H_DISPLAY_MILEAGE?AIP3368H_DISPLAY
            XDATA   6312H     0005H     UNIT         ?XD?_FLASH_PROGRAM?USER_FLASH
            XDATA   6317H     0005H     UNIT         ?XD?_FLASH_READ?USER_FLASH
            XDATA   631CH     0005H     UNIT         ?XD?FUEL_CAPACITY_ADC_VAL_GET?FUEL_CAPACITY
            XDATA   6321H     0005H     UNIT         ?XD?__FUEL_VOLTAGE_SAMPLES_GET__?FUEL_CAPACITY
            XDATA   6326H     0004H     UNIT         ?XD?KEY_DRIVER
            XDATA   632AH     0004H     UNIT         ?XD?ENGINE_SPEED_SCAN?ENGINE_SPEED_SCAN
            XDATA   632EH     0004H     UNIT         ?XD?_AIP3368H_DISPLAY_SPEED_BIT?AIP3368H_DISPLAY
            XDATA   6332H     0004H     UNIT         ?XD?___AIP3368H_DISPLAY_MILEAGE_BIT_X__?AIP3368H_DISPLAY
BL51 BANKED LINKER/LOCATER V6.22.4.0                                                  08/07/2026  17:49:31  PAGE 3


            XDATA   6336H     0003H     UNIT         ?XD?ADC
            XDATA   6339H     0003H     UNIT         ?XD?AIP3368H_DISPLAY_ENGINE_SPEED_HANDLE?ENGINE_SPEED_SCAN
            XDATA   633CH     0003H     UNIT         ?XD?_AIP3368H_DISPLAY_TIME?AIP3368H_DISPLAY
            XDATA   633FH     0003H     UNIT         ?XD?_AIP3368H_DISPLAY_SPEED?AIP3368H_DISPLAY
            XDATA   6342H     0002H     UNIT         ?XD?FUEL_CAPACITY_SCAN?FUEL_CAPACITY
            XDATA   6344H     0002H     UNIT         ?XD?_AIP3368H_DISPLAY_ENGINE_SPEED_GEAR?AIP3368H_DISPLAY
            XDATA   6346H     0002H     UNIT         ?XD?_AIP3368H_DISPLAY_ENGINE_SPEED_SCALE_BAR?AIP3368H_DISPLAY
            XDATA   6348H     0002H     UNIT         ?XD?_AIP3368H_DISPLAY_GEAR_BORDER?AIP3368H_DISPLAY
            XDATA   634AH     0002H     UNIT         ?XD?___AIP3368H_DISPLAY_GEAR_NUM__?AIP3368H_DISPLAY
            XDATA   634CH     0002H     UNIT         ?XD?___AIP3368H_DISPLAY_HOUR_DIGIT__?AIP3368H_DISPLAY
            XDATA   634EH     0002H     UNIT         ?XD?___AIP3368H_DISPLAY_MINUTE_DIGIT__?AIP3368H_DISPLAY
            XDATA   6350H     0002H     UNIT         ?XD?_AIP3368H_DISPLAY_FUEL_LEV?AIP3368H_DISPLAY
            XDATA   6352H     0001H     UNIT         ?XD?___AIP3368H_DISPLAY_ENGINE_SPEED_GEAR__?AIP3368H_DISPLAY
            XDATA   6353H     0001H     UNIT         ?XD?___AIP3368H_DISPLAY_ENGINE_SPEED_SCALE_BAR__?AIP3368H_DISPLAY
            XDATA   6354H     0001H     UNIT         ?XD?___AIP3368H_DISPLAY_ENGINE_SPEED_SPLIT_LINE_LIGHT__?AIP3368H_DI
>> SPLAY
            XDATA   6355H     0001H     UNIT         ?XD?___AIP3368H_DISPLAY_FUEL_LEV_UPPER_MARKER__?AIP3368H_DISPLAY
            XDATA   6356H     0001H     UNIT         ?XD?_AIP3368H_DISPLAY_FUEL_LEV_UPPER_MARKER?AIP3368H_DISPLAY
            XDATA   6357H     0001H     UNIT         ?XD?___AIP3368H_DISPLAY_FUEL_LEV__?AIP3368H_DISPLAY
            XDATA   6358H     0001H     UNIT         ?XD?___AIP3368H_DISPLAY_SPEED_SPLIT_LINE_LIGHT__?AIP3368H_DISPLAY
            XDATA   6359H     0001H     UNIT         ?XD?___AIP3368H_DISPLAY_BAT_LEV_UPPER_MARKER_LIGHT__?AIP3368H_DISPL
>> AY
            XDATA   635AH     0001H     UNIT         ?XD?___AIP3368H_DISPLAY_BAT_LEV_LIGHT__?AIP3368H_DISPLAY

            * * * * * * *   C O D E   M E M O R Y   * * * * * * *
            CODE    0000H     0003H     ABSOLUTE     
            CODE    0003H     000CH     ABSOLUTE     
            CODE    000FH     0011H     UNIT         ?PR?_FLASH_ERASE_SECTOR?USER_FLASH
            CODE    0020H     0001H     UNIT         ?PR?DEBUG_PIN_INIT?MAIN
            CODE    0021H     0003H     ABSOLUTE     
            CODE    0024H     0003H     ABSOLUTE     
            CODE    0027H     001BH     UNIT         ?PR?_DELAY_MS?SYSTEM
            CODE    0042H     0003H     ABSOLUTE     
            CODE    0045H     04ECH     UNIT         ?C?LIB_CODE
            CODE    0531H     0383H     UNIT         ?C_INITSEG
            CODE    08B4H     0365H     UNIT         ?PR?PRINTF?PRINTF
            CODE    0C19H     024EH     UNIT         ?PR?__BOOT_ANIMATION_PHASE_1__?BOOT_ANIMATION
            CODE    0E67H     01DCH     UNIT         ?PR?AIP3368H_DISPLAY
            CODE    1043H     0193H     UNIT         ?PR?_KEY_DRIVER_SCAN?KEY_DRIVER
            CODE    11D6H     0167H     UNIT         ?PR?_AIP3368H_DISPLAY_SPEED_BIT?AIP3368H_DISPLAY
            CODE    133DH     0143H     UNIT         ?PR?__BOOT_ANIMATION_PHASE_0__?BOOT_ANIMATION
            CODE    1480H     0100H     UNIT         ?PR?SPEED_SCAN?SPEED_SCAN
            CODE    1580H     00FDH     UNIT         ?PR?___AIP3368H_DISPLAY_HOUR_DIGIT__?AIP3368H_DISPLAY
            CODE    167DH     00FDH     UNIT         ?PR?___AIP3368H_DISPLAY_MINUTE_DIGIT__?AIP3368H_DISPLAY
            CODE    177AH     00E8H     UNIT         ?PR?_AIP3368H_DISPLAY_TIME?AIP3368H_DISPLAY
            CODE    1862H     00DFH     UNIT         ?PR?FUEL_CAPACITY_SCAN?FUEL_CAPACITY
            CODE    1941H     00DCH     UNIT         ?PR?SYSTEM_INIT?SYSTEM
            CODE    1A1DH     00CBH     UNIT         ?PR?___AIP3368H_DISPLAY_MILEAGE_BIT_X__?AIP3368H_DISPLAY
            CODE    1AE8H     00C7H     UNIT         ?PR?_AIP3368H_MODULE_SEND_DATA_TO_ALL_DEV?AIP3368
            CODE    1BAFH     00B0H     UNIT         ?PR?_AIP3368H_DISPLAY_GEAR?AIP3368H_DISPLAY
            CODE    1C5FH     00AFH     UNIT         ?PR?_AIP1302_WRITE_BYTE?AIP1302
            CODE    1D0EH     00AAH     UNIT         ?PR?AIP3368H_MODULE_INIT?AIP3368
            CODE    1DB8H     00AAH     UNIT         ?PR?SPEED_FILTER_GET_SPEED?SPEED_SCAN
            CODE    1E62H     009BH     UNIT         ?CO?AIP1302
            CODE    1EFDH     009AH     UNIT         ?C_C51STARTUP
            CODE    1F97H     0093H     UNIT         ?PR?MILEAGE_SCAN?MILEAGE
            CODE    202AH     008DH     UNIT         ?PR?___AIP1302_WRITE_BYTE__?AIP1302
BL51 BANKED LINKER/LOCATER V6.22.4.0                                                  08/07/2026  17:49:31  PAGE 4


            CODE    20B7H     008CH     UNIT         ?PR?AIP3368H_DISPLAY_ENGINE_SPEED_HANDLE?ENGINE_SPEED_SCAN
            CODE    2143H     0088H     UNIT         ?PR?PIN_LEVEL_SCAN?PIN_LEVEL_SCAN
            CODE    21CBH     0086H     UNIT         ?PR?___AIP1302_READ_BYTE__?AIP1302
            CODE    2251H     0086H     UNIT         ?PR?AIP1302_TEST?AIP1302
            CODE    22D7H     007EH     UNIT         ?PR?ENGINE_SPEED_SCAN?ENGINE_SPEED_SCAN
            CODE    2355H     007EH     UNIT         ?PR?_AIP3368H_DISPLAY_FUEL_LEV?AIP3368H_DISPLAY
            CODE    23D3H     007DH     UNIT         ?PR?_AIP3368H_DISPLAY_ENGINE_SPEED_GEAR?AIP3368H_DISPLAY
            CODE    2450H     007DH     UNIT         ?PR?_AIP3368H_DISPLAY_ENGINE_SPEED_SCALE_BAR?AIP3368H_DISPLAY
            CODE    24CDH     007AH     UNIT         ?PR?AIP1302_CONFIG?AIP1302
            CODE    2547H     007AH     UNIT         ?PR?_AIP3368H_DISPLAY_GEAR_BORDER?AIP3368H_DISPLAY
            CODE    25C1H     0071H     UNIT         ?PR?___AIP3368H_DISPLAY_GEAR_NUM__?AIP3368H_DISPLAY
            CODE    2632H     006EH     UNIT         ?PR?___AIP1302_CONVERT_READ_BYTE__?AIP1302
            CODE    26A0H     0067H     UNIT         ?PR?PIN_LEVEL_SCAN_CONFIG?PIN_LEVEL_SCAN
            CODE    2707H     0063H     UNIT         ?PR?_AIP3368H_DISPLAY_FUEL_LEV_UPPER_MARKER?AIP3368H_DISPLAY
            CODE    276AH     0060H     UNIT         ?PR?ADC_IRQHANDLER?ADC
            CODE    27CAH     0060H     UNIT         ?PR?AIP1302_IS_WORKING?AIP1302
            CODE    282AH     005FH     UNIT         ?PR?SPEED_SCAN_TIMER_50US_ISR?SPEED_SCAN
            CODE    2889H     005EH     UNIT         ?PR?___AIP3368H_DISPLAY_ENGINE_SPEED_SPLIT_LINE_LIGHT__?AIP3368H_DI
>> SPLAY
            CODE    28E7H     005EH     UNIT         ?PR?___AIP3368H_DISPLAY_SPEED_SPLIT_LINE_LIGHT__?AIP3368H_DISPLAY
            CODE    2945H     005EH     UNIT         ?PR?___AIP3368H_DISPLAY_BAT_LEV_UPPER_MARKER_LIGHT__?AIP3368H_DISPL
>> AY
            CODE    29A3H     005EH     UNIT         ?PR?___AIP3368H_DISPLAY_BAT_LEV_LIGHT__?AIP3368H_DISPLAY
            CODE    2A01H     005DH     UNIT         ?PR?_AIP3368H_DISPLAY_MILEAGE?AIP3368H_DISPLAY
            CODE    2A5EH     005BH     UNIT         ?PR?_AIP3368H_DISPLAY_SPEED?AIP3368H_DISPLAY
            CODE    2AB9H     005AH     UNIT         ?PR?TIMR1_IRQHANDLER?TMR1
            CODE    2B13H     0056H     UNIT         ?PR?___AIP3368H_DISPLAY_ENGINE_SPEED_GEAR__?AIP3368H_DISPLAY
            CODE    2B69H     0056H     UNIT         ?PR?___AIP3368H_DISPLAY_ENGINE_SPEED_SCALE_BAR__?AIP3368H_DISPLAY
            CODE    2BBFH     0056H     UNIT         ?PR?___AIP3368H_DISPLAY_FUEL_LEV_UPPER_MARKER__?AIP3368H_DISPLAY
            CODE    2C15H     0056H     UNIT         ?PR?___AIP3368H_DISPLAY_FUEL_LEV__?AIP3368H_DISPLAY
            CODE    2C6BH     0054H     UNIT         ?PR?ENGINE_SPEED_SCAN_TIMER_50US_ISR?ENGINE_SPEED_SCAN
            CODE    2CBFH     0053H     UNIT         ?PR?_FUEL_CAPACITY_CONVERT_VOLTAGE_TO_LEV?FUEL_CAPACITY
            CODE    2D12H     0053H     UNIT         ?PR?BOOT_ANIMATION_PROCESS?BOOT_ANIMATION
            CODE    2D65H     0047H     UNIT         ?PR?FUEL_CAPACITY
            CODE    2DACH     0046H     UNIT         ?PR?AIP1302_READ_ALL?AIP1302
            CODE    2DF2H     0045H     UNIT         ?PR?___IO_KEY_GET_EVENT__?IO_KEY
            CODE    2E37H     0044H     UNIT         ?PR?INSTRUMENT_INFO_INIT?INSTRUMENT
            CODE    2E7BH     0042H     UNIT         ?PR?SPEED_SCAN
            CODE    2EBDH     0040H     UNIT         ?PR?TMR1_CONFIG?TMR1
            CODE    2EFDH     003FH     UNIT         ?PR?AIP1302_UPDATE_TIME?AIP1302
            CODE    2F3CH     003EH     UNIT         ?PR?UPDATE_ENGINE_SPEED_SCAN_DATA?ENGINE_SPEED_SCAN
            CODE    2F7AH     003EH     UNIT         ?PR?FUEL_CAPACITY_ADC_VAL_GET?FUEL_CAPACITY
            CODE    2FB8H     003CH     UNIT         ?PR?AIP3368
            CODE    2FF4H     0039H     UNIT         ?PR?SPEED_SCAN_UPDATE_DATA?SPEED_SCAN
            CODE    302DH     0038H     UNIT         ?PR?__FUEL_VOLTAGE_SAMPLES_GET__?FUEL_CAPACITY
            CODE    3065H     0037H     UNIT         ?PR?ADC_CHANNEL_SWITCH_BY_ISR?ADC
            CODE    309CH     0037H     UNIT         ?PR?_FLASH_PROGRAM?USER_FLASH
            CODE    30D3H     0034H     UNIT         ?PR?_FLASH_READ?USER_FLASH
            CODE    3107H     0033H     UNIT         ?PR?TMR2_CONFIG?TMR2
            CODE    313AH     0031H     UNIT         ?PR?_AIP3368H_MODULE_SET_BRIGHTNESS?AIP3368
            CODE    316BH     0030H     UNIT         ?PR?AIP1302
            CODE    319BH     002FH     UNIT         ?PR?_ADC_CHANNEL_SET?ADC
            CODE    31CAH     002DH     UNIT         ?PR?MAIN?MAIN
            CODE    31F7H     002DH     UNIT         ?PR?AIP3368H_DISPLAY_LIGHT_BLINK_TEST_1MS_ISR?AIP3368H_DISPLAY
            CODE    3224H     0028H     UNIT         ?PR?USER_INIT?MAIN
            CODE    324CH     0025H     UNIT         ?PR?ADC_CONFIG?ADC
            CODE    3271H     0025H     UNIT         ?PR?AIP3368H_DISPLAY_ENGINE_SPEED_REFRESH_TIME_ADD?ENGINE_SPEED_SCA
BL51 BANKED LINKER/LOCATER V6.22.4.0                                                  08/07/2026  17:49:31  PAGE 5


>> N
            CODE    3296H     0023H     UNIT         ?PR?AIP3368H_MODULE_DISPLAY?AIP3368
            CODE    32B9H     0022H     UNIT         ?PR?___AIP3368H_DISPLAY_GEAR_SEG__?AIP3368H_DISPLAY
            CODE    32DBH     0021H     UNIT         ?PR?KEY_DRIVER
            CODE    32FCH     0021H     UNIT         ?PR?_FUEL_CAPACITY_ADC_VAL_SAMPLES_UPDATE?FUEL_CAPACITY
            CODE    331DH     0021H     UNIT         ?PR?IO_KEY_HANDLE?IO_KEY
            CODE    333EH     001DH     UNIT         ?PR?_AIP3368H_DISPLAY_X1000RPM_LIGHT?AIP3368H_DISPLAY
            CODE    335BH     001CH     UNIT         ?PR?INSTRUMENT_INFO_SAVE?INSTRUMENT
            CODE    3377H     001BH     UNIT         ?PR?UART0_DEBUG_INIT?UART0
            CODE    3392H     001AH     UNIT         ?PR?_REVERSE_BITS_U8?AIP1302
            CODE    33ACH     001AH     UNIT         ?PR?_AIP3368H_DISPLAY_BAT_LEV_LIGHT?AIP3368H_DISPLAY
            CODE    33C6H     0019H     UNIT         ?PR?ENGINE_SPEED_GET_LEVEL?ENGINE_SPEED_SCAN
            CODE    33DFH     0019H     UNIT         ?PR?___FUEL_VOLTAGE_SAMPLES_UPDATE__?FUEL_CAPACITY
            CODE    33F8H     0018H     UNIT         ?PR?TIMR2_IRQHANDLER?TMR2
            CODE    3410H     0018H     UNIT         ?PR?_SPEED_FILTER_ADD?SPEED_SCAN
            CODE    3428H     0018H     UNIT         ?PR?MILEAGE
            CODE    3440H     0017H     UNIT         ?PR?AIP3368H_REFRESH_TIME_ADD?AIP3368
            CODE    3457H     0017H     UNIT         ?PR?AIP1302_TEST_1MS_ISR?AIP1302
            CODE    346EH     0017H     UNIT         ?PR?ENGINE_SPEED_SCAN
            CODE    3485H     0017H     UNIT         ?PR?AIP3368H_DISPLAY_MILEAGE_REFRESH?MILEAGE
            CODE    349CH     0017H     UNIT         ?PR?FUEL_CAPACITY_SCAN_TIME_ADD?FUEL_CAPACITY
            CODE    34B3H     0017H     UNIT         ?PR?FUEL_LEV_UPDATE_TIME_ADD?FUEL_CAPACITY
            CODE    34CAH     0016H     UNIT         ?PR?_AIP1302_READ_BYTE?AIP1302
            CODE    34E0H     0015H     UNIT         ?PR?_SPEED_FILTER_INIT?SPEED_SCAN
            CODE    34F5H     0013H     UNIT         ?PR?_AIP3368H_DISPLAY_ENGINE_FAULT_LIGHT?AIP3368H_DISPLAY
            CODE    3508H     0013H     UNIT         ?PR?_AIP3368H_DISPLAY_MPH_LIGHT?AIP3368H_DISPLAY
            CODE    351BH     0013H     UNIT         ?PR?_AIP3368H_DISPLAY_MILEAGE_POINT_LIGHT?AIP3368H_DISPLAY
            CODE    352EH     0013H     UNIT         ?PR?_AIP3368H_DISPLAY_BATTERY_8_SYMBOL_LIGHT?AIP3368H_DISPLAY
            CODE    3541H     0011H     UNIT         ?PR?_AIP3368H_DISPLAY_SPEED_SPLIT_LINE_LIGHT?AIP3368H_DISPLAY
            CODE    3552H     0011H     UNIT         ?PR?_AIP3368H_DISPLAY_BAT_LEV_UPPER_MARKER_LIGHT?AIP3368H_DISPLAY
            CODE    3563H     0010H     UNIT         ?PR?_AIP3368H_DISPLAY_LEFT_TURN_LIGHT?AIP3368H_DISPLAY
            CODE    3573H     0010H     UNIT         ?PR?_AIP3368H_DISPLAY_N_LIGHT?AIP3368H_DISPLAY
            CODE    3583H     0010H     UNIT         ?PR?_AIP3368H_DISPLAY_HIGH_BEAM_LIGHT?AIP3368H_DISPLAY
            CODE    3593H     0010H     UNIT         ?PR?_AIP3368H_DISPLAY_RIGHT_TURN_LIGHT?AIP3368H_DISPLAY
            CODE    35A3H     0010H     UNIT         ?PR?_AIP3368H_DISPLAY_TIME_COLON_LIGHT?AIP3368H_DISPLAY
            CODE    35B3H     0010H     UNIT         ?PR?_AIP3368H_DISPLAY_FUEL_FULL_LIGHT?AIP3368H_DISPLAY
            CODE    35C3H     0010H     UNIT         ?PR?_AIP3368H_DISPLAY_KMH_LIGHT?AIP3368H_DISPLAY
            CODE    35D3H     0010H     UNIT         ?PR?_AIP3368H_DISPLAY_TRIP_LIGHT?AIP3368H_DISPLAY
            CODE    35E3H     0010H     UNIT         ?PR?_AIP3368H_DISPLAY_ODO_LIGHT?AIP3368H_DISPLAY
            CODE    35F3H     0010H     UNIT         ?PR?_AIP3368H_DISPLAY_MILES_LIGHT?AIP3368H_DISPLAY
            CODE    3603H     0010H     UNIT         ?PR?_AIP3368H_DISPLAY_KM_LIGHT?AIP3368H_DISPLAY
            CODE    3613H     0010H     UNIT         ?PR?_AIP3368H_DISPLAY_BATTERY_ICON_LIGHT?AIP3368H_DISPLAY
            CODE    3623H     0010H     UNIT         ?PR?_AIP3368H_DISPLAY_BATTERY_16_SYMBOL_LIGHT?AIP3368H_DISPLAY
            CODE    3633H     0010H     UNIT         ?PR?BOOT_ANIMATION
            CODE    3643H     000FH     UNIT         ?PR?___FUEL_VOLTAGE_SAMPLES_INIT__?FUEL_CAPACITY
            CODE    3652H     000FH     UNIT         ?PR?_AIP3368H_DISPLAY_PHONE_LIGHT?AIP3368H_DISPLAY
            CODE    3661H     000FH     UNIT         ?PR?_AIP3368H_DISPLAY_FUEL_EMPTY_LIGHT?AIP3368H_DISPLAY
            CODE    3670H     000FH     UNIT         ?PR?_AIP3368H_DISPLAY_FUEL_ICON_LIGHT?AIP3368H_DISPLAY
            CODE    367FH     000FH     UNIT         ?PR?IO_KEY
            CODE    368EH     000EH     UNIT         ?PR?_PUTCHAR?UART0
            CODE    369CH     000EH     UNIT         ?PR?UI_DISPLAY_REFRESH?UI
            CODE    36AAH     000DH     UNIT         ?PR?AIP1302_DATA_MODE_IN?AIP1302
            CODE    36B7H     000DH     UNIT         ?PR?SPEED_SCAN_CONFIG?SPEED_SCAN
            CODE    36C4H     000DH     UNIT         ?PR?ENGINE_SPEED_SCAN_CONFIG?ENGINE_SPEED_SCAN
            CODE    36D1H     000CH     UNIT         ?PR?___FUEL_CAPACITY_ADC_VAL_SAMPLES_INIT__?FUEL_CAPACITY
            CODE    36DDH     000BH     UNIT         ?PR?_DELAY?SYSTEM
            CODE    36E8H     000BH     UNIT         ?CO?MAIN
BL51 BANKED LINKER/LOCATER V6.22.4.0                                                  08/07/2026  17:49:31  PAGE 6


            CODE    36F3H     000BH     UNIT         ?PR?BOOT_ANIMATION_TIME_BASE_ADD_1MS_ISR?BOOT_ANIMATION
            CODE    36FEH     0009H     UNIT         ?PR?IO_KEY_GET_KEY_ID?IO_KEY
            CODE    3707H     0008H     UNIT         ?PR?_UART0_SEND_BYTE?UART0
            CODE    370FH     0008H     UNIT         ?PR?UI_MANAGER_INIT?UI
            CODE    3717H     0008H     UNIT         ?PR?UI_DISPLAY_HANDLE?UI
            CODE    371FH     0007H     UNIT         ?PR?IO_KEY_CONFIG?IO_KEY
            CODE    3726H     0006H     UNIT         ?PR?AIP1302_DATA_MODE_OUT?AIP1302
            CODE    372CH     0006H     UNIT         ?PR?_UI_SET_STATE?UI
            CODE    3732H     0003H     UNIT         ?PR?UI_TIMER_HANDLE_ISR?UI



OVERLAY MAP OF MODULE:   .\Release\Objects\Project (?C_STARTUP)


SEGMENT                                             BIT_GROUP          DATA_GROUP          XDATA_GROUP
  +--> CALLED SEGMENT                            START    LENGTH     START    LENGTH     START    LENGTH
--------------------------------------------------------------------------------------------------------
?C_C51STARTUP                                    -----    -----      -----    -----      -----    -----
  +--> ?PR?MAIN?MAIN
  +--> ?C_INITSEG

?PR?MAIN?MAIN                                    -----    -----      -----    -----      -----    -----
  +--> ?PR?SYSTEM_INIT?SYSTEM
  +--> ?PR?USER_INIT?MAIN
  +--> ?PR?UI_MANAGER_INIT?UI
  +--> ?PR?AIP1302_TEST?AIP1302
  +--> ?PR?PIN_LEVEL_SCAN?PIN_LEVEL_SCAN
  +--> ?PR?_KEY_DRIVER_SCAN?KEY_DRIVER
  +--> ?PR?IO_KEY_HANDLE?IO_KEY

?PR?SYSTEM_INIT?SYSTEM                           -----    -----      -----    -----      -----    -----
  +--> ?PR?_DELAY?SYSTEM
  +--> ?PR?_DELAY_MS?SYSTEM

?PR?_DELAY_MS?SYSTEM                             -----    -----      -----    -----      -----    -----
  +--> ?PR?_DELAY?SYSTEM

?PR?USER_INIT?MAIN                               -----    -----      -----    -----      -----    -----
  +--> ?PR?DEBUG_PIN_INIT?MAIN
  +--> ?PR?UART0_DEBUG_INIT?UART0
  +--> ?CO?MAIN
  +--> ?PR?PRINTF?PRINTF
  +--> ?PR?PIN_LEVEL_SCAN_CONFIG?PIN_LEVEL_SCAN
  +--> ?PR?IO_KEY_CONFIG?IO_KEY
  +--> ?PR?AIP1302_CONFIG?AIP1302
  +--> ?PR?ADC_CONFIG?ADC
  +--> ?PR?AIP3368H_MODULE_INIT?AIP3368
  +--> ?PR?TMR1_CONFIG?TMR1
  +--> ?PR?_DELAY_MS?SYSTEM

?PR?PRINTF?PRINTF                                0020H.0  0001H.1    0008H    0005H      622EH    0028H
  +--> ?PR?_PUTCHAR?UART0

?PR?_PUTCHAR?UART0                               -----    -----      -----    -----      6256H    0001H
  +--> ?PR?_UART0_SEND_BYTE?UART0

BL51 BANKED LINKER/LOCATER V6.22.4.0                                                  08/07/2026  17:49:31  PAGE 7


?PR?AIP1302_CONFIG?AIP1302                       -----    -----      -----    -----      -----    -----
  +--> ?PR?AIP1302
  +--> ?PR?AIP1302_IS_WORKING?AIP1302
  +--> ?CO?AIP1302
  +--> ?PR?PRINTF?PRINTF
  +--> ?PR?_AIP1302_WRITE_BYTE?AIP1302

?PR?AIP1302                                      -----    -----      -----    -----      -----    -----
  +--> ?PR?AIP1302_DATA_MODE_OUT?AIP1302

?PR?AIP1302_IS_WORKING?AIP1302                   -----    -----      -----    -----      -----    -----
  +--> ?PR?AIP1302_READ_ALL?AIP1302

?PR?AIP1302_READ_ALL?AIP1302                     -----    -----      -----    -----      -----    -----
  +--> ?PR?_AIP1302_READ_BYTE?AIP1302

?PR?_AIP1302_READ_BYTE?AIP1302                   -----    -----      -----    -----      622EH    0001H
  +--> ?PR?___AIP1302_READ_BYTE__?AIP1302
  +--> ?PR?___AIP1302_CONVERT_READ_BYTE__?AI...

?PR?___AIP1302_READ_BYTE__?AIP1302               -----    -----      -----    -----      622FH    0003H
  +--> ?PR?AIP1302
  +--> ?PR?_DELAY?SYSTEM
  +--> ?PR?AIP1302_DATA_MODE_IN?AIP1302

?PR?___AIP1302_CONVERT_READ_BYTE__?AI...         -----    -----      -----    -----      622FH    0003H
  +--> ?PR?_REVERSE_BITS_U8?AIP1302

?PR?_AIP1302_WRITE_BYTE?AIP1302                  -----    -----      -----    -----      622EH    0004H
  +--> ?PR?___AIP1302_WRITE_BYTE__?AIP1302

?PR?___AIP1302_WRITE_BYTE__?AIP1302              -----    -----      -----    -----      6232H    0003H
  +--> ?PR?AIP1302
  +--> ?PR?_DELAY?SYSTEM

?PR?AIP3368H_MODULE_INIT?AIP3368                 -----    -----      -----    -----      -----    -----
  +--> ?PR?AIP3368
  +--> ?PR?_AIP3368H_MODULE_SEND_DATA_TO_ALL...
  +--> ?PR?_AIP3368H_MODULE_SET_BRIGHTNESS?A...

?PR?_AIP3368H_MODULE_SEND_DATA_TO_ALL...         -----    -----      -----    -----      622EH    0010H
  +--> ?PR?AIP3368

?PR?UI_MANAGER_INIT?UI                           -----    -----      -----    -----      -----    -----
  +--> ?PR?UI_DISPLAY_REFRESH?UI

?PR?AIP1302_TEST?AIP1302                         -----    -----      -----    -----      -----    -----
  +--> ?PR?_AIP1302_READ_BYTE?AIP1302
  +--> ?CO?AIP1302
  +--> ?PR?PRINTF?PRINTF

?PR?PIN_LEVEL_SCAN?PIN_LEVEL_SCAN                -----    -----      -----    -----      -----    -----
  +--> ?PR?_AIP3368H_DISPLAY_GEAR?AIP3368H_D...
  +--> ?PR?_AIP3368H_DISPLAY_LEFT_TURN_LIGHT...
  +--> ?PR?_AIP3368H_DISPLAY_RIGHT_TURN_LIGH...
  +--> ?PR?_AIP3368H_DISPLAY_HIGH_BEAM_LIGHT...
  +--> ?PR?_AIP3368H_DISPLAY_ENGINE_FAULT_LI...
BL51 BANKED LINKER/LOCATER V6.22.4.0                                                  08/07/2026  17:49:31  PAGE 8



?PR?_AIP3368H_DISPLAY_GEAR?AIP3368H_D...         -----    -----      -----    -----      622EH    0003H
  +--> ?PR?AIP3368H_DISPLAY
  +--> ?PR?_AIP3368H_DISPLAY_N_LIGHT?AIP3368...
  +--> ?PR?___AIP3368H_DISPLAY_GEAR_SEG__?AI...

?PR?___AIP3368H_DISPLAY_GEAR_SEG__?AI...         -----    -----      -----    -----      -----    -----
  +--> ?PR?AIP3368H_DISPLAY

?PR?_KEY_DRIVER_SCAN?KEY_DRIVER                  -----    -----      -----    -----      622EH    0002H
  +--> ?PR?KEY_DRIVER

?PR?IO_KEY_HANDLE?IO_KEY                         -----    -----      -----    -----      -----    -----
  +--> ?PR?___IO_KEY_GET_EVENT__?IO_KEY
  +--> ?PR?UI_DISPLAY_REFRESH?UI

?PR?___IO_KEY_GET_EVENT__?IO_KEY                 -----    -----      -----    -----      -----    -----
  +--> ?PR?IO_KEY

?C_INITSEG                                       -----    -----      -----    -----      -----    -----
  +--> ?PR?IO_KEY_GET_KEY_ID?IO_KEY

*** NEW ROOT ***************************************************

?PR?TIMR1_IRQHANDLER?TMR1                        -----    -----      -----    -----      -----    -----
  +--> ?PR?AIP1302_TEST_1MS_ISR?AIP1302
  +--> ?PR?BOOT_ANIMATION_TIME_BASE_ADD_1MS_...
  +--> ?PR?UI_TIMER_HANDLE_ISR?UI
  +--> ?PR?AIP3368H_DISPLAY_LIGHT_BLINK_TEST...

?PR?UI_TIMER_HANDLE_ISR?UI                       -----    -----      -----    -----      -----    -----
  +--> ?PR?AIP3368H_REFRESH_TIME_ADD?AIP3368

*** NEW ROOT ***************************************************

?PR?ADC_IRQHANDLER?ADC                           -----    -----      -----    -----      -----    -----
  +--> ?PR?_FUEL_CAPACITY_ADC_VAL_SAMPLES_UP...

?PR?_FUEL_CAPACITY_ADC_VAL_SAMPLES_UP...         -----    -----      -----    -----      -----    -----
  +--> ?PR?___FUEL_CAPACITY_ADC_VAL_SAMPLES_...
  +--> ?PR?FUEL_CAPACITY

?PR?___FUEL_CAPACITY_ADC_VAL_SAMPLES_...         -----    -----      -----    -----      -----    -----
  +--> ?PR?FUEL_CAPACITY

?PR?FUEL_CAPACITY                                -----    -----      -----    -----      -----    -----
  +--> ?PR?_FUEL_CAPACITY_CONVERT_VOLTAGE_TO...



SYMBOL TABLE OF MODULE:  .\Release\Objects\Project (?C_STARTUP)

  VALUE           TYPE          NAME
  ----------------------------------

  -------         MODULE        ?C_STARTUP
  C:1EFDH         SEGMENT       ?C_C51STARTUP
BL51 BANKED LINKER/LOCATER V6.22.4.0                                                  08/07/2026  17:49:31  PAGE 9


  I:0022H         SEGMENT       ?STACK
  C:0000H         PUBLIC        ?C_STARTUP
  D:00E0H         SYMBOL        ACC
  D:00F0H         SYMBOL        B
  D:0083H         SYMBOL        DPH
  D:0082H         SYMBOL        DPL
  N:0000H         SYMBOL        IBPSTACK
  N:0100H         SYMBOL        IBPSTACKTOP
  N:0080H         SYMBOL        IDATALEN
  C:1F00H         SYMBOL        IDATALOOP
  N:0000H         SYMBOL        PBPSTACK
  N:0100H         SYMBOL        PBPSTACKTOP
  N:0000H         SYMBOL        PDATALEN
  N:0000H         SYMBOL        PDATASTART
  N:0000H         SYMBOL        PPAGE
  N:0000H         SYMBOL        PPAGEENABLE
  D:00A0H         SYMBOL        PPAGE_SFR
  D:0081H         SYMBOL        SP
  C:1EFDH         SYMBOL        STARTUP1
  N:0000H         SYMBOL        XBPSTACK
  N:0000H         SYMBOL        XBPSTACKTOP
  N:0700H         SYMBOL        XDATALEN
  C:1F0BH         SYMBOL        XDATALOOP
  N:6000H         SYMBOL        XDATASTART
  C:0000H         LINE#         126
  C:1EFDH         LINE#         133
  C:1EFFH         LINE#         134
  C:1F00H         LINE#         135
  C:1F01H         LINE#         136
  C:1F03H         LINE#         140
  C:1F06H         LINE#         141
  C:1F08H         LINE#         145
  C:1F0AH         LINE#         147
  C:1F0BH         LINE#         148
  C:1F0CH         LINE#         149
  C:1F0DH         LINE#         150
  C:1F0FH         LINE#         151
  C:1F11H         LINE#         185
  C:1F14H         LINE#         196
  -------         ENDMOD        ?C_STARTUP

  -------         MODULE        SYSTEM
  C:0000H         SYMBOL        _ICE_DUMMY_
  D:00D9H         PUBLIC        WDT_KEY
  D:00A7H         PUBLIC        FLASH_TIMEREG0
  D:00ACH         PUBLIC        FLASH_TIMEREG1
  C:36DDH         PUBLIC        _delay
  C:0027H         PUBLIC        _delay_ms
  C:1941H         PUBLIC        system_init
  -------         PROC          _DELAY
  D:0006H         SYMBOL        cnt
  C:36DDH         LINE#         37
  C:36DDH         LINE#         38
  C:36DDH         LINE#         39
  C:36E7H         LINE#         40
  C:36E7H         LINE#         41
  C:36E7H         LINE#         42
BL51 BANKED LINKER/LOCATER V6.22.4.0                                                  08/07/2026  17:49:31  PAGE 10


  -------         ENDPROC       _DELAY
  -------         PROC          _DELAY_MS
  D:0002H         SYMBOL        ms
  C:0027H         LINE#         49
  C:002BH         LINE#         50
  C:002BH         LINE#         51
  C:0035H         LINE#         52
  C:0035H         LINE#         53
  C:003CH         LINE#         54
  C:003FH         LINE#         55
  C:0041H         LINE#         56
  -------         ENDPROC       _DELAY_MS
  -------         PROC          SYSTEM_INIT
  -------         DO            
  D:0007H         SYMBOL        i
  -------         ENDDO         
  C:1941H         LINE#         63
  C:1941H         LINE#         64
  C:1941H         LINE#         67
  C:1948H         LINE#         68
  C:1955H         LINE#         69
  C:1958H         LINE#         72
  C:195BH         LINE#         73
  C:1961H         LINE#         74
  C:1967H         LINE#         75
  C:196DH         LINE#         76
  C:1973H         LINE#         77
  C:197AH         LINE#         81
  C:197CH         LINE#         82
  C:197CH         LINE#         83
  C:1989H         LINE#         84
  C:198EH         LINE#         86
  C:1A1CH         LINE#         87
  -------         ENDPROC       SYSTEM_INIT
  -------         ENDMOD        SYSTEM

  -------         MODULE        TK_SET
  C:0000H         SYMBOL        _ICE_DUMMY_
  -------         ENDMOD        TK_SET

  -------         MODULE        TMR1
  C:0000H         SYMBOL        _ICE_DUMMY_
  C:2EBDH         PUBLIC        tmr1_config
  D:00A8H         PUBLIC        IE0
  D:00A9H         PUBLIC        IE1
  D:00AAH         PUBLIC        IE2
  D:00ABH         PUBLIC        IE3
  B:00A8H.7       PUBLIC        IE_EA
  D:00B8H         PUBLIC        IP0
  D:00B1H         PUBLIC        IP1
  D:00B2H         PUBLIC        IP2
  D:00B3H         PUBLIC        IP3
  D:00B4H         PUBLIC        IP4
  D:00B5H         PUBLIC        IP5
  D:00B6H         PUBLIC        IP6
  D:00B7H         PUBLIC        IP7
  D:00D1H         PUBLIC        TMR_ALLCON
BL51 BANKED LINKER/LOCATER V6.22.4.0                                                  08/07/2026  17:49:31  PAGE 11


  C:2AB9H         PUBLIC        TIMR1_IRQHandler
  -------         PROC          TMR1_CONFIG
  C:2EBDH         LINE#         21
  C:2EBDH         LINE#         22
  C:2EBDH         LINE#         23
  C:2EC3H         LINE#         24
  C:2EC6H         LINE#         25
  C:2EC8H         LINE#         27
  C:2ECBH         LINE#         30
  C:2ED1H         LINE#         31
  C:2ED5H         LINE#         32
  C:2ED9H         LINE#         33
  C:2EDDH         LINE#         35
  C:2EE2H         LINE#         36
  C:2EE6H         LINE#         39
  C:2EEBH         LINE#         40
  C:2EEFH         LINE#         46
  C:2EF5H         LINE#         47
  C:2EF9H         LINE#         49
  C:2EFCH         LINE#         51
  -------         ENDPROC       TMR1_CONFIG
  -------         PROC          TIMR1_IRQHANDLER
  C:2AB9H         LINE#         54
  C:2AD6H         LINE#         57
  C:2AD6H         LINE#         62
  C:2ADCH         LINE#         63
  C:2AE0H         LINE#         66
  C:2AE3H         LINE#         69
  C:2AECH         LINE#         70
  C:2AEFH         LINE#         71
  C:2AEFH         LINE#         102
  C:2AF2H         LINE#         103
  C:2AF5H         LINE#         121
  C:2AF8H         LINE#         154
  C:2AF8H         LINE#         157
  C:2AF8H         LINE#         158
  -------         ENDPROC       TIMR1_IRQHANDLER
  -------         ENDMOD        TMR1

  -------         MODULE        TMR2
  C:0000H         SYMBOL        _ICE_DUMMY_
  C:3107H         PUBLIC        tmr2_config
  D:00A8H         PUBLIC        IE0
  D:00A9H         PUBLIC        IE1
  D:00AAH         PUBLIC        IE2
  D:00ABH         PUBLIC        IE3
  B:00A8H.7       PUBLIC        IE_EA
  D:00B8H         PUBLIC        IP0
  D:00B1H         PUBLIC        IP1
  D:00B2H         PUBLIC        IP2
  D:00B3H         PUBLIC        IP3
  D:00B4H         PUBLIC        IP4
  D:00B5H         PUBLIC        IP5
  D:00B6H         PUBLIC        IP6
  D:00B7H         PUBLIC        IP7
  D:00D1H         PUBLIC        TMR_ALLCON
  C:33F8H         PUBLIC        TIMR2_IRQHandler
BL51 BANKED LINKER/LOCATER V6.22.4.0                                                  08/07/2026  17:49:31  PAGE 12


  -------         PROC          TMR2_CONFIG
  C:3107H         LINE#         11
  C:3107H         LINE#         12
  C:3107H         LINE#         13
  C:310DH         LINE#         14
  C:3110H         LINE#         15
  C:3112H         LINE#         18
  C:3115H         LINE#         21
  C:311BH         LINE#         22
  C:3121H         LINE#         24
  C:3128H         LINE#         25
  C:312CH         LINE#         27
  C:3132H         LINE#         30
  C:3136H         LINE#         34
  C:3139H         LINE#         35
  -------         ENDPROC       TMR2_CONFIG
  -------         PROC          TIMR2_IRQHANDLER
  C:33F8H         LINE#         38
  C:33FEH         LINE#         41
  C:33FEH         LINE#         45
  C:3405H         LINE#         46
  C:3405H         LINE#         47
  C:3409H         LINE#         56
  C:3409H         LINE#         59
  C:3409H         LINE#         60
  -------         ENDPROC       TIMR2_IRQHANDLER
  -------         ENDMOD        TMR2

  -------         MODULE        UART0
  C:0000H         SYMBOL        _ICE_DUMMY_
  C:368EH         PUBLIC        _putchar
  C:3377H         PUBLIC        uart0_debug_init
  D:00D2H         PUBLIC        UART0_CON0
  D:00D4H         PUBLIC        UART0_STA
  D:00D5H         PUBLIC        UART0_BAUD0
  D:00D6H         PUBLIC        UART0_BAUD1
  D:00D7H         PUBLIC        UART0_DATA
  C:3707H         PUBLIC        _uart0_send_byte
  -------         PROC          _PUTCHAR
  X:6256H         SYMBOL        c
  C:368EH         LINE#         11
  C:3693H         LINE#         12
  C:3693H         LINE#         13
  C:3696H         LINE#         14
  C:369BH         LINE#         15
  -------         ENDPROC       _PUTCHAR
  -------         PROC          UART0_DEBUG_INIT
  C:3377H         LINE#         18
  C:3377H         LINE#         19
  C:3377H         LINE#         20
  C:337DH         LINE#         21
  C:3381H         LINE#         22
  C:3388H         LINE#         24
  C:338BH         LINE#         25
  C:338EH         LINE#         26
  C:3391H         LINE#         28
  -------         ENDPROC       UART0_DEBUG_INIT
BL51 BANKED LINKER/LOCATER V6.22.4.0                                                  08/07/2026  17:49:31  PAGE 13


  -------         PROC          _UART0_SEND_BYTE
  D:0007H         SYMBOL        byte
  C:3707H         LINE#         30
  C:3707H         LINE#         31
  C:3707H         LINE#         33
  C:370CH         LINE#         35
  C:370EH         LINE#         36
  -------         ENDPROC       _UART0_SEND_BYTE
  -------         ENDMOD        UART0

  -------         MODULE        ADC
  C:0000H         SYMBOL        _ICE_DUMMY_
  D:00A8H         PUBLIC        IE0
  D:00A9H         PUBLIC        IE1
  D:00AAH         PUBLIC        IE2
  D:00ABH         PUBLIC        IE3
  B:00A8H.7       PUBLIC        IE_EA
  D:00B8H         PUBLIC        IP0
  D:00B1H         PUBLIC        IP1
  D:00B2H         PUBLIC        IP2
  D:00B3H         PUBLIC        IP3
  D:00B4H         PUBLIC        IP4
  D:00B5H         PUBLIC        IP5
  D:00B6H         PUBLIC        IP6
  D:00B7H         PUBLIC        IP7
  D:0091H         PUBLIC        ADC_CFG2
  D:0093H         PUBLIC        ADC_DATAH0
  D:0094H         PUBLIC        ADC_DATAL0
  D:0099H         PUBLIC        ADC_CHS0
  D:009EH         PUBLIC        ADC_TRGS0
  X:6336H         PUBLIC        adc_val
  C:324CH         PUBLIC        adc_config
  C:319BH         PUBLIC        _adc_channel_set
  C:3065H         PUBLIC        adc_channel_switch_by_isr
  X:6338H         SYMBOL        adc_channel_status
  C:276AH         PUBLIC        ADC_IRQHandler
  -------         PROC          ADC_CONFIG
  C:324CH         LINE#         9
  C:324CH         LINE#         10
  C:324CH         LINE#         12
  C:3252H         LINE#         15
  C:3256H         LINE#         17
  C:325CH         LINE#         19
  C:325FH         LINE#         21
  C:3265H         LINE#         25
  C:3268H         LINE#         26
  C:326BH         LINE#         27
  C:326EH         LINE#         28
  C:3270H         LINE#         29
  -------         ENDPROC       ADC_CONFIG
  -------         PROC          _ADC_CHANNEL_SET
  D:0007H         SYMBOL        adc_channel
  C:319BH         LINE#         32
  C:319BH         LINE#         33
  C:319BH         LINE#         35
  C:319EH         LINE#         36
  C:31A5H         LINE#         40
BL51 BANKED LINKER/LOCATER V6.22.4.0                                                  08/07/2026  17:49:31  PAGE 14


  C:31ADH         LINE#         42
  C:31ADH         LINE#         44
  C:31B4H         LINE#         47
  C:31B7H         LINE#         48
  C:31B9H         LINE#         50
  C:31B9H         LINE#         52
  C:31C0H         LINE#         55
  C:31C3H         LINE#         57
  C:31C3H         LINE#         58
  C:31C3H         LINE#         60
  C:31C9H         LINE#         63
  -------         ENDPROC       _ADC_CHANNEL_SET
  -------         PROC          ADC_CHANNEL_SWITCH_BY_ISR
  C:3065H         LINE#         106
  C:3065H         LINE#         107
  C:3065H         LINE#         108
  C:3077H         LINE#         113
  C:3077H         LINE#         114
  C:3077H         LINE#         115
  C:307CH         LINE#         116
  C:3082H         LINE#         117
  C:3083H         LINE#         118
  C:3083H         LINE#         119
  C:3089H         LINE#         120
  C:308FH         LINE#         121
  C:3090H         LINE#         122
  C:3090H         LINE#         123
  C:3095H         LINE#         124
  C:309BH         LINE#         125
  C:309BH         LINE#         126
  C:309BH         LINE#         127
  C:309BH         LINE#         128
  C:309BH         LINE#         129
  -------         ENDPROC       ADC_CHANNEL_SWITCH_BY_ISR
  -------         PROC          ADC_IRQHANDLER
  -------         DO            
  D:0006H         SYMBOL        adc_val
  -------         ENDDO         
  C:276AH         LINE#         131
  C:2787H         LINE#         136
  C:2787H         LINE#         139
  C:278DH         LINE#         140
  C:2791H         LINE#         141
  C:27A4H         LINE#         143
  C:27ACH         LINE#         145
  C:27ACH         LINE#         146
  C:27AFH         LINE#         147
  C:27AFH         LINE#         149
  C:27AFH         LINE#         151
  C:27AFH         LINE#         152
  C:27AFH         LINE#         153
  C:27AFH         LINE#         156
  C:27AFH         LINE#         157
  -------         ENDPROC       ADC_IRQHANDLER
  -------         ENDMOD        ADC

  -------         MODULE        KEY_DRIVER
BL51 BANKED LINKER/LOCATER V6.22.4.0                                                  08/07/2026  17:49:31  PAGE 15


  C:0000H         SYMBOL        _ICE_DUMMY_
  C:1043H         PUBLIC        _key_driver_scan
  X:6326H         SYMBOL        is_key_active
  X:6327H         PUBLIC        scan_para
  C:32DBH         SYMBOL        Com0021
  C:32DBH         SYMBOL        L?0034
  C:32DEH         SYMBOL        L?0035
  C:32DFH         SYMBOL        L?0036
  C:32E5H         SYMBOL        L?0037
  C:32E8H         SYMBOL        L?0038
  C:32ECH         SYMBOL        L?0039
  C:32F2H         SYMBOL        L?0040
  C:32F5H         SYMBOL        L?0041
  -------         PROC          COM0021
  -------         ENDPROC       COM0021
  -------         PROC          _KEY_DRIVER_SCAN
  D:0001H         SYMBOL        _scan_para
  -------         DO            
  X:622EH         SYMBOL        key_event
  D:0007H         SYMBOL        cur_key_value
  X:622FH         SYMBOL        key_value
  C:11ABH         SYMBOL        _notify
  C:11CBH         SYMBOL        _scan_end
  -------         ENDDO         
  C:1043H         LINE#         21
  C:1043H         LINE#         23
  C:1043H         LINE#         28
  C:1048H         LINE#         29
  C:104AH         LINE#         30
  C:104EH         LINE#         34
  C:1054H         LINE#         37
  C:1067H         LINE#         39
  C:1067H         LINE#         41
  C:1071H         LINE#         43
  C:107AH         LINE#         49
  C:107EH         LINE#         50
  C:1084H         LINE#         51
  C:108CH         LINE#         52
  C:108FH         LINE#         53
  C:108FH         LINE#         83
  C:10A3H         LINE#         85
  C:10AAH         LINE#         86
  C:10B0H         LINE#         88
  C:10B0H         LINE#         91
  C:10C1H         LINE#         92
  C:10CCH         LINE#         94
  C:10CCH         LINE#         97
  C:10D8H         LINE#         104
  C:10DCH         LINE#         105
  C:10E3H         LINE#         106
  C:10E5H         LINE#         107
  C:10EBH         LINE#         108
  C:10EDH         LINE#         110
  C:10EDH         LINE#         113
  C:10EDH         LINE#         114
  C:10F5H         LINE#         115
  C:10F5H         LINE#         116
BL51 BANKED LINKER/LOCATER V6.22.4.0                                                  08/07/2026  17:49:31  PAGE 16


  C:10F8H         LINE#         121
  C:1100H         LINE#         122
  C:110CH         LINE#         123
  C:1111H         LINE#         124
  C:1115H         LINE#         125
  C:1118H         LINE#         126
  C:111EH         LINE#         127
  C:111EH         LINE#         128
  C:111EH         LINE#         130
  C:1120H         LINE#         135
  C:1120H         LINE#         140
  C:1124H         LINE#         142
  C:1135H         LINE#         146
  C:1146H         LINE#         166
  C:1146H         LINE#         167
  C:1148H         LINE#         169
  C:1148H         LINE#         170
  C:1155H         LINE#         172
  C:1157H         LINE#         174
  C:1157H         LINE#         175
  C:1162H         LINE#         176
  C:1165H         LINE#         178
  C:1165H         LINE#         179
  C:1165H         LINE#         180
  C:1165H         LINE#         182
  C:1165H         LINE#         183
  C:1165H         LINE#         185
  C:1170H         LINE#         186
  C:1178H         LINE#         187
  C:1178H         LINE#         191
  C:117EH         LINE#         192
  C:1184H         LINE#         197
  C:1192H         LINE#         198
  C:1197H         LINE#         199
  C:11A6H         LINE#         201
  C:11A6H         LINE#         202
  C:11A6H         LINE#         204
  C:11A6H         LINE#         207
  C:11ABH         LINE#         208
  C:11ABH         LINE#         210
  C:11ABH         LINE#         211
  C:11ABH         LINE#         213
  C:11ABH         LINE#         216
  C:11ABH         LINE#         218
  C:11ABH         LINE#         219
  C:11AFH         LINE#         220
  C:11B7H         LINE#         222
  C:11C1H         LINE#         223
  C:11CBH         LINE#         226
  C:11CBH         LINE#         235
  C:11CBH         LINE#         237
  C:11CBH         LINE#         238
  C:11D5H         LINE#         241
  -------         ENDPROC       _KEY_DRIVER_SCAN
  -------         ENDMOD        KEY_DRIVER

  -------         MODULE        USER_FLASH
BL51 BANKED LINKER/LOCATER V6.22.4.0                                                  08/07/2026  17:49:31  PAGE 17


  C:0000H         SYMBOL        _ICE_DUMMY_
  D:00A4H         PUBLIC        FLASH_CON
  D:00A5H         PUBLIC        FLASH_STA
  D:00A6H         PUBLIC        FLASH_DATA
  D:00AEH         PUBLIC        FLASH_PASSWORD
  D:00AFH         PUBLIC        FLASH_ADDR
  C:000FH         PUBLIC        _flash_erase_sector
  C:309CH         PUBLIC        _flash_program
  C:30D3H         PUBLIC        _flash_read
  -------         PROC          _FLASH_ERASE_SECTOR
  D:0007H         SYMBOL        addr
  C:000FH         LINE#         9
  C:000FH         LINE#         10
  C:000FH         LINE#         11
  C:0012H         LINE#         12
  C:0014H         LINE#         13
  C:0017H         LINE#         14
  C:001AH         LINE#         16
  C:001FH         LINE#         18
  -------         ENDPROC       _FLASH_ERASE_SECTOR
  -------         PROC          _FLASH_PROGRAM
  D:0007H         SYMBOL        addr
  X:6313H         SYMBOL        p_data
  X:6316H         SYMBOL        len
  C:309CH         LINE#         27
  C:30A2H         LINE#         28
  C:30A2H         LINE#         29
  C:30A5H         LINE#         30
  C:30A7H         LINE#         32
  C:30B0H         LINE#         33
  C:30B5H         LINE#         35
  C:30C4H         LINE#         36
  C:30C7H         LINE#         37
  C:30CAH         LINE#         39
  C:30D0H         LINE#         40
  C:30D2H         LINE#         41
  -------         ENDPROC       _FLASH_PROGRAM
  -------         PROC          _FLASH_READ
  D:0007H         SYMBOL        addr
  X:6318H         SYMBOL        p_data
  X:631BH         SYMBOL        len
  C:30D3H         LINE#         50
  C:30D9H         LINE#         51
  C:30D9H         LINE#         52
  C:30DFH         LINE#         53
  C:30FEH         LINE#         54
  C:3104H         LINE#         55
  C:3106H         LINE#         56
  -------         ENDPROC       _FLASH_READ
  -------         ENDMOD        USER_FLASH

  -------         MODULE        AIP3368
  C:0000H         SYMBOL        _ICE_DUMMY_
  X:6257H         PUBLIC        aip3368h_speed_panel_display_buff
  X:6263H         PUBLIC        aip3368h_engine_speed_panel_display_buff
  C:3440H         PUBLIC        aip3368h_refresh_time_add
  C:1D0EH         PUBLIC        aip3368h_module_init
BL51 BANKED LINKER/LOCATER V6.22.4.0                                                  08/07/2026  17:49:31  PAGE 18


  C:3296H         PUBLIC        aip3368h_module_display
  C:313AH         PUBLIC        _aip3368h_module_set_brightness
  B:0080H.3       PUBLIC        P03
  B:0090H.1       PUBLIC        P11
  B:0090H.2       PUBLIC        P12
  B:0090H.5       PUBLIC        P15
  X:6273H         SYMBOL        aip3368h_refresh_cnt
  C:1AE8H         SYMBOL        _aip3368h_module_send_data_to_all_dev
  C:2FB8H         SYMBOL        Com0015
  C:2FB8H         SYMBOL        L?0022
  C:2FD1H         SYMBOL        L?0023
  C:2FD4H         SYMBOL        L?0024
  C:2FDBH         SYMBOL        L?0025
  C:2FEBH         SYMBOL        L?0026
  -------         PROC          COM0015
  -------         ENDPROC       COM0015
  -------         PROC          AIP3368H_REFRESH_TIME_ADD
  C:3440H         LINE#         19
  C:3440H         LINE#         20
  C:3440H         LINE#         22
  C:344FH         LINE#         23
  C:344FH         LINE#         24
  C:3456H         LINE#         25
  C:3456H         LINE#         26
  -------         ENDPROC       AIP3368H_REFRESH_TIME_ADD
  -------         PROC          _AIP3368H_MODULE_SEND_DATA_TO_ALL_DEV
  X:622EH         SYMBOL        buff_group_1
  D:0005H         SYMBOL        len_group_1
  X:6232H         SYMBOL        buff_group_2
  X:6235H         SYMBOL        len_group_2
  -------         DO            
  X:6236H         SYMBOL        i
  X:6237H         SYMBOL        j
  X:6238H         SYMBOL        dat_group_1
  X:623AH         SYMBOL        dat_group_2
  X:623CH         SYMBOL        offset_group_1
  X:623DH         SYMBOL        offset_group_2
  -------         ENDDO         
  C:1AE8H         LINE#         56
  C:1AEEH         LINE#         61
  C:1AEEH         LINE#         79
  C:1AF6H         LINE#         80
  C:1B03H         LINE#         83
  C:1B05H         LINE#         84
  C:1B07H         LINE#         88
  C:1B0CH         LINE#         89
  C:1B0CH         LINE#         91
  C:1B13H         LINE#         92
  C:1B19H         LINE#         94
  C:1B20H         LINE#         95
  C:1B20H         LINE#         96
  C:1B32H         LINE#         97
  C:1B32H         LINE#         99
  C:1B3CH         LINE#         100
  C:1B3CH         LINE#         101
  C:1B51H         LINE#         102
  C:1B51H         LINE#         104
BL51 BANKED LINKER/LOCATER V6.22.4.0                                                  08/07/2026  17:49:31  PAGE 19


  C:1B56H         LINE#         105
  C:1B56H         LINE#         106
  C:1B63H         LINE#         107
  C:1B70H         LINE#         110
  C:1B72H         LINE#         113
  C:1B7FH         LINE#         114
  C:1B8CH         LINE#         116
  C:1B8EH         LINE#         118
  C:1B98H         LINE#         119
  C:1BA6H         LINE#         122
  C:1BA8H         LINE#         124
  C:1BAAH         LINE#         126
  C:1BACH         LINE#         127
  C:1BAEH         LINE#         128
  -------         ENDPROC       _AIP3368H_MODULE_SEND_DATA_TO_ALL_DEV
  -------         PROC          AIP3368H_MODULE_DISPLAY
  C:3296H         LINE#         133
  C:3296H         LINE#         134
  C:3296H         LINE#         136
  C:32A5H         LINE#         138
  C:32A5H         LINE#         140
  C:32A5H         LINE#         142
  C:32A5H         LINE#         143
  C:32A9H         LINE#         144
  C:32A9H         LINE#         169
  C:32B8H         LINE#         172
  -------         ENDPROC       AIP3368H_MODULE_DISPLAY
  -------         PROC          AIP3368H_MODULE_INIT
  C:1D0EH         LINE#         174
  C:1D0EH         LINE#         175
  C:1D0EH         LINE#         177
  C:1D17H         LINE#         178
  C:1D20H         LINE#         181
  C:1D26H         LINE#         182
  C:1D2AH         LINE#         183
  C:1D2FH         LINE#         185
  C:1D35H         LINE#         186
  C:1D39H         LINE#         187
  C:1D3EH         LINE#         189
  C:1D44H         LINE#         190
  C:1D48H         LINE#         191
  C:1D4DH         LINE#         193
  C:1D52H         LINE#         194
  C:1D56H         LINE#         195
  C:1D5BH         LINE#         198
  C:1D60H         LINE#         199
  C:1D64H         LINE#         200
  C:1D6AH         LINE#         204
  C:1D6EH         LINE#         205
  C:1D73H         LINE#         206
  C:1D77H         LINE#         207
  C:1D7BH         LINE#         208
  C:1D7DH         LINE#         210
  C:1D80H         LINE#         211
  C:1D85H         LINE#         212
  C:1D8BH         LINE#         213
  C:1D91H         LINE#         214
BL51 BANKED LINKER/LOCATER V6.22.4.0                                                  08/07/2026  17:49:31  PAGE 20


  C:1D97H         LINE#         215
  C:1D9DH         LINE#         217
  C:1D9FH         LINE#         218
  C:1DA1H         LINE#         219
  C:1DA3H         LINE#         220
  C:1DA5H         LINE#         222
  C:1DB3H         LINE#         227
  -------         ENDPROC       AIP3368H_MODULE_INIT
  -------         PROC          _AIP3368H_MODULE_SET_BRIGHTNESS
  D:0007H         SYMBOL        brightness
  -------         DO            
  D:0004H         SYMBOL        channel_duty
  -------         ENDDO         
  C:313AH         LINE#         237
  C:313AH         LINE#         238
  C:313AH         LINE#         240
  C:315DH         LINE#         242
  C:3161H         LINE#         243
  C:3164H         LINE#         244
  C:316AH         LINE#         245
  -------         ENDPROC       _AIP3368H_MODULE_SET_BRIGHTNESS
  -------         ENDMOD        AIP3368

  -------         MODULE        AIP1302
  C:0000H         SYMBOL        _ICE_DUMMY_
  B:0080H.1       PUBLIC        P01
  B:0080H.2       PUBLIC        P02
  B:0080H.4       PUBLIC        P04
  X:62DDH         PUBLIC        aip1302_info
  C:24CDH         PUBLIC        aip1302_config
  C:34CAH         PUBLIC        _aip1302_read_byte
  C:1C5FH         PUBLIC        _aip1302_write_byte
  C:2EFDH         PUBLIC        aip1302_update_time
  C:2DACH         PUBLIC        aip1302_read_all
  C:3457H         PUBLIC        aip1302_test_1ms_isr
  C:2251H         PUBLIC        aip1302_test
  C:27CAH         SYMBOL        aip1302_is_working
  C:21CBH         SYMBOL        ___aip1302_read_byte__
  C:3726H         SYMBOL        aip1302_data_mode_out
  C:36AAH         SYMBOL        aip1302_data_mode_in
  C:3392H         SYMBOL        _reverse_bits_u8
  C:2632H         SYMBOL        ___aip1302_convert_read_byte__
  C:202AH         SYMBOL        ___aip1302_write_byte__
  X:62E4H         SYMBOL        aip1302_test_cnt
  C:316BH         SYMBOL        Com004E
  C:316BH         SYMBOL        L?0079
  C:317BH         SYMBOL        L?0080
  C:3189H         SYMBOL        L?0081
  C:3194H         SYMBOL        L?0083
  -------         PROC          COM004E
  -------         ENDPROC       COM004E
  -------         PROC          AIP1302_DATA_MODE_OUT
  C:3726H         LINE#         16
  C:3726H         LINE#         17
  C:3726H         LINE#         18
  C:3728H         LINE#         19
  C:3728H         LINE#         20
BL51 BANKED LINKER/LOCATER V6.22.4.0                                                  08/07/2026  17:49:31  PAGE 21


  C:372BH         LINE#         21
  -------         ENDPROC       AIP1302_DATA_MODE_OUT
  -------         PROC          AIP1302_DATA_MODE_IN
  C:36AAH         LINE#         27
  C:36AAH         LINE#         28
  C:36AAH         LINE#         29
  C:36B0H         LINE#         30
  C:36B6H         LINE#         32
  -------         ENDPROC       AIP1302_DATA_MODE_IN
  -------         PROC          AIP1302_CONFIG
  -------         DO            
  D:0007H         SYMBOL        ret
  -------         ENDDO         
  C:24CDH         LINE#         35
  C:24CDH         LINE#         36
  C:24CDH         LINE#         37
  C:24CFH         LINE#         41
  C:24D5H         LINE#         42
  C:24D9H         LINE#         43
  C:24DEH         LINE#         46
  C:24E3H         LINE#         47
  C:24E7H         LINE#         48
  C:24ECH         LINE#         51
  C:24EDH         LINE#         52
  C:24EDH         LINE#         53
  C:24F0H         LINE#         55
  C:24F2H         LINE#         56
  C:24F4H         LINE#         62
  C:24F7H         LINE#         63
  C:24FCH         LINE#         66
  C:2503H         LINE#         67
  C:250CH         LINE#         69
  C:250CH         LINE#         72
  C:2513H         LINE#         73
  C:251CH         LINE#         78
  C:2523H         LINE#         79
  C:252AH         LINE#         80
  C:2531H         LINE#         82
  C:2538H         LINE#         83
  C:253FH         LINE#         84
  C:2546H         LINE#         93
  C:2546H         LINE#         125
  -------         ENDPROC       AIP1302_CONFIG
  -------         PROC          _REVERSE_BITS_U8
  D:0007H         SYMBOL        arg
  -------         DO            
  D:0006H         SYMBOL        tmp
  D:0005H         SYMBOL        i
  -------         ENDDO         
  C:3392H         LINE#         128
  C:3392H         LINE#         129
  C:3392H         LINE#         131
  C:3394H         LINE#         134
  C:3394H         LINE#         135
  C:3398H         LINE#         136
  C:339CH         LINE#         137
  C:33A0H         LINE#         138
BL51 BANKED LINKER/LOCATER V6.22.4.0                                                  08/07/2026  17:49:31  PAGE 22


  C:33A0H         LINE#         140
  C:33A4H         LINE#         141
  C:33A9H         LINE#         143
  C:33ABH         LINE#         144
  -------         ENDPROC       _REVERSE_BITS_U8
  -------         PROC          ___AIP1302_CONVERT_READ_BYTE__
  D:0004H         SYMBOL        cmd
  D:0005H         SYMBOL        byte
  -------         DO            
  D:0007H         SYMBOL        tmp
  X:622FH         SYMBOL        i
  -------         DO            
  X:6230H         SYMBOL        tens_place
  X:6231H         SYMBOL        one_place
  -------         ENDDO         
  -------         ENDDO         
  C:2632H         LINE#         147
  C:2634H         LINE#         148
  C:2634H         LINE#         149
  C:2635H         LINE#         150
  C:2639H         LINE#         153
  C:263EH         LINE#         162
  C:265CH         LINE#         163
  C:265CH         LINE#         164
  C:2661H         LINE#         165
  C:2663H         LINE#         167
  C:266CH         LINE#         170
  C:2670H         LINE#         171
  C:267BH         LINE#         173
  C:267FH         LINE#         174
  C:2685H         LINE#         176
  C:2689H         LINE#         177
  C:2689H         LINE#         179
  C:2692H         LINE#         180
  C:2698H         LINE#         181
  C:269FH         LINE#         182
  C:269FH         LINE#         184
  C:269FH         LINE#         185
  -------         ENDPROC       ___AIP1302_CONVERT_READ_BYTE__
  C:2233H         SYMBOL        L?0074
  C:223DH         SYMBOL        L?0076
  -------         PROC          ___AIP1302_READ_BYTE__
  X:622FH         SYMBOL        cmd
  -------         DO            
  X:6230H         SYMBOL        recv_data
  X:6231H         SYMBOL        i
  -------         ENDDO         
  C:21CBH         LINE#         188
  C:21D0H         LINE#         189
  C:21D0H         LINE#         190
  C:21D3H         LINE#         191
  C:21D3H         LINE#         194
  C:21D3H         LINE#         196
  C:21D3H         LINE#         197
  C:21D3H         LINE#         198
  C:21D3H         LINE#         199
  C:21D9H         LINE#         201
BL51 BANKED LINKER/LOCATER V6.22.4.0                                                  08/07/2026  17:49:31  PAGE 23


  C:21DEH         LINE#         202
  C:21DEH         LINE#         203
  C:21E1H         LINE#         204
  C:21F4H         LINE#         205
  C:21F6H         LINE#         206
  C:21F8H         LINE#         207
  C:21FAH         LINE#         208
  C:21FAH         LINE#         210
  C:2201H         LINE#         211
  C:2201H         LINE#         212
  C:2201H         LINE#         213
  C:2206H         LINE#         216
  C:2209H         LINE#         218
  C:220EH         LINE#         219
  C:2215H         LINE#         220
  C:2215H         LINE#         221
  C:2218H         LINE#         222
  C:221BH         LINE#         223
  C:2222H         LINE#         224
  C:2222H         LINE#         225
  C:2222H         LINE#         226
  C:2222H         LINE#         227
  C:2222H         LINE#         228
  C:2227H         LINE#         230
  C:2229H         LINE#         231
  C:222BH         LINE#         232
  C:222DH         LINE#         234
  C:2232H         LINE#         235
  -------         ENDPROC       ___AIP1302_READ_BYTE__
  -------         PROC          _AIP1302_READ_BYTE
  X:622EH         SYMBOL        cmd
  -------         DO            
  D:0006H         SYMBOL        recv_data
  -------         ENDDO         
  C:34CAH         LINE#         244
  C:34CFH         LINE#         245
  C:34CFH         LINE#         246
  C:34D1H         LINE#         247
  C:34D6H         LINE#         248
  -------         ENDPROC       _AIP1302_READ_BYTE
  C:209CH         SYMBOL        L?0072
  C:20ADH         SYMBOL        L?0077
  -------         PROC          ___AIP1302_WRITE_BYTE__
  X:6232H         SYMBOL        cmd
  X:6233H         SYMBOL        byte
  -------         DO            
  X:6234H         SYMBOL        i
  -------         ENDDO         
  C:202AH         LINE#         258
  C:2032H         LINE#         259
  C:2032H         LINE#         260
  C:2033H         LINE#         263
  C:2033H         LINE#         265
  C:2033H         LINE#         266
  C:2033H         LINE#         267
  C:2033H         LINE#         268
  C:2039H         LINE#         270
BL51 BANKED LINKER/LOCATER V6.22.4.0                                                  08/07/2026  17:49:31  PAGE 24


  C:203EH         LINE#         271
  C:203EH         LINE#         272
  C:2041H         LINE#         273
  C:2054H         LINE#         274
  C:2056H         LINE#         275
  C:2058H         LINE#         276
  C:205AH         LINE#         277
  C:205AH         LINE#         278
  C:205AH         LINE#         279
  C:205AH         LINE#         280
  C:205DH         LINE#         281
  C:2062H         LINE#         283
  C:2067H         LINE#         284
  C:2067H         LINE#         285
  C:206AH         LINE#         286
  C:2080H         LINE#         287
  C:2082H         LINE#         288
  C:2084H         LINE#         289
  C:2086H         LINE#         290
  C:2086H         LINE#         291
  C:2086H         LINE#         292
  C:2086H         LINE#         293
  C:2089H         LINE#         294
  C:208EH         LINE#         296
  C:2090H         LINE#         297
  C:2097H         LINE#         298
  C:2099H         LINE#         299
  C:209BH         LINE#         300
  -------         ENDPROC       ___AIP1302_WRITE_BYTE__
  -------         PROC          AIP1302_IS_WORKING
  C:27CAH         LINE#         309
  C:27CAH         LINE#         310
  C:27CAH         LINE#         325
  C:27CDH         LINE#         326
  C:2824H         LINE#         330
  C:2824H         LINE#         331
  C:2827H         LINE#         332
  C:2827H         LINE#         333
  C:2829H         LINE#         334
  C:2829H         LINE#         337
  -------         ENDPROC       AIP1302_IS_WORKING
  -------         PROC          _AIP1302_WRITE_BYTE
  X:622EH         SYMBOL        cmd
  D:0005H         SYMBOL        byte
  -------         DO            
  X:622FH         SYMBOL        tmp
  -------         DO            
  X:6230H         SYMBOL        tens_place
  X:6231H         SYMBOL        one_place
  -------         ENDDO         
  -------         ENDDO         
  C:1C5FH         LINE#         350
  C:1C64H         LINE#         351
  C:1C64H         LINE#         352
  C:1C67H         LINE#         355
  C:1C89H         LINE#         356
  C:1C8EH         LINE#         357
BL51 BANKED LINKER/LOCATER V6.22.4.0                                                  08/07/2026  17:49:31  PAGE 25


  C:1C90H         LINE#         358
  C:1C9AH         LINE#         359
  C:1CA1H         LINE#         360
  C:1CA1H         LINE#         361
  C:1CB0H         LINE#         364
  C:1CBDH         LINE#         368
  C:1CCAH         LINE#         369
  C:1CD1H         LINE#         370
  C:1CE0H         LINE#         373
  C:1CE7H         LINE#         374
  C:1CF0H         LINE#         376
  C:1CF5H         LINE#         377
  C:1CF5H         LINE#         378
  C:1CF5H         LINE#         381
  C:1CFCH         LINE#         382
  C:1D07H         LINE#         384
  -------         ENDPROC       _AIP1302_WRITE_BYTE
  -------         PROC          AIP1302_TEST_1MS_ISR
  C:3457H         LINE#         391
  C:3457H         LINE#         392
  C:3457H         LINE#         393
  C:3466H         LINE#         394
  C:346DH         LINE#         395
  C:346DH         LINE#         396
  -------         ENDPROC       AIP1302_TEST_1MS_ISR
  C:22B6H         SYMBOL        L?0073
  C:22C1H         SYMBOL        L?0075
  C:22CCH         SYMBOL        L?0082
  -------         PROC          AIP1302_TEST
  -------         DO            
  D:0007H         SYMBOL        ret
  -------         ENDDO         
  C:2251H         LINE#         398
  C:2251H         LINE#         399
  C:2251H         LINE#         402
  C:2251H         LINE#         405
  C:2260H         LINE#         406
  C:2260H         LINE#         407
  C:2264H         LINE#         408
  C:2269H         LINE#         409
  C:2270H         LINE#         411
  C:2275H         LINE#         412
  C:227CH         LINE#         414
  C:2281H         LINE#         415
  C:2288H         LINE#         420
  C:228DH         LINE#         421
  C:2294H         LINE#         423
  C:2299H         LINE#         424
  C:22A0H         LINE#         426
  C:22A5H         LINE#         427
  C:22ACH         LINE#         428
  C:22B5H         LINE#         429
  C:22B5H         LINE#         430
  -------         ENDPROC       AIP1302_TEST
  -------         PROC          AIP1302_UPDATE_TIME
  X:62F7H         SYMBOL        aip1302_info
  C:2EFDH         LINE#         448
BL51 BANKED LINKER/LOCATER V6.22.4.0                                                  08/07/2026  17:49:31  PAGE 26


  C:2EFDH         LINE#         449
  C:2EFDH         LINE#         450
  C:2F0AH         LINE#         451
  C:2F14H         LINE#         452
  C:2F1EH         LINE#         454
  C:2F28H         LINE#         455
  C:2F32H         LINE#         456
  -------         ENDPROC       AIP1302_UPDATE_TIME
  -------         PROC          AIP1302_READ_ALL
  C:2DACH         LINE#         476
  C:2DACH         LINE#         477
  C:2DACH         LINE#         478
  C:2DB6H         LINE#         479
  C:2DC0H         LINE#         480
  C:2DCAH         LINE#         481
  C:2DD4H         LINE#         482
  C:2DDEH         LINE#         483
  C:2DF1H         LINE#         485
  -------         ENDPROC       AIP1302_READ_ALL
  -------         ENDMOD        AIP1302

  -------         MODULE        MAIN
  C:0000H         SYMBOL        _ICE_DUMMY_
  D:00D9H         PUBLIC        WDT_KEY
  C:0020H         PUBLIC        debug_pin_init
  C:3224H         PUBLIC        user_init
  C:31CAH         PUBLIC        main
  -------         PROC          DEBUG_PIN_INIT
  C:0020H         LINE#         46
  C:0020H         LINE#         47
  C:0020H         LINE#         52
  -------         ENDPROC       DEBUG_PIN_INIT
  -------         PROC          USER_INIT
  C:3224H         LINE#         55
  C:3224H         LINE#         56
  C:3224H         LINE#         58
  C:3227H         LINE#         59
  C:322AH         LINE#         60
  C:3233H         LINE#         64
  C:3236H         LINE#         68
  C:3239H         LINE#         79
  C:323CH         LINE#         82
  C:323FH         LINE#         86
  C:3242H         LINE#         88
  C:3245H         LINE#         91
  -------         ENDPROC       USER_INIT
  -------         PROC          MAIN
  C:31CAH         LINE#         94
  C:31CAH         LINE#         95
  C:31CAH         LINE#         97
  C:31CDH         LINE#         102
  C:31D0H         LINE#         103
  C:31D7H         LINE#         104
  C:31DAH         LINE#         107
  C:31DDH         LINE#         109
  C:31E0H         LINE#         133
  C:31E0H         LINE#         137
BL51 BANKED LINKER/LOCATER V6.22.4.0                                                  08/07/2026  17:49:31  PAGE 27


  C:31E3H         LINE#         139
  C:31E6H         LINE#         142
  C:31E9H         LINE#         146
  C:31F2H         LINE#         147
  C:31F5H         LINE#         168
  -------         ENDPROC       MAIN
  -------         ENDMOD        MAIN

  -------         MODULE        PIN_LEVEL_SCAN
  C:0000H         SYMBOL        _ICE_DUMMY_
  B:0090H.0       PUBLIC        P10
  B:0090H.3       PUBLIC        P13
  B:0090H.4       PUBLIC        P14
  B:0090H.7       PUBLIC        P17
  B:00A0H.0       PUBLIC        P20
  B:00A0H.1       PUBLIC        P21
  B:00A0H.2       PUBLIC        P22
  B:00A0H.3       PUBLIC        P23
  B:00A0H.4       PUBLIC        P24
  B:00B0H.0       PUBLIC        P30
  B:00B0H.1       PUBLIC        P31
  C:26A0H         PUBLIC        pin_level_scan_config
  C:2143H         PUBLIC        pin_level_scan
  -------         PROC          PIN_LEVEL_SCAN_CONFIG
  C:26A0H         LINE#         8
  C:26A0H         LINE#         9
  C:26A0H         LINE#         11
  C:26A6H         LINE#         12
  C:26ACH         LINE#         15
  C:26B2H         LINE#         16
  C:26B8H         LINE#         25
  C:26BEH         LINE#         26
  C:26C4H         LINE#         29
  C:26CAH         LINE#         30
  C:26D0H         LINE#         33
  C:26D6H         LINE#         34
  C:26DCH         LINE#         37
  C:26E2H         LINE#         38
  C:26E8H         LINE#         41
  C:26EEH         LINE#         42
  C:26F4H         LINE#         45
  C:26FAH         LINE#         48
  C:2700H         LINE#         51
  C:2706H         LINE#         52
  -------         ENDPROC       PIN_LEVEL_SCAN_CONFIG
  -------         PROC          PIN_LEVEL_SCAN
  C:2143H         LINE#         55
  C:2143H         LINE#         56
  C:2143H         LINE#         58
  C:2146H         LINE#         59
  C:214BH         LINE#         60
  C:2150H         LINE#         61
  C:2156H         LINE#         62
  C:215BH         LINE#         63
  C:2161H         LINE#         64
  C:2166H         LINE#         65
  C:216CH         LINE#         66
BL51 BANKED LINKER/LOCATER V6.22.4.0                                                  08/07/2026  17:49:31  PAGE 28


  C:2171H         LINE#         67
  C:2177H         LINE#         68
  C:217CH         LINE#         69
  C:2182H         LINE#         70
  C:218AH         LINE#         71
  C:218DH         LINE#         72
  C:218FH         LINE#         74
  C:2192H         LINE#         75
  C:2192H         LINE#         78
  C:219AH         LINE#         81
  C:219DH         LINE#         82
  C:219FH         LINE#         83
  C:21A1H         LINE#         84
  C:21A6H         LINE#         85
  C:21A6H         LINE#         87
  C:21A9H         LINE#         88
  C:21ABH         LINE#         89
  C:21ADH         LINE#         90
  C:21B2H         LINE#         91
  C:21B2H         LINE#         94
  C:21B5H         LINE#         95
  C:21B7H         LINE#         96
  C:21B9H         LINE#         97
  C:21BEH         LINE#         98
  C:21BEH         LINE#         100
  C:21C1H         LINE#         101
  C:21C3H         LINE#         102
  C:21C5H         LINE#         103
  C:21CAH         LINE#         104
  C:21CAH         LINE#         105
  -------         ENDPROC       PIN_LEVEL_SCAN
  -------         ENDMOD        PIN_LEVEL_SCAN

  -------         MODULE        SPEED_SCAN
  C:0000H         SYMBOL        _ICE_DUMMY_
  B:0090H.5       PUBLIC        P15
  C:282AH         PUBLIC        speed_scan_timer_50us_isr
  C:36B7H         PUBLIC        speed_scan_config
  C:1480H         PUBLIC        speed_scan
  B:0021H.2       SYMBOL        flag_is_speed_scan_over_time
  X:61F4H         SYMBOL        speed_pulse_cnt
  X:61F8H         SYMBOL        speed_scan_time_ms
  X:61FCH         SYMBOL        cur_speed_scan_time
  X:6200H         SYMBOL        cur_speed_scan_pulse
  X:6204H         SYMBOL        aip3368h_display_speed_refresh_time_cnt
  X:6205H         SYMBOL        speed_filter_array
  X:622DH         SYMBOL        speed_filter_index
  C:34E0H         PUBLIC        _speed_filter_init
  C:3410H         PUBLIC        _speed_filter_add
  C:1DB8H         PUBLIC        speed_filter_get_speed
  C:2FF4H         PUBLIC        speed_scan_update_data
  C:2E7BH         SYMBOL        Com001E
  C:2E7BH         SYMBOL        L?0031
  C:2E80H         SYMBOL        L?0032
  C:2E82H         SYMBOL        L?0033
  C:2E8AH         SYMBOL        L?0034
  C:2E8AH         SYMBOL        L?0035
BL51 BANKED LINKER/LOCATER V6.22.4.0                                                  08/07/2026  17:49:31  PAGE 29


  C:2E8DH         SYMBOL        L?0036
  C:2E93H         SYMBOL        L?0037
  C:2EA4H         SYMBOL        L?0038
  C:2EAEH         SYMBOL        L?0039
  C:2EAEH         SYMBOL        L?0040
  C:2EB4H         SYMBOL        L?0041
  -------         PROC          COM001E
  -------         ENDPROC       COM001E
  -------         PROC          _SPEED_FILTER_INIT
  D:0007H         SYMBOL        speed
  -------         DO            
  D:0006H         SYMBOL        i
  -------         ENDDO         
  C:34E0H         LINE#         22
  C:34E0H         LINE#         23
  C:34E0H         LINE#         25
  C:34E2H         LINE#         26
  C:34E2H         LINE#         27
  C:34EAH         LINE#         28
  C:34EFH         LINE#         30
  C:34F4H         LINE#         31
  -------         ENDPROC       _SPEED_FILTER_INIT
  -------         PROC          _SPEED_FILTER_ADD
  D:0007H         SYMBOL        speed
  C:3410H         LINE#         33
  C:3410H         LINE#         34
  C:3410H         LINE#         35
  C:3419H         LINE#         36
  C:341FH         LINE#         37
  C:3425H         LINE#         38
  C:3425H         LINE#         39
  C:3427H         LINE#         40
  C:3427H         LINE#         41
  -------         ENDPROC       _SPEED_FILTER_ADD
  -------         PROC          SPEED_FILTER_GET_SPEED
  -------         DO            
  X:62FEH         SYMBOL        i
  X:62FFH         SYMBOL        sum
  X:6303H         SYMBOL        max_speed
  X:6304H         SYMBOL        min_speed
  -------         ENDDO         
  C:1DB8H         LINE#         43
  C:1DB8H         LINE#         44
  C:1DB8H         LINE#         46
  C:1DC2H         LINE#         47
  C:1DC7H         LINE#         48
  C:1DCBH         LINE#         56
  C:1DD0H         LINE#         57
  C:1DD0H         LINE#         58
  C:1DECH         LINE#         60
  C:1DF9H         LINE#         61
  C:1DF9H         LINE#         62
  C:1E04H         LINE#         63
  C:1E04H         LINE#         65
  C:1E11H         LINE#         66
  C:1E11H         LINE#         67
  C:1E1CH         LINE#         68
BL51 BANKED LINKER/LOCATER V6.22.4.0                                                  08/07/2026  17:49:31  PAGE 30


  C:1E1CH         LINE#         69
  C:1E27H         LINE#         71
  C:1E53H         LINE#         73
  -------         ENDPROC       SPEED_FILTER_GET_SPEED
  -------         PROC          SPEED_SCAN_CONFIG
  C:36B7H         LINE#         77
  C:36B7H         LINE#         78
  C:36B7H         LINE#         80
  C:36BDH         LINE#         81
  C:36C3H         LINE#         82
  -------         ENDPROC       SPEED_SCAN_CONFIG
  -------         PROC          SPEED_SCAN_UPDATE_DATA
  C:2FF4H         LINE#         84
  C:2FF4H         LINE#         85
  C:2FF4H         LINE#         86
  C:3006H         LINE#         87
  C:3010H         LINE#         88
  C:3022H         LINE#         89
  C:302CH         LINE#         90
  -------         ENDPROC       SPEED_SCAN_UPDATE_DATA
  -------         PROC          SPEED_SCAN_TIMER_50US_ISR
  -------         DO            
  B:0021H.1       SYMBOL        last_speed_scan_level
  X:61F2H         SYMBOL        cnt
  -------         ENDDO         
  C:282AH         LINE#         92
  C:282AH         LINE#         93
  C:282AH         LINE#         96
  C:2834H         LINE#         97
  C:2843H         LINE#         98
  C:2843H         LINE#         99
  C:2847H         LINE#         101
  C:2853H         LINE#         103
  C:2862H         LINE#         105
  C:2862H         LINE#         106
  C:286CH         LINE#         107
  C:286EH         LINE#         108
  C:286EH         LINE#         109
  C:286EH         LINE#         111
  C:2871H         LINE#         112
  C:2871H         LINE#         113
  C:2874H         LINE#         114
  C:2874H         LINE#         115
  C:2880H         LINE#         116
  C:2883H         LINE#         117
  C:2883H         LINE#         119
  C:2885H         LINE#         120
  C:2886H         LINE#         122
  C:2886H         LINE#         124
  C:2888H         LINE#         125
[...]
  -------         ENDPROC       _UI_SET_STATE
  -------         PROC          UI_DISPLAY_HANDLE
  C:3717H         LINE#         75
  C:3717H         LINE#         76
  C:3717H         LINE#         77
  C:371CH         LINE#         78
  C:371CH         LINE#         79
  C:371CH         LINE#         81
BL51 BANKED LINKER/LOCATER V6.22.4.0                                                  08/07/2026  17:49:31  PAGE 58


  C:371CH         LINE#         161
  C:371CH         LINE#         184
  -------         ENDPROC       UI_DISPLAY_HANDLE
  -------         PROC          UI_DISPLAY_REFRESH
  C:369CH         LINE#         193
  C:369CH         LINE#         194
  C:369CH         LINE#         195
  C:36A3H         LINE#         196
  C:36A9H         LINE#         233
  -------         ENDPROC       UI_DISPLAY_REFRESH
  -------         ENDMOD        UI

  -------         MODULE        BOOT_ANIMATION
  C:0000H         SYMBOL        _ICE_DUMMY_
  C:36F3H         PUBLIC        boot_animation_time_base_add_1ms_isr
  C:2D12H         PUBLIC        boot_animation_process
  D:00D9H         PUBLIC        WDT_KEY
  X:6288H         PUBLIC        boot_animation_param
  C:133DH         PUBLIC        __boot_animation_phase_0__
  C:0C19H         PUBLIC        __boot_animation_phase_1__
  C:3633H         SYMBOL        Com0041
  C:3633H         SYMBOL        L?0066
  C:3633H         SYMBOL        L?0067
  C:363BH         SYMBOL        L?0068
  C:363BH         SYMBOL        L?0069
  -------         PROC          COM0041
  -------         ENDPROC       COM0041
  -------         PROC          BOOT_ANIMATION_TIME_BASE_ADD_1MS_ISR
  C:36F3H         LINE#         11
  C:36F3H         LINE#         12
  C:36F3H         LINE#         13
  C:36F9H         LINE#         15
  C:36F9H         LINE#         17
  C:36FDH         LINE#         18
  -------         ENDPROC       BOOT_ANIMATION_TIME_BASE_ADD_1MS_ISR
  -------         PROC          __BOOT_ANIMATION_PHASE_0__
  -------         DO            
  X:6275H         SYMBOL        dir_of_speed_panel
  X:6276H         SYMBOL        dir_of_engine_speed_panel
  X:6277H         SYMBOL        idx_of_speed_panel
  X:6278H         SYMBOL        idx_of_engine_speed_panel
  X:6279H         SYMBOL        step_of_speed_panel
  X:627AH         SYMBOL        step_of_engine_speed_panel
  -------         ENDDO         
  C:133DH         LINE#         20
  C:133DH         LINE#         21
  C:133DH         LINE#         43
  C:1346H         LINE#         45
  C:1346H         LINE#         59
  C:134DH         LINE#         66
  C:1354H         LINE#         68
  C:1357H         LINE#         69
  C:135CH         LINE#         70
  C:135EH         LINE#         71
  C:135EH         LINE#         72
  C:135EH         LINE#         73
  C:136DH         LINE#         78
BL51 BANKED LINKER/LOCATER V6.22.4.0                                                  08/07/2026  17:49:31  PAGE 59


  C:1372H         LINE#         80
  C:1374H         LINE#         81
  C:137AH         LINE#         82
  C:1380H         LINE#         83
  C:1382H         LINE#         84
  C:1388H         LINE#         87
  C:1390H         LINE#         88
  C:1394H         LINE#         89
  C:1396H         LINE#         90
  C:13A2H         LINE#         91
  C:13A2H         LINE#         93
  C:13A8H         LINE#         94
  C:13AEH         LINE#         95
  C:13B4H         LINE#         96
  C:13B4H         LINE#         97
  C:13B6H         LINE#         98
  C:13BFH         LINE#         99
  C:13C5H         LINE#         100
  C:13C7H         LINE#         101
  C:13D1H         LINE#         102
  C:13D1H         LINE#         104
  C:13D7H         LINE#         105
  C:13D7H         LINE#         106
  C:13D7H         LINE#         107
  C:13D7H         LINE#         109
  C:13DEH         LINE#         115
  C:13E5H         LINE#         117
  C:13E8H         LINE#         118
  C:13F0H         LINE#         119
  C:13F2H         LINE#         123
  C:13F8H         LINE#         124
  C:13F8H         LINE#         125
  C:1406H         LINE#         129
  C:140BH         LINE#         130
  C:140EH         LINE#         131
  C:1410H         LINE#         132
  C:1416H         LINE#         134
  C:1425H         LINE#         135
  C:1427H         LINE#         138
  C:142FH         LINE#         139
  C:1433H         LINE#         140
  C:1435H         LINE#         141
  C:1441H         LINE#         142
  C:1441H         LINE#         144
  C:1447H         LINE#         145
  C:144DH         LINE#         146
  C:1453H         LINE#         147
  C:1453H         LINE#         148
  C:145DH         LINE#         149
  C:145FH         LINE#         150
  C:1467H         LINE#         151
  C:146DH         LINE#         152
  C:146FH         LINE#         153
  C:1479H         LINE#         154
  C:1479H         LINE#         156
  C:147FH         LINE#         157
  C:147FH         LINE#         158
BL51 BANKED LINKER/LOCATER V6.22.4.0                                                  08/07/2026  17:49:31  PAGE 60


  C:147FH         LINE#         159
  -------         ENDPROC       __BOOT_ANIMATION_PHASE_0__
  -------         PROC          __BOOT_ANIMATION_PHASE_1__
  -------         DO            
  X:627BH         SYMBOL        is_initialized
  X:627CH         SYMBOL        num
  X:627DH         SYMBOL        step
  X:627EH         SYMBOL        step_of_engine_speed_gear
  X:627FH         SYMBOL        step_of_engine_speed_scale_bar
  X:6280H         SYMBOL        step_of_exit_phase
  X:6281H         SYMBOL        idx_of_bat_lev
  X:6282H         SYMBOL        idx_of_scale_bar_light
  X:6283H         SYMBOL        idx_of_upper_marker
  X:6284H         SYMBOL        idx_of_fuel_lev
  X:6285H         SYMBOL        idx_of_engine_speed_gear
  X:6286H         SYMBOL        idx_of_engine_speed_scale_bar
  X:6287H         SYMBOL        dir_of_engine_speed_gear
  -------         ENDDO         
  C:0C19H         LINE#         161
  C:0C19H         LINE#         162
  C:0C19H         LINE#         198
  C:0C24H         LINE#         200
  C:0C24H         LINE#         202
  C:0C2AH         LINE#         203
  C:0C2CH         LINE#         204
  C:0C32H         LINE#         205
  C:0C38H         LINE#         207
  C:0C3DH         LINE#         208
  C:0C42H         LINE#         209
  C:0C47H         LINE#         210
  C:0C4CH         LINE#         211
  C:0C51H         LINE#         212
  C:0C56H         LINE#         213
  C:0C5BH         LINE#         214
  C:0C60H         LINE#         215
  C:0C65H         LINE#         217
  C:0C6AH         LINE#         218
  C:0C6FH         LINE#         219
  C:0C74H         LINE#         220
  C:0C79H         LINE#         221
  C:0C7EH         LINE#         222
  C:0C83H         LINE#         224
  C:0C88H         LINE#         226
  C:0C8DH         LINE#         227
  C:0C92H         LINE#         228
  C:0C97H         LINE#         230
  C:0C9CH         LINE#         231
  C:0CA1H         LINE#         232
  C:0CA1H         LINE#         234
  C:0CA7H         LINE#         235
  C:0CB0H         LINE#         236
  C:0CB2H         LINE#         237
  C:0CBAH         LINE#         238
  C:0CC2H         LINE#         239
  C:0CCAH         LINE#         241
  C:0CD2H         LINE#         242
  C:0CDAH         LINE#         243
BL51 BANKED LINKER/LOCATER V6.22.4.0                                                  08/07/2026  17:49:31  PAGE 61


  C:0CE2H         LINE#         244
  C:0CEAH         LINE#         245
  C:0CF2H         LINE#         246
  C:0CFAH         LINE#         248
  C:0D04H         LINE#         250
  C:0D0CH         LINE#         251
  C:0D16H         LINE#         252
  C:0D20H         LINE#         253
  C:0D2AH         LINE#         254
  C:0D34H         LINE#         256
  C:0D3EH         LINE#         257
  C:0D48H         LINE#         259
  C:0D52H         LINE#         260
  C:0D5CH         LINE#         262
  C:0D66H         LINE#         264
  C:0D6FH         LINE#         265
  C:0D72H         LINE#         266
  C:0D72H         LINE#         268
  C:0D7BH         LINE#         270
  C:0D7EH         LINE#         271
  C:0D7EH         LINE#         273
  C:0D87H         LINE#         274
  C:0D8AH         LINE#         275
  C:0D8AH         LINE#         277
  C:0D93H         LINE#         278
  C:0D96H         LINE#         279
  C:0D96H         LINE#         281
  C:0D9FH         LINE#         282
  C:0DA2H         LINE#         283
  C:0DA2H         LINE#         284
  C:0DA2H         LINE#         286
  C:0DA8H         LINE#         287
  C:0DB5H         LINE#         291
  C:0DBCH         LINE#         292
  C:0DC5H         LINE#         293
  C:0DCBH         LINE#         294
  C:0DD0H         LINE#         295
  C:0DD0H         LINE#         296
  C:0DE1H         LINE#         297
  C:0DE3H         LINE#         299
  C:0DEDH         LINE#         301
  C:0DF6H         LINE#         302
  C:0DF9H         LINE#         303
  C:0DF9H         LINE#         304
  C:0E02H         LINE#         305
  C:0E0BH         LINE#         306
  C:0E0DH         LINE#         307
  C:0E17H         LINE#         309
  C:0E20H         LINE#         310
  C:0E23H         LINE#         311
  C:0E23H         LINE#         312
  C:0E23H         LINE#         313
  C:0E23H         LINE#         315
  C:0E29H         LINE#         316
  C:0E2FH         LINE#         317
  C:0E31H         LINE#         319
  C:0E3BH         LINE#         321
BL51 BANKED LINKER/LOCATER V6.22.4.0                                                  08/07/2026  17:49:31  PAGE 62


  C:0E44H         LINE#         322
  C:0E47H         LINE#         323
  C:0E47H         LINE#         324
  C:0E47H         LINE#         327
  C:0E58H         LINE#         329
  C:0E58H         LINE#         330
  C:0E5BH         LINE#         331
  C:0E60H         LINE#         333
  C:0E66H         LINE#         334
  C:0E66H         LINE#         335
  C:0E66H         LINE#         336
  -------         ENDPROC       __BOOT_ANIMATION_PHASE_1__
  -------         PROC          BOOT_ANIMATION_PROCESS
  C:2D12H         LINE#         338
  C:2D12H         LINE#         339
  C:2D12H         LINE#         340
  C:2D21H         LINE#         341
  C:2D27H         LINE#         343
  C:2D2DH         LINE#         344
  C:2D30H         LINE#         346
  C:2D37H         LINE#         348
  C:2D37H         LINE#         349
  C:2D37H         LINE#         350
  C:2D39H         LINE#         351
  C:2D39H         LINE#         353
  C:2D3CH         LINE#         354
  C:2D3FH         LINE#         356
  C:2D46H         LINE#         366
  C:2D4BH         LINE#         367
  C:2D50H         LINE#         370
  C:2D55H         LINE#         371
  C:2D5AH         LINE#         375
  C:2D5FH         LINE#         376
  C:2D5FH         LINE#         378
  C:2D62H         LINE#         379
  C:2D64H         LINE#         380
  -------         ENDPROC       BOOT_ANIMATION_PROCESS
  -------         ENDMOD        BOOT_ANIMATION

  -------         MODULE        ?C?COPY
  C:0115H         PUBLIC        ?C?COPY
  -------         ENDMOD        ?C?COPY

  -------         MODULE        ?C?CLDPTR
  C:013BH         PUBLIC        ?C?CLDPTR
  -------         ENDMOD        ?C?CLDPTR

  -------         MODULE        ?C?CLDOPTR
  C:0154H         PUBLIC        ?C?CLDOPTR
  -------         ENDMOD        ?C?CLDOPTR

  -------         MODULE        ?C?CILDOPTR
  C:0181H         PUBLIC        ?C?CILDOPTR
  -------         ENDMOD        ?C?CILDOPTR

  -------         MODULE        ?C?CSTPTR
  C:01B4H         PUBLIC        ?C?CSTPTR
BL51 BANKED LINKER/LOCATER V6.22.4.0                                                  08/07/2026  17:49:31  PAGE 63


  -------         ENDMOD        ?C?CSTPTR

  -------         MODULE        ?C?CSTOPTR
  C:01C6H         PUBLIC        ?C?CSTOPTR
  -------         ENDMOD        ?C?CSTOPTR

  -------         MODULE        ?C?UIDIV
  C:01E8H         PUBLIC        ?C?UIDIV
  -------         ENDMOD        ?C?UIDIV

  -------         MODULE        ?C?IILDX
  C:023DH         PUBLIC        ?C?IILDX
  -------         ENDMOD        ?C?IILDX

  -------         MODULE        ?C?ILDOPTR
  C:0253H         PUBLIC        ?C?ILDOPTR
  -------         ENDMOD        ?C?ILDOPTR

  -------         MODULE        ?C?LADD
  C:028BH         PUBLIC        ?C?LADD
  -------         ENDMOD        ?C?LADD

  -------         MODULE        ?C?LSUB
  C:0298H         PUBLIC        ?C?LSUB
  -------         ENDMOD        ?C?LSUB

  -------         MODULE        ?C?LMUL
  C:02A6H         PUBLIC        ?C?LMUL
  -------         ENDMOD        ?C?LMUL

  -------         MODULE        ?C?ULDIV
  C:0331H         PUBLIC        ?C?ULDIV
  -------         ENDMOD        ?C?ULDIV

  -------         MODULE        ?C?ULCMP
  C:03C3H         PUBLIC        ?C?ULCMP
  -------         ENDMOD        ?C?ULCMP

  -------         MODULE        ?C?LLDXDATA
  C:03D4H         PUBLIC        ?C?LLDXDATA
  -------         ENDMOD        ?C?LLDXDATA

  -------         MODULE        ?C?LLDXDATA0
  C:03E0H         PUBLIC        ?C?LLDXDATA0
  -------         ENDMOD        ?C?LLDXDATA0

  -------         MODULE        ?C?LSTXDATA
  C:03ECH         PUBLIC        ?C?LSTXDATA
  -------         ENDMOD        ?C?LSTXDATA

  -------         MODULE        ?C?LSTKXDATA
  C:03F8H         PUBLIC        ?C?LSTKXDATA
  -------         ENDMOD        ?C?LSTKXDATA

  -------         MODULE        ?C?OFFXADD
  C:0429H         PUBLIC        ?C?OFFXADD
  -------         ENDMOD        ?C?OFFXADD
BL51 BANKED LINKER/LOCATER V6.22.4.0                                                  08/07/2026  17:49:31  PAGE 64



  -------         MODULE        ?C?PLDXDATA
  C:0435H         PUBLIC        ?C?PLDXDATA
  -------         ENDMOD        ?C?PLDXDATA

  -------         MODULE        ?C?PLDIXDATA
  C:043EH         PUBLIC        ?C?PLDIXDATA
  -------         ENDMOD        ?C?PLDIXDATA

  -------         MODULE        ?C?PSTXDATA
  C:0455H         PUBLIC        ?C?PSTXDATA
  -------         ENDMOD        ?C?PSTXDATA

  -------         MODULE        ?C?PLDOPTR
  C:045EH         PUBLIC        ?C?PLDOPTR
  -------         ENDMOD        ?C?PLDOPTR

  -------         MODULE        ?C?ICALL
  C:048EH         PUBLIC        ?C?ICALL
  C:0492H         PUBLIC        ?C?ICALL2
  -------         ENDMOD        ?C?ICALL

  -------         MODULE        ?C?LIMUL
  C:0494H         PUBLIC        ?C?LIMUL
  -------         ENDMOD        ?C?LIMUL

  -------         MODULE        PRINTF
  X:622EH         PUBLIC        ?_PRINTF517?BYTE
  X:622EH         PUBLIC        ?_PRINTF?BYTE
  X:622EH         PUBLIC        ?_SPRINTF517?BYTE
  X:622EH         PUBLIC        ?_SPRINTF?BYTE
  C:091FH         PUBLIC        _PRINTF
  C:091FH         PUBLIC        _PRINTF517
  C:0919H         PUBLIC        _SPRINTF
  C:0919H         PUBLIC        _SPRINTF517
  -------         ENDMOD        PRINTF

  -------         MODULE        ?C?MEMSET
  C:04C1H         PUBLIC        ?C?MEMSET
  -------         ENDMOD        ?C?MEMSET

  -------         MODULE        ?C?PLDIDATA
  C:04EDH         PUBLIC        ?C?PLDIDATA
  -------         ENDMOD        ?C?PLDIDATA

  -------         MODULE        ?C?PLDPDATA
  C:04F6H         PUBLIC        ?C?PLDPDATA
  -------         ENDMOD        ?C?PLDPDATA

  -------         MODULE        ?C?PLDCODE
  C:04FFH         PUBLIC        ?C?PLDCODE
  -------         ENDMOD        ?C?PLDCODE

  -------         MODULE        ?C?CCASE
  C:050BH         PUBLIC        ?C?CCASE
  -------         ENDMOD        ?C?CCASE

BL51 BANKED LINKER/LOCATER V6.22.4.0                                                  08/07/2026  17:49:31  PAGE 65


*** WARNING L16: UNCALLED SEGMENT, IGNORED FOR OVERLAY PROCESS
    SEGMENT: ?PR?TMR2_CONFIG?TMR2

*** WARNING L16: UNCALLED SEGMENT, IGNORED FOR OVERLAY PROCESS
    SEGMENT: ?PR?ADC_CHANNEL_SWITCH_BY_ISR?ADC

*** WARNING L16: UNCALLED SEGMENT, IGNORED FOR OVERLAY PROCESS
    SEGMENT: ?PR?AIP1302_UPDATE_TIME?AIP1302

*** WARNING L16: UNCALLED SEGMENT, IGNORED FOR OVERLAY PROCESS
    SEGMENT: ?PR?_SPEED_FILTER_INIT?SPEED_SCAN

*** WARNING L16: UNCALLED SEGMENT, IGNORED FOR OVERLAY PROCESS
    SEGMENT: ?PR?_SPEED_FILTER_ADD?SPEED_SCAN

*** WARNING L16: UNCALLED SEGMENT, IGNORED FOR OVERLAY PROCESS
    SEGMENT: ?PR?SPEED_FILTER_GET_SPEED?SPEED_SCAN

*** WARNING L16: UNCALLED SEGMENT, IGNORED FOR OVERLAY PROCESS
    SEGMENT: ?PR?SPEED_SCAN_CONFIG?SPEED_SCAN

*** WARNING L16: UNCALLED SEGMENT, IGNORED FOR OVERLAY PROCESS
    SEGMENT: ?PR?SPEED_SCAN_TIMER_50US_ISR?SPEED_SCAN

*** WARNING L16: UNCALLED SEGMENT, IGNORED FOR OVERLAY PROCESS
    SEGMENT: ?PR?SPEED_SCAN?SPEED_SCAN

*** WARNING L16: UNCALLED SEGMENT, IGNORED FOR OVERLAY PROCESS
    SEGMENT: ?PR?ENGINE_SPEED_SCAN_CONFIG?ENGINE_SPEED_SCAN

*** WARNING L16: UNCALLED SEGMENT, IGNORED FOR OVERLAY PROCESS
    SEGMENT: ?PR?ENGINE_SPEED_SCAN_TIMER_50US_ISR?ENGINE_SPEED_SCAN

*** WARNING L16: UNCALLED SEGMENT, IGNORED FOR OVERLAY PROCESS
    SEGMENT: ?PR?ENGINE_SPEED_SCAN?ENGINE_SPEED_SCAN

*** WARNING L16: UNCALLED SEGMENT, IGNORED FOR OVERLAY PROCESS
    SEGMENT: ?PR?AIP3368H_DISPLAY_ENGINE_SPEED_REFRESH_TIME_ADD?ENGINE_SPEED_SCAN

*** WARNING L16: UNCALLED SEGMENT, IGNORED FOR OVERLAY PROCESS
    SEGMENT: ?PR?AIP3368H_DISPLAY_ENGINE_SPEED_HANDLE?ENGINE_SPEED_SCAN

*** WARNING L16: UNCALLED SEGMENT, IGNORED FOR OVERLAY PROCESS
    SEGMENT: ?PR?AIP3368H_DISPLAY_MILEAGE_REFRESH?MILEAGE

*** WARNING L16: UNCALLED SEGMENT, IGNORED FOR OVERLAY PROCESS
    SEGMENT: ?PR?MILEAGE_SCAN?MILEAGE

*** WARNING L16: UNCALLED SEGMENT, IGNORED FOR OVERLAY PROCESS
    SEGMENT: ?PR?FUEL_CAPACITY_SCAN_TIME_ADD?FUEL_CAPACITY

*** WARNING L16: UNCALLED SEGMENT, IGNORED FOR OVERLAY PROCESS
    SEGMENT: ?PR?FUEL_LEV_UPDATE_TIME_ADD?FUEL_CAPACITY

*** WARNING L16: UNCALLED SEGMENT, IGNORED FOR OVERLAY PROCESS
    SEGMENT: ?PR?FUEL_CAPACITY_SCAN?FUEL_CAPACITY

BL51 BANKED LINKER/LOCATER V6.22.4.0                                                  08/07/2026  17:49:31  PAGE 66


*** WARNING L16: UNCALLED SEGMENT, IGNORED FOR OVERLAY PROCESS
    SEGMENT: ?PR?INSTRUMENT_INFO_INIT?INSTRUMENT

*** WARNING L16: UNCALLED SEGMENT, IGNORED FOR OVERLAY PROCESS
    SEGMENT: ?PR?_AIP3368H_DISPLAY_ENGINE_SPEED_GEAR?AIP3368H_DISPLAY

*** WARNING L16: UNCALLED SEGMENT, IGNORED FOR OVERLAY PROCESS
    SEGMENT: ?PR?_AIP3368H_DISPLAY_ENGINE_SPEED_SCALE_BAR?AIP3368H_DISPLAY

*** WARNING L16: UNCALLED SEGMENT, IGNORED FOR OVERLAY PROCESS
    SEGMENT: ?PR?_AIP3368H_DISPLAY_TIME?AIP3368H_DISPLAY

*** WARNING L16: UNCALLED SEGMENT, IGNORED FOR OVERLAY PROCESS
    SEGMENT: ?PR?_AIP3368H_DISPLAY_FUEL_LEV_UPPER_MARKER?AIP3368H_DISPLAY

*** WARNING L16: UNCALLED SEGMENT, IGNORED FOR OVERLAY PROCESS
    SEGMENT: ?PR?_AIP3368H_DISPLAY_FUEL_LEV?AIP3368H_DISPLAY

*** WARNING L16: UNCALLED SEGMENT, IGNORED FOR OVERLAY PROCESS
    SEGMENT: ?PR?_AIP3368H_DISPLAY_SPEED?AIP3368H_DISPLAY

*** WARNING L16: UNCALLED SEGMENT, IGNORED FOR OVERLAY PROCESS
    SEGMENT: ?PR?_AIP3368H_DISPLAY_SPEED_SPLIT_LINE_LIGHT?AIP3368H_DISPLAY

*** WARNING L16: UNCALLED SEGMENT, IGNORED FOR OVERLAY PROCESS
    SEGMENT: ?PR?_AIP3368H_DISPLAY_MILEAGE?AIP3368H_DISPLAY

*** WARNING L16: UNCALLED SEGMENT, IGNORED FOR OVERLAY PROCESS
    SEGMENT: ?PR?_AIP3368H_DISPLAY_BAT_LEV_UPPER_MARKER_LIGHT?AIP3368H_DISPLAY

*** WARNING L16: UNCALLED SEGMENT, IGNORED FOR OVERLAY PROCESS
    SEGMENT: ?PR?_AIP3368H_DISPLAY_BAT_LEV_LIGHT?AIP3368H_DISPLAY

*** WARNING L16: UNCALLED SEGMENT, IGNORED FOR OVERLAY PROCESS
    SEGMENT: ?PR?_UI_SET_STATE?UI

*** WARNING L16: UNCALLED SEGMENT, IGNORED FOR OVERLAY PROCESS
    SEGMENT: ?PR?UI_DISPLAY_HANDLE?UI

*** WARNING L16: UNCALLED SEGMENT, IGNORED FOR OVERLAY PROCESS
    SEGMENT: ?PR?BOOT_ANIMATION_PROCESS?BOOT_ANIMATION

Program Size: data=15.6 xdata=859 code=14133
LINK/LOCATE RUN COMPLETE.  33 WARNING(S),  0 ERROR(S)
