BL51 BANKED LINKER/LOCATER V6.22.4.0                                                    08/13/2026  17:54:52  PAGE 1


BL51 BANKED LINKER/LOCATER V6.22.4.0, INVOKED BY:
C:\KEIL_V5\C51\BIN\BL51.EXE .\Release\Objects\STARTUP.obj, .\Release\Objects\system.obj, .\Release\Objects\tk_set.obj, .
>> .\..\User\lib\tk_simplify_algorithm_V1.0.0.LIB, .\Release\Objects\tmr1.obj, .\Release\Objects\tmr2.obj, .\Release\Obj
>> ects\uart0.obj, .\Release\Objects\adc.obj, .\Release\Objects\key_driver.obj, .\Release\Objects\user_flash.obj, .\Rele
>> ase\Objects\aip3368.obj, .\Release\Objects\aip1302.obj, .\Release\Objects\main.obj, .\Release\Objects\pin_level_scan.
>> obj, .\Release\Objects\speed_scan.obj, .\Release\Objects\engine_speed_scan.obj, .\Release\Objects\mileage.obj, .\Rele
>> ase\Objects\fuel_capacity.obj, .\Release\Objects\instrument.obj, .\Release\Objects\aip3368h_display.obj, .\Release\Ob
>> jects\io_key.obj, .\Release\Objects\ui.obj, .\Release\Objects\boot_animation.obj, .\Release\Objects\battery.obj TO .\
>> Release\Objects\Project PRINT (.\Release\Listings\Project.m51) RAMSIZE (256) CODE (0X0000-0X3EEF) XDATA (0X6000-0X66F
>> F)


MEMORY MODEL: LARGE


INPUT MODULES INCLUDED:
  .\Release\Objects\STARTUP.obj (?C_STARTUP)
  .\Release\Objects\system.obj (SYSTEM)
  .\Release\Objects\tk_set.obj (TK_SET)
  .\Release\Objects\tmr1.obj (TMR1)
  .\Release\Objects\tmr2.obj (TMR2)
  .\Release\Objects\uart0.obj (UART0)
  .\Release\Objects\adc.obj (ADC)
  .\Release\Objects\key_driver.obj (KEY_DRIVER)
  .\Release\Objects\user_flash.obj (USER_FLASH)
  .\Release\Objects\aip3368.obj (AIP3368)
  .\Release\Objects\aip1302.obj (AIP1302)
  .\Release\Objects\main.obj (MAIN)
  .\Release\Objects\pin_level_scan.obj (PIN_LEVEL_SCAN)
  .\Release\Objects\speed_scan.obj (SPEED_SCAN)
  .\Release\Objects\engine_speed_scan.obj (ENGINE_SPEED_SCAN)
  .\Release\Objects\mileage.obj (MILEAGE)
  .\Release\Objects\fuel_capacity.obj (FUEL_CAPACITY)
  .\Release\Objects\instrument.obj (INSTRUMENT)
  .\Release\Objects\aip3368h_display.obj (AIP3368H_DISPLAY)
  .\Release\Objects\io_key.obj (IO_KEY)
  .\Release\Objects\ui.obj (UI)
  .\Release\Objects\boot_animation.obj (BOOT_ANIMATION)
  .\Release\Objects\battery.obj (BATTERY)
  C:\KEIL_V5\C51\LIB\C51L.LIB (?C_INIT)
  C:\KEIL_V5\C51\LIB\C51L.LIB (?C?COPY)
  C:\KEIL_V5\C51\LIB\C51L.LIB (?C?CLDPTR)
  C:\KEIL_V5\C51\LIB\C51L.LIB (?C?CLDOPTR)
  C:\KEIL_V5\C51\LIB\C51L.LIB (?C?CILDOPTR)
  C:\KEIL_V5\C51\LIB\C51L.LIB (?C?CSTPTR)
  C:\KEIL_V5\C51\LIB\C51L.LIB (?C?CSTOPTR)
  C:\KEIL_V5\C51\LIB\C51L.LIB (?C?UIDIV)
  C:\KEIL_V5\C51\LIB\C51L.LIB (?C?IILDX)
  C:\KEIL_V5\C51\LIB\C51L.LIB (?C?ILDOPTR)
  C:\KEIL_V5\C51\LIB\C51L.LIB (?C?LADD)
  C:\KEIL_V5\C51\LIB\C51L.LIB (?C?LMUL)
  C:\KEIL_V5\C51\LIB\C51L.LIB (?C?ULDIV)
  C:\KEIL_V5\C51\LIB\C51L.LIB (?C?SLCMP)
  C:\KEIL_V5\C51\LIB\C51L.LIB (?C?ULCMP)
  C:\KEIL_V5\C51\LIB\C51L.LIB (?C?LLDXDATA)
  C:\KEIL_V5\C51\LIB\C51L.LIB (?C?LLDXDATA0)
  C:\KEIL_V5\C51\LIB\C51L.LIB (?C?LSTXDATA)
  C:\KEIL_V5\C51\LIB\C51L.LIB (?C?LSTKXDATA)
BL51 BANKED LINKER/LOCATER V6.22.4.0                                                  08/13/2026  17:54:52  PAGE 2


  C:\KEIL_V5\C51\LIB\C51L.LIB (?C?OFFXADD)
  C:\KEIL_V5\C51\LIB\C51L.LIB (?C?PLDXDATA)
  C:\KEIL_V5\C51\LIB\C51L.LIB (?C?PLDIXDATA)
  C:\KEIL_V5\C51\LIB\C51L.LIB (?C?PSTXDATA)
  C:\KEIL_V5\C51\LIB\C51L.LIB (?C?PLDOPTR)
  C:\KEIL_V5\C51\LIB\C51L.LIB (?C?ICALL)
  C:\KEIL_V5\C51\LIB\C51L.LIB (?C?LIMUL)
  C:\KEIL_V5\C51\LIB\C51L.LIB (PRINTF)
  C:\KEIL_V5\C51\LIB\C51L.LIB (?C?MEMSET)
  C:\KEIL_V5\C51\LIB\C51L.LIB (?C?PLDIDATA)
  C:\KEIL_V5\C51\LIB\C51L.LIB (?C?PLDPDATA)
  C:\KEIL_V5\C51\LIB\C51L.LIB (?C?PLDCODE)
  C:\KEIL_V5\C51\LIB\C51L.LIB (?C?CCASE)


LINK MAP OF MODULE:  .\Release\Objects\Project (?C_STARTUP)


            TYPE    BASE      LENGTH    RELOCATION   SEGMENT NAME
            -----------------------------------------------------

            * * * * * * *   D A T A   M E M O R Y   * * * * * * *
            REG     0000H     0008H     ABSOLUTE     "REG BANK 0"
            DATA    0008H     0005H     UNIT         _DATA_GROUP_
                    000DH     0013H                  *** GAP ***
            BIT     0020H.0   0001H.1   UNIT         _BIT_GROUP_
            BIT     0021H.1   0000H.2   UNIT         ?BI?ENGINE_SPEED_SCAN
            BIT     0021H.3   0000H.1   UNIT         ?BI?MILEAGE
                    0021H.4   0000H.4                *** GAP ***
            IDATA   0022H     0001H     UNIT         ?STACK

            * * * * * * *  X D A T A   M E M O R Y  * * * * * * *
                    0000H     6000H                  *** GAP ***
            XDATA   6000H     0196H     UNIT         ?XD?AIP3368H_DISPLAY
            XDATA   6196H     005AH     UNIT         ?XD?BATTERY
            XDATA   61F0H     0059H     UNIT         ?XD?FUEL_CAPACITY
            XDATA   6249H     002BH     UNIT         _XDATA_GROUP_
            XDATA   6274H     001EH     UNIT         ?XD?AIP3368
            XDATA   6292H     001AH     UNIT         ?XD?BOOT_ANIMATION
            XDATA   62ACH     0018H     UNIT         ?XD?INSTRUMENT
            XDATA   62C4H     0018H     UNIT         ?XD?IO_KEY
            XDATA   62DCH     0013H     UNIT         ?XD?ENGINE_SPEED_SCAN
            XDATA   62EFH     000AH     UNIT         ?XD?MILEAGE
            XDATA   62F9H     000AH     UNIT         ?XD?UI
            XDATA   6303H     0009H     UNIT         ?XD?AIP1302
            XDATA   630CH     0009H     UNIT         ?XD?_AIP3368H_DISPLAY_TIME_WHEN_SETTING?AIP3368H_DISPLAY
            XDATA   6315H     0007H     UNIT         ?XD?AIP1302_UPDATE_TIME?AIP1302
            XDATA   631CH     0004H     UNIT         ?XD?KEY_DRIVER
            XDATA   6320H     0004H     UNIT         ?XD?_AIP3368H_DISPLAY_SPEED_BIT?AIP3368H_DISPLAY
            XDATA   6324H     0003H     UNIT         ?XD?ADC
            XDATA   6327H     0003H     UNIT         ?XD?_AIP3368H_DISPLAY_SPEED?AIP3368H_DISPLAY
            XDATA   632AH     0002H     UNIT         ?XD?_AIP3368H_DISPLAY_GEAR_BORDER?AIP3368H_DISPLAY
            XDATA   632CH     0002H     UNIT         ?XD?___AIP3368H_DISPLAY_GEAR_NUM__?AIP3368H_DISPLAY
            XDATA   632EH     0001H     UNIT         ?XD?___AIP3368H_DISPLAY_ENGINE_SPEED_GEAR__?AIP3368H_DISPLAY
            XDATA   632FH     0001H     UNIT         ?XD?___AIP3368H_DISPLAY_ENGINE_SPEED_SCALE_BAR__?AIP3368H_DISPLAY
            XDATA   6330H     0001H     UNIT         ?XD?___AIP3368H_DISPLAY_ENGINE_SPEED_SPLIT_LINE_LIGHT__?AIP3368H_DI
>> SPLAY
BL51 BANKED LINKER/LOCATER V6.22.4.0                                                  08/13/2026  17:54:52  PAGE 3


            XDATA   6331H     0001H     UNIT         ?XD?___AIP3368H_DISPLAY_FUEL_LEV_UPPER_MARKER__?AIP3368H_DISPLAY
            XDATA   6332H     0001H     UNIT         ?XD?_AIP3368H_DISPLAY_FUEL_LEV_UPPER_MARKER?AIP3368H_DISPLAY
            XDATA   6333H     0001H     UNIT         ?XD?___AIP3368H_DISPLAY_FUEL_LEV__?AIP3368H_DISPLAY
            XDATA   6334H     0001H     UNIT         ?XD?___AIP3368H_DISPLAY_SPEED_SPLIT_LINE_LIGHT__?AIP3368H_DISPLAY
            XDATA   6335H     0001H     UNIT         ?XD?___AIP3368H_DISPLAY_BAT_LEV_UPPER_MARKER_LIGHT__?AIP3368H_DISPL
>> AY

            * * * * * * *   C O D E   M E M O R Y   * * * * * * *
            CODE    0000H     0003H     ABSOLUTE     
            CODE    0003H     000CH     ABSOLUTE     
            CODE    000FH     0012H     UNIT         ?PR?TMR1
            CODE    0021H     0003H     ABSOLUTE     
            CODE    0024H     0003H     ABSOLUTE     
            CODE    0027H     001BH     UNIT         ?PR?_DELAY_MS?SYSTEM
            CODE    0042H     0003H     ABSOLUTE     
            CODE    0045H     04F4H     UNIT         ?C?LIB_CODE
            CODE    0539H     03B3H     UNIT         ?C_INITSEG
            CODE    08ECH     0365H     UNIT         ?PR?PRINTF?PRINTF
            CODE    0C51H     024EH     UNIT         ?PR?__BOOT_ANIMATION_PHASE_1__?BOOT_ANIMATION
            CODE    0E9FH     01E9H     UNIT         ?PR?AIP3368H_DISPLAY
            CODE    1088H     0193H     UNIT         ?PR?_KEY_DRIVER_SCAN?KEY_DRIVER
            CODE    121BH     0167H     UNIT         ?PR?_AIP3368H_DISPLAY_SPEED_BIT?AIP3368H_DISPLAY
            CODE    1382H     0143H     UNIT         ?PR?__BOOT_ANIMATION_PHASE_0__?BOOT_ANIMATION
            CODE    14C5H     010DH     UNIT         ?PR?FUEL_CAPACITY_SCAN?FUEL_CAPACITY
            CODE    15D2H     00FDH     UNIT         ?PR?___AIP3368H_DISPLAY_HOUR_DIGIT__?AIP3368H_DISPLAY
            CODE    16CFH     00FDH     UNIT         ?PR?___AIP3368H_DISPLAY_MINUTE_DIGIT__?AIP3368H_DISPLAY
            CODE    17CCH     00E7H     UNIT         ?PR?BAT_SCAN?BATTERY
            CODE    18B3H     00E3H     UNIT         ?PR?UI_DISPLAY_HANDLE?UI
            CODE    1996H     00DFH     UNIT         ?PR?_AIP3368H_DISPLAY_TIME_DIGITS_WHEN_SETTING?AIP3368H_DISPLAY
            CODE    1A75H     00DCH     UNIT         ?PR?SYSTEM_INIT?SYSTEM
            CODE    1B51H     00D6H     UNIT         ?PR?_AIP3368H_DISPLAY_TIME?AIP3368H_DISPLAY
            CODE    1C27H     00CBH     UNIT         ?PR?___AIP3368H_DISPLAY_MILEAGE_BIT_X__?AIP3368H_DISPLAY
            CODE    1CF2H     00C7H     UNIT         ?PR?_AIP3368H_MODULE_SEND_DATA_TO_ALL_DEV?AIP3368
            CODE    1DB9H     00B0H     UNIT         ?PR?_AIP3368H_DISPLAY_GEAR?AIP3368H_DISPLAY
            CODE    1E69H     00B0H     UNIT         ?PR?IO_KEY_HANDLE?IO_KEY
            CODE    1F19H     00AFH     UNIT         ?PR?_AIP1302_WRITE_BYTE?AIP1302
            CODE    1FC8H     00AAH     UNIT         ?PR?AIP3368H_MODULE_INIT?AIP3368
            CODE    2072H     00AAH     UNIT         ?PR?AIP3368H_DISPLAY_ENGINE_SPEED_HANDLE?ENGINE_SPEED_SCAN
            CODE    211CH     009AH     UNIT         ?C_C51STARTUP
            CODE    21B6H     0095H     UNIT         ?PR?UI_DISPLAY_ERR_HANDLE?UI
            CODE    224BH     0093H     UNIT         ?PR?MILEAGE_SCAN?MILEAGE
            CODE    22DEH     008DH     UNIT         ?PR?___AIP1302_WRITE_BYTE__?AIP1302
            CODE    236BH     008AH     UNIT         ?PR?TIMR1_IRQHANDLER?TMR1
            CODE    23F5H     0088H     UNIT         ?PR?PIN_LEVEL_SCAN?PIN_LEVEL_SCAN
            CODE    247DH     0086H     UNIT         ?PR?___AIP1302_READ_BYTE__?AIP1302
            CODE    2503H     0081H     UNIT         ?PR?_AIP3368H_DISPLAY_ENGINE_SPEED_GEAR?AIP3368H_DISPLAY
            CODE    2584H     0081H     UNIT         ?PR?_AIP3368H_DISPLAY_FUEL_LEV?AIP3368H_DISPLAY
            CODE    2605H     0080H     UNIT         ?PR?ADC_IRQHANDLER?ADC
            CODE    2685H     007FH     UNIT         ?PR?ENGINE_SPEED_SCAN?ENGINE_SPEED_SCAN
            CODE    2704H     007DH     UNIT         ?PR?_AIP3368H_DISPLAY_MILEAGE_VALUE?MILEAGE
            CODE    2781H     007AH     UNIT         ?PR?AIP1302_CONFIG?AIP1302
            CODE    27FBH     007AH     UNIT         ?PR?_AIP3368H_DISPLAY_GEAR_BORDER?AIP3368H_DISPLAY
            CODE    2875H     0071H     UNIT         ?PR?___AIP3368H_DISPLAY_GEAR_NUM__?AIP3368H_DISPLAY
            CODE    28E6H     0070H     UNIT         ?PR?_AIP3368H_DISPLAY_ENGINE_SPEED_SCALE_BAR?AIP3368H_DISPLAY
            CODE    2956H     006EH     UNIT         ?PR?___AIP1302_CONVERT_READ_BYTE__?AIP1302
            CODE    29C4H     0067H     UNIT         ?PR?PIN_LEVEL_SCAN_CONFIG?PIN_LEVEL_SCAN
            CODE    2A2BH     0067H     UNIT         ?PR?UI_TIMER_HANDLE_ISR?UI
BL51 BANKED LINKER/LOCATER V6.22.4.0                                                  08/13/2026  17:54:52  PAGE 4


            CODE    2A92H     0063H     UNIT         ?PR?_AIP3368H_DISPLAY_FUEL_LEV_UPPER_MARKER?AIP3368H_DISPLAY
            CODE    2AF5H     0061H     UNIT         ?PR?AIP1302_IS_WORKING?AIP1302
            CODE    2B56H     0061H     UNIT         ?PR?AIP3368H_DISPLAY_MILEAGE_HANDLE?MILEAGE
            CODE    2BB7H     005EH     UNIT         ?PR?___AIP3368H_DISPLAY_ENGINE_SPEED_SPLIT_LINE_LIGHT__?AIP3368H_DI
>> SPLAY
            CODE    2C15H     005EH     UNIT         ?PR?___AIP3368H_DISPLAY_SPEED_SPLIT_LINE_LIGHT__?AIP3368H_DISPLAY
            CODE    2C73H     005EH     UNIT         ?PR?___AIP3368H_DISPLAY_BAT_LEV_UPPER_MARKER_LIGHT__?AIP3368H_DISPL
>> AY
            CODE    2CD1H     005EH     UNIT         ?PR?___AIP3368H_DISPLAY_BAT_LEV_LIGHT__?AIP3368H_DISPLAY
            CODE    2D2FH     005DH     UNIT         ?PR?_AIP3368H_DISPLAY_MILEAGE?AIP3368H_DISPLAY
            CODE    2D8CH     005BH     UNIT         ?PR?_AIP3368H_DISPLAY_SPEED?AIP3368H_DISPLAY
            CODE    2DE7H     005AH     UNIT         ?CO?AIP1302
            CODE    2E41H     0057H     UNIT         ?PR?ENGINE_SPEED_SCAN_TIMER_50US_ISR?ENGINE_SPEED_SCAN
            CODE    2E98H     0056H     UNIT         ?PR?___AIP3368H_DISPLAY_ENGINE_SPEED_GEAR__?AIP3368H_DISPLAY
            CODE    2EEEH     0056H     UNIT         ?PR?___AIP3368H_DISPLAY_ENGINE_SPEED_SCALE_BAR__?AIP3368H_DISPLAY
            CODE    2F44H     0056H     UNIT         ?PR?___AIP3368H_DISPLAY_FUEL_LEV_UPPER_MARKER__?AIP3368H_DISPLAY
            CODE    2F9AH     0056H     UNIT         ?PR?___AIP3368H_DISPLAY_FUEL_LEV__?AIP3368H_DISPLAY
            CODE    2FF0H     0053H     UNIT         ?PR?_FUEL_CAPACITY_CONVERT_VOLTAGE_TO_LEV?FUEL_CAPACITY
            CODE    3043H     0053H     UNIT         ?PR?BOOT_ANIMATION_PROCESS?BOOT_ANIMATION
            CODE    3096H     0050H     UNIT         ?PR?BATTERY
            CODE    30E6H     0046H     UNIT         ?PR?TIMR2_IRQHANDLER?TMR2
            CODE    312CH     0046H     UNIT         ?PR?AIP1302_READ_ALL?AIP1302
            CODE    3172H     0045H     UNIT         ?PR?___IO_KEY_GET_EVENT__?IO_KEY
            CODE    31B7H     0044H     UNIT         ?PR?FUEL_CAPACITY
            CODE    31FBH     0040H     UNIT         ?PR?TMR1_CONFIG?TMR1
            CODE    323BH     0040H     UNIT         ?PR?INSTRUMENT_INFO_INIT?INSTRUMENT
            CODE    327BH     003FH     UNIT         ?PR?AIP1302_UPDATE_TIME?AIP1302
            CODE    32BAH     003EH     UNIT         ?PR?UPDATE_ENGINE_SPEED_SCAN_DATA?ENGINE_SPEED_SCAN
            CODE    32F8H     003EH     UNIT         ?PR?AIP3368H_DISPLAY_MILEAGE_REFRESH?MILEAGE
            CODE    3336H     003EH     UNIT         ?PR?FUEL_CAPACITY_ADC_VAL_GET?FUEL_CAPACITY
            CODE    3374H     003EH     UNIT         ?PR?BAT_ADC_VAL_GET_AVG?BATTERY
            CODE    33B2H     003CH     UNIT         ?PR?AIP3368
            CODE    33EEH     003CH     UNIT         ?PR?MAIN?MAIN
            CODE    342AH     003AH     UNIT         ?PR?ADC_CHANNEL_SWITCH_BY_ISR?ADC
            CODE    3464H     0038H     UNIT         ?PR?__FUEL_VOLTAGE_SAMPLES_GET__?FUEL_CAPACITY
            CODE    349CH     0038H     UNIT         ?PR?BAT_VOL_GET_AVG?BATTERY
            CODE    34D4H     0037H     UNIT         ?PR?_FLASH_PROGRAM?USER_FLASH
            CODE    350BH     0034H     UNIT         ?PR?_FLASH_READ?USER_FLASH
            CODE    353FH     0033H     UNIT         ?PR?TMR2_CONFIG?TMR2
            CODE    3572H     0031H     UNIT         ?PR?_AIP3368H_MODULE_SET_BRIGHTNESS?AIP3368
            CODE    35A3H     0030H     UNIT         ?PR?AIP1302
            CODE    35D3H     0030H     UNIT         ?PR?_BAT_VOL_TO_GRID?BATTERY
            CODE    3603H     002FH     UNIT         ?PR?_ADC_CHANNEL_SET?ADC
            CODE    3632H     002FH     UNIT         ?PR?_AIP3368H_DISPLAY_BAT_LEV_LIGHT?AIP3368H_DISPLAY
            CODE    3661H     002EH     UNIT         ?PR?USER_INIT?MAIN
            CODE    368FH     0025H     UNIT         ?PR?ADC_CONFIG?ADC
            CODE    36B4H     0025H     UNIT         ?PR?UI_DISPLAY_REFRESH?UI
            CODE    36D9H     0024H     UNIT         ?PR?_BAT_VOL_SAMPLES_UPDATE?BATTERY
            CODE    36FDH     0023H     UNIT         ?PR?AIP3368H_MODULE_DISPLAY?AIP3368
            CODE    3720H     0023H     UNIT         ?PR?UI
            CODE    3743H     0022H     UNIT         ?PR?_AIP3368H_DISPLAY_MILEAGE_UNIT_LIGHTS?MILEAGE
            CODE    3765H     0022H     UNIT         ?PR?INSTRUMENT_INFO_SAVE_HANDLE?INSTRUMENT
            CODE    3787H     0022H     UNIT         ?PR?___AIP3368H_DISPLAY_GEAR_SEG__?AIP3368H_DISPLAY
            CODE    37A9H     0021H     UNIT         ?PR?KEY_DRIVER
            CODE    37CAH     0021H     UNIT         ?PR?_FUEL_CAPACITY_ADC_VAL_SAMPLES_UPDATE?FUEL_CAPACITY
            CODE    37EBH     0021H     UNIT         ?PR?_BAT_ADC_VAL_SAMPLES_UPDATE?BATTERY
            CODE    380CH     0020H     UNIT         ?PR?_AIP3368H_DISPLAY_TIME_WHEN_SETTING?AIP3368H_DISPLAY
BL51 BANKED LINKER/LOCATER V6.22.4.0                                                  08/13/2026  17:54:52  PAGE 5


            CODE    382CH     001FH     UNIT         ?PR?_AIP3368H_DISPLAY_MILEAGE_MODE_LIGHTS?MILEAGE
            CODE    384BH     001DH     UNIT         ?PR?_AIP3368H_DISPLAY_X1000RPM_LIGHT?AIP3368H_DISPLAY
            CODE    3868H     001CH     UNIT         ?PR?INSTRUMENT_INFO_SAVE?INSTRUMENT
            CODE    3884H     001BH     UNIT         ?PR?UART0_DEBUG_INIT?UART0
            CODE    389FH     001AH     UNIT         ?PR?_REVERSE_BITS_U8?AIP1302
            CODE    38B9H     0019H     UNIT         ?PR?___FUEL_VOLTAGE_SAMPLES_UPDATE__?FUEL_CAPACITY
            CODE    38D2H     0018H     UNIT         ?PR?MILEAGE
            CODE    38EAH     0017H     UNIT         ?PR?AIP3368H_REFRESH_TIME_ADD?AIP3368
            CODE    3901H     0017H     UNIT         ?PR?AIP3368H_DISPLAY_ENGINE_SPEED_REFRESH_TIME_ADD?ENGINE_SPEED_SCA
>> N
            CODE    3918H     0017H     UNIT         ?PR?FUEL_CAPACITY_SCAN_TIME_ADD?FUEL_CAPACITY
            CODE    392FH     0017H     UNIT         ?PR?FUEL_LEV_UPDATE_TIME_ADD?FUEL_CAPACITY
            CODE    3946H     0017H     UNIT         ?PR?BAT_SCAN_TIME_ADD?BATTERY
            CODE    395DH     0017H     UNIT         ?PR?BAT_GRID_UPDATE_TIME_ADD?BATTERY
            CODE    3974H     0016H     UNIT         ?PR?_AIP1302_READ_BYTE?AIP1302
            CODE    398AH     0013H     UNIT         ?PR?_AIP3368H_DISPLAY_ENGINE_FAULT_LIGHT?AIP3368H_DISPLAY
            CODE    399DH     0013H     UNIT         ?PR?_AIP3368H_DISPLAY_MPH_LIGHT?AIP3368H_DISPLAY
            CODE    39B0H     0013H     UNIT         ?PR?_AIP3368H_DISPLAY_MILEAGE_POINT_LIGHT?AIP3368H_DISPLAY
            CODE    39C3H     0013H     UNIT         ?PR?_AIP3368H_DISPLAY_BATTERY_8_SYMBOL_LIGHT?AIP3368H_DISPLAY
            CODE    39D6H     0011H     UNIT         ?PR?_FLASH_ERASE_SECTOR?USER_FLASH
            CODE    39E7H     0011H     UNIT         ?PR?_AIP3368H_DISPLAY_SPEED_SPLIT_LINE_LIGHT?AIP3368H_DISPLAY
            CODE    39F8H     0011H     UNIT         ?PR?_AIP3368H_DISPLAY_BAT_LEV_UPPER_MARKER_LIGHT?AIP3368H_DISPLAY
            CODE    3A09H     0010H     UNIT         ?PR?ENGINE_SPEED_GET_LEVEL?ENGINE_SPEED_SCAN
            CODE    3A19H     0010H     UNIT         ?PR?ENGINE_SPEED_SCAN
            CODE    3A29H     0010H     UNIT         ?PR?_AIP3368H_DISPLAY_LEFT_TURN_LIGHT?AIP3368H_DISPLAY
            CODE    3A39H     0010H     UNIT         ?PR?_AIP3368H_DISPLAY_N_LIGHT?AIP3368H_DISPLAY
            CODE    3A49H     0010H     UNIT         ?PR?_AIP3368H_DISPLAY_HIGH_BEAM_LIGHT?AIP3368H_DISPLAY
            CODE    3A59H     0010H     UNIT         ?PR?_AIP3368H_DISPLAY_RIGHT_TURN_LIGHT?AIP3368H_DISPLAY
            CODE    3A69H     0010H     UNIT         ?PR?_AIP3368H_DISPLAY_TIME_COLON_LIGHT?AIP3368H_DISPLAY
            CODE    3A79H     0010H     UNIT         ?PR?_AIP3368H_DISPLAY_FUEL_FULL_LIGHT?AIP3368H_DISPLAY
            CODE    3A89H     0010H     UNIT         ?PR?_AIP3368H_DISPLAY_KMH_LIGHT?AIP3368H_DISPLAY
            CODE    3A99H     0010H     UNIT         ?PR?_AIP3368H_DISPLAY_TRIP_LIGHT?AIP3368H_DISPLAY
            CODE    3AA9H     0010H     UNIT         ?PR?_AIP3368H_DISPLAY_ODO_LIGHT?AIP3368H_DISPLAY
            CODE    3AB9H     0010H     UNIT         ?PR?_AIP3368H_DISPLAY_MILES_LIGHT?AIP3368H_DISPLAY
            CODE    3AC9H     0010H     UNIT         ?PR?_AIP3368H_DISPLAY_KM_LIGHT?AIP3368H_DISPLAY
            CODE    3AD9H     0010H     UNIT         ?PR?_AIP3368H_DISPLAY_BATTERY_ICON_LIGHT?AIP3368H_DISPLAY
            CODE    3AE9H     0010H     UNIT         ?PR?_AIP3368H_DISPLAY_BATTERY_16_SYMBOL_LIGHT?AIP3368H_DISPLAY
            CODE    3AF9H     0010H     UNIT         ?PR?BOOT_ANIMATION
            CODE    3B09H     000FH     UNIT         ?PR?___FUEL_VOLTAGE_SAMPLES_INIT__?FUEL_CAPACITY
            CODE    3B18H     000FH     UNIT         ?PR?INSTRUMENT_INFO_SAVE_TIME_ADD?INSTRUMENT
            CODE    3B27H     000FH     UNIT         ?PR?_AIP3368H_DISPLAY_PHONE_LIGHT?AIP3368H_DISPLAY
            CODE    3B36H     000FH     UNIT         ?PR?_AIP3368H_DISPLAY_FUEL_EMPTY_LIGHT?AIP3368H_DISPLAY
            CODE    3B45H     000FH     UNIT         ?PR?_AIP3368H_DISPLAY_FUEL_ICON_LIGHT?AIP3368H_DISPLAY
            CODE    3B54H     000FH     UNIT         ?PR?IO_KEY
            CODE    3B63H     000FH     UNIT         ?PR?_BAT_VOL_SAMPLES_INIT?BATTERY
            CODE    3B72H     000EH     UNIT         ?PR?_PUTCHAR?UART0
            CODE    3B80H     000DH     UNIT         ?PR?AIP1302_DATA_MODE_IN?AIP1302
            CODE    3B8DH     000DH     UNIT         ?PR?INSTRUMENT_INFO_SAVE_ENABLE?INSTRUMENT
            CODE    3B9AH     000CH     UNIT         ?PR?___FUEL_CAPACITY_ADC_VAL_SAMPLES_INIT__?FUEL_CAPACITY
            CODE    3BA6H     000CH     UNIT         ?PR?___BAT_ADV_VAL_SAMPLES_INIT__?BATTERY
            CODE    3BB2H     000BH     UNIT         ?PR?_DELAY?SYSTEM
            CODE    3BBDH     000BH     UNIT         ?CO?MAIN
            CODE    3BC8H     000BH     UNIT         ?PR?_UI_SET_STATE?UI
            CODE    3BD3H     000BH     UNIT         ?PR?BOOT_ANIMATION_TIME_BASE_ADD_1MS_ISR?BOOT_ANIMATION
            CODE    3BDEH     000AH     UNIT         ?PR?ADC
            CODE    3BE8H     0009H     UNIT         ?PR?IO_KEY_GET_KEY_ID?IO_KEY
            CODE    3BF1H     0008H     UNIT         ?PR?_UART0_SEND_BYTE?UART0
BL51 BANKED LINKER/LOCATER V6.22.4.0                                                  08/13/2026  17:54:52  PAGE 6


            CODE    3BF9H     0008H     UNIT         ?PR?UI_MANAGER_INIT?UI
            CODE    3C01H     0007H     UNIT         ?PR?ENGINE_SPEED_SCAN_CONFIG?ENGINE_SPEED_SCAN
            CODE    3C08H     0007H     UNIT         ?PR?IO_KEY_CONFIG?IO_KEY
            CODE    3C0FH     0006H     UNIT         ?PR?AIP1302_DATA_MODE_OUT?AIP1302



OVERLAY MAP OF MODULE:   .\Release\Objects\Project (?C_STARTUP)


SEGMENT                                             BIT_GROUP          DATA_GROUP          XDATA_GROUP
  +--> CALLED SEGMENT                            START    LENGTH     START    LENGTH     START    LENGTH
--------------------------------------------------------------------------------------------------------
?C_C51STARTUP                                    -----    -----      -----    -----      -----    -----
  +--> ?PR?MAIN?MAIN
  +--> ?C_INITSEG

?PR?MAIN?MAIN                                    -----    -----      -----    -----      -----    -----
  +--> ?PR?SYSTEM_INIT?SYSTEM
  +--> ?PR?USER_INIT?MAIN
  +--> ?PR?UI_MANAGER_INIT?UI
  +--> ?PR?PIN_LEVEL_SCAN?PIN_LEVEL_SCAN
  +--> ?PR?_KEY_DRIVER_SCAN?KEY_DRIVER
  +--> ?PR?IO_KEY_HANDLE?IO_KEY
  +--> ?PR?MILEAGE_SCAN?MILEAGE
  +--> ?PR?FUEL_CAPACITY_SCAN?FUEL_CAPACITY
  +--> ?PR?BAT_SCAN?BATTERY
  +--> ?PR?ENGINE_SPEED_SCAN?ENGINE_SPEED_SCAN
  +--> ?PR?INSTRUMENT_INFO_SAVE_HANDLE?INSTR...
  +--> ?PR?UI_DISPLAY_HANDLE?UI

?PR?SYSTEM_INIT?SYSTEM                           -----    -----      -----    -----      -----    -----
  +--> ?PR?_DELAY?SYSTEM
  +--> ?PR?_DELAY_MS?SYSTEM

?PR?_DELAY_MS?SYSTEM                             -----    -----      -----    -----      -----    -----
  +--> ?PR?_DELAY?SYSTEM

?PR?USER_INIT?MAIN                               -----    -----      -----    -----      -----    -----
  +--> ?PR?UART0_DEBUG_INIT?UART0
  +--> ?CO?MAIN
  +--> ?PR?PRINTF?PRINTF
  +--> ?PR?PIN_LEVEL_SCAN_CONFIG?PIN_LEVEL_SCAN
  +--> ?PR?IO_KEY_CONFIG?IO_KEY
  +--> ?PR?ENGINE_SPEED_SCAN_CONFIG?ENGINE_S...
  +--> ?PR?AIP1302_CONFIG?AIP1302
  +--> ?PR?ADC_CONFIG?ADC
  +--> ?PR?INSTRUMENT_INFO_INIT?INSTRUMENT
  +--> ?PR?AIP3368H_MODULE_INIT?AIP3368
  +--> ?PR?TMR1_CONFIG?TMR1
  +--> ?PR?TMR2_CONFIG?TMR2
  +--> ?PR?_DELAY_MS?SYSTEM

?PR?PRINTF?PRINTF                                0020H.0  0001H.1    0008H    0005H      6249H    0028H
  +--> ?PR?_PUTCHAR?UART0

?PR?_PUTCHAR?UART0                               -----    -----      -----    -----      6271H    0001H
BL51 BANKED LINKER/LOCATER V6.22.4.0                                                  08/13/2026  17:54:52  PAGE 7


  +--> ?PR?_UART0_SEND_BYTE?UART0

?PR?AIP1302_CONFIG?AIP1302                       -----    -----      -----    -----      -----    -----
  +--> ?PR?AIP1302
  +--> ?PR?AIP1302_IS_WORKING?AIP1302
  +--> ?CO?AIP1302
  +--> ?PR?PRINTF?PRINTF
  +--> ?PR?_AIP1302_WRITE_BYTE?AIP1302

?PR?AIP1302                                      -----    -----      -----    -----      -----    -----
  +--> ?PR?AIP1302_DATA_MODE_OUT?AIP1302

?PR?AIP1302_IS_WORKING?AIP1302                   -----    -----      -----    -----      -----    -----
  +--> ?PR?AIP1302_READ_ALL?AIP1302

?PR?AIP1302_READ_ALL?AIP1302                     -----    -----      -----    -----      -----    -----
  +--> ?PR?_AIP1302_READ_BYTE?AIP1302

?PR?_AIP1302_READ_BYTE?AIP1302                   -----    -----      -----    -----      6249H    0001H
  +--> ?PR?___AIP1302_READ_BYTE__?AIP1302
  +--> ?PR?___AIP1302_CONVERT_READ_BYTE__?AI...

?PR?___AIP1302_READ_BYTE__?AIP1302               -----    -----      -----    -----      624AH    0003H
  +--> ?PR?AIP1302
  +--> ?PR?_DELAY?SYSTEM
  +--> ?PR?AIP1302_DATA_MODE_IN?AIP1302

?PR?___AIP1302_CONVERT_READ_BYTE__?AI...         -----    -----      -----    -----      624AH    0003H
  +--> ?PR?_REVERSE_BITS_U8?AIP1302

?PR?_AIP1302_WRITE_BYTE?AIP1302                  -----    -----      -----    -----      6249H    0004H
  +--> ?PR?___AIP1302_WRITE_BYTE__?AIP1302

?PR?___AIP1302_WRITE_BYTE__?AIP1302              -----    -----      -----    -----      624DH    0003H
  +--> ?PR?AIP1302
  +--> ?PR?_DELAY?SYSTEM

?PR?INSTRUMENT_INFO_INIT?INSTRUMENT              -----    -----      -----    -----      6249H    000BH
  +--> ?PR?_FLASH_READ?USER_FLASH
  +--> ?PR?INSTRUMENT_INFO_SAVE_ENABLE?INSTR...

?PR?_FLASH_READ?USER_FLASH                       -----    -----      -----    -----      6254H    0005H

?PR?AIP3368H_MODULE_INIT?AIP3368                 -----    -----      -----    -----      -----    -----
  +--> ?PR?AIP3368
  +--> ?PR?_AIP3368H_MODULE_SEND_DATA_TO_ALL...
  +--> ?PR?_AIP3368H_MODULE_SET_BRIGHTNESS?A...

?PR?_AIP3368H_MODULE_SEND_DATA_TO_ALL...         -----    -----      -----    -----      6249H    0010H
  +--> ?PR?AIP3368

?PR?UI_MANAGER_INIT?UI                           -----    -----      -----    -----      -----    -----
  +--> ?PR?UI_DISPLAY_REFRESH?UI

?PR?UI_DISPLAY_REFRESH?UI                        -----    -----      -----    -----      -----    -----
  +--> ?PR?UI
  +--> ?PR?AIP3368H_DISPLAY_MILEAGE_REFRESH?...
BL51 BANKED LINKER/LOCATER V6.22.4.0                                                  08/13/2026  17:54:52  PAGE 8


  +--> ?PR?_AIP3368H_DISPLAY_MPH_LIGHT?AIP33...
  +--> ?PR?_AIP3368H_DISPLAY_KMH_LIGHT?AIP33...

?PR?AIP3368H_DISPLAY_MILEAGE_REFRESH?...         -----    -----      -----    -----      6249H    0005H
  +--> ?PR?_AIP3368H_DISPLAY_MILEAGE_VALUE?M...
  +--> ?PR?_AIP3368H_DISPLAY_MILEAGE_MODE_LI...

?PR?_AIP3368H_DISPLAY_MILEAGE_VALUE?M...         -----    -----      -----    -----      624EH    0006H
  +--> ?PR?_AIP3368H_DISPLAY_MILEAGE?AIP3368...

?PR?_AIP3368H_DISPLAY_MILEAGE?AIP3368...         -----    -----      -----    -----      6254H    0006H
  +--> ?PR?_AIP3368H_DISPLAY_MILEAGE_POINT_L...
  +--> ?PR?___AIP3368H_DISPLAY_MILEAGE_BIT_X...

?PR?___AIP3368H_DISPLAY_MILEAGE_BIT_X...         -----    -----      -----    -----      625AH    0004H
  +--> ?PR?AIP3368H_DISPLAY

?PR?_AIP3368H_DISPLAY_MILEAGE_MODE_LI...         -----    -----      -----    -----      624EH    0001H
  +--> ?PR?_AIP3368H_DISPLAY_TRIP_LIGHT?AIP3...
  +--> ?PR?_AIP3368H_DISPLAY_ODO_LIGHT?AIP33...

?PR?PIN_LEVEL_SCAN?PIN_LEVEL_SCAN                -----    -----      -----    -----      -----    -----
  +--> ?PR?_AIP3368H_DISPLAY_GEAR?AIP3368H_D...
  +--> ?PR?_AIP3368H_DISPLAY_LEFT_TURN_LIGHT...
  +--> ?PR?_AIP3368H_DISPLAY_RIGHT_TURN_LIGH...
  +--> ?PR?_AIP3368H_DISPLAY_HIGH_BEAM_LIGHT...
  +--> ?PR?_AIP3368H_DISPLAY_ENGINE_FAULT_LI...

?PR?_AIP3368H_DISPLAY_GEAR?AIP3368H_D...         -----    -----      -----    -----      6249H    0003H
  +--> ?PR?AIP3368H_DISPLAY
  +--> ?PR?_AIP3368H_DISPLAY_N_LIGHT?AIP3368...
  +--> ?PR?___AIP3368H_DISPLAY_GEAR_SEG__?AI...

?PR?___AIP3368H_DISPLAY_GEAR_SEG__?AI...         -----    -----      -----    -----      -----    -----
  +--> ?PR?AIP3368H_DISPLAY

?PR?_KEY_DRIVER_SCAN?KEY_DRIVER                  -----    -----      -----    -----      6249H    0002H
  +--> ?PR?KEY_DRIVER

?PR?IO_KEY_HANDLE?IO_KEY                         -----    -----      -----    -----      -----    -----
  +--> ?PR?___IO_KEY_GET_EVENT__?IO_KEY
  +--> ?PR?AIP3368H_DISPLAY_MILEAGE_REFRESH?...
  +--> ?PR?_AIP3368H_DISPLAY_MILEAGE_UNIT_LI...
  +--> ?PR?INSTRUMENT_INFO_SAVE_ENABLE?INSTR...
  +--> ?PR?_UI_SET_STATE?UI
  +--> ?PR?UI_DISPLAY_REFRESH?UI

?PR?___IO_KEY_GET_EVENT__?IO_KEY                 -----    -----      -----    -----      -----    -----
  +--> ?PR?IO_KEY

?PR?_AIP3368H_DISPLAY_MILEAGE_UNIT_LI...         -----    -----      -----    -----      6249H    0001H
  +--> ?PR?_AIP3368H_DISPLAY_MILES_LIGHT?AIP...
  +--> ?PR?_AIP3368H_DISPLAY_KM_LIGHT?AIP336...

?PR?MILEAGE_SCAN?MILEAGE                         -----    -----      -----    -----      -----    -----
  +--> ?PR?INSTRUMENT_INFO_SAVE_ENABLE?INSTR...
  +--> ?PR?MILEAGE
BL51 BANKED LINKER/LOCATER V6.22.4.0                                                  08/13/2026  17:54:52  PAGE 9



?PR?FUEL_CAPACITY_SCAN?FUEL_CAPACITY             -----    -----      -----    -----      6249H    0004H
  +--> ?PR?FUEL_CAPACITY_ADC_VAL_GET?FUEL_CA...
  +--> ?PR?FUEL_CAPACITY
  +--> ?PR?___FUEL_VOLTAGE_SAMPLES_INIT__?FU...
  +--> ?PR?_FUEL_CAPACITY_CONVERT_VOLTAGE_TO...
  +--> ?PR?___FUEL_VOLTAGE_SAMPLES_UPDATE__?...
  +--> ?PR?__FUEL_VOLTAGE_SAMPLES_GET__?FUEL...
  +--> ?PR?_AIP3368H_DISPLAY_FUEL_LEV?AIP336...

?PR?FUEL_CAPACITY_ADC_VAL_GET?FUEL_CA...         -----    -----      -----    -----      624DH    0005H
  +--> ?PR?FUEL_CAPACITY

?PR?___FUEL_VOLTAGE_SAMPLES_INIT__?FU...         -----    -----      -----    -----      -----    -----
  +--> ?PR?FUEL_CAPACITY

?PR?___FUEL_VOLTAGE_SAMPLES_UPDATE__?...         -----    -----      -----    -----      -----    -----
  +--> ?PR?FUEL_CAPACITY

?PR?__FUEL_VOLTAGE_SAMPLES_GET__?FUEL...         -----    -----      -----    -----      624DH    0005H
  +--> ?PR?FUEL_CAPACITY

?PR?_AIP3368H_DISPLAY_FUEL_LEV?AIP336...         -----    -----      -----    -----      624DH    0002H
  +--> ?PR?AIP3368H_DISPLAY

?PR?BAT_SCAN?BATTERY                             -----    -----      -----    -----      6249H    0004H
  +--> ?PR?BAT_ADC_VAL_GET_AVG?BATTERY
  +--> ?PR?BATTERY
  +--> ?PR?_BAT_VOL_SAMPLES_INIT?BATTERY
  +--> ?PR?_AIP3368H_DISPLAY_BAT_LEV_LIGHT?A...
  +--> ?PR?_BAT_VOL_SAMPLES_UPDATE?BATTERY
  +--> ?PR?BAT_VOL_GET_AVG?BATTERY

?PR?BAT_ADC_VAL_GET_AVG?BATTERY                  -----    -----      -----    -----      624DH    0005H
  +--> ?PR?BATTERY

?PR?BATTERY                                      -----    -----      -----    -----      -----    -----
  +--> ?PR?_BAT_VOL_TO_GRID?BATTERY

?PR?_BAT_VOL_SAMPLES_INIT?BATTERY                -----    -----      -----    -----      -----    -----
  +--> ?PR?BATTERY

?PR?_AIP3368H_DISPLAY_BAT_LEV_LIGHT?A...         -----    -----      -----    -----      -----    -----
  +--> ?PR?___AIP3368H_DISPLAY_BAT_LEV_LIGHT...

?PR?___AIP3368H_DISPLAY_BAT_LEV_LIGHT...         -----    -----      -----    -----      624DH    0001H
  +--> ?PR?AIP3368H_DISPLAY

?PR?_BAT_VOL_SAMPLES_UPDATE?BATTERY              -----    -----      -----    -----      -----    -----
  +--> ?PR?_BAT_VOL_SAMPLES_INIT?BATTERY
  +--> ?PR?BATTERY

?PR?BAT_VOL_GET_AVG?BATTERY                      -----    -----      -----    -----      624DH    0005H
  +--> ?PR?BATTERY

?PR?ENGINE_SPEED_SCAN?ENGINE_SPEED_SCAN          -----    -----      -----    -----      6249H    0004H
  +--> ?PR?ENGINE_SPEED_SCAN
BL51 BANKED LINKER/LOCATER V6.22.4.0                                                  08/13/2026  17:54:52  PAGE 10



?PR?INSTRUMENT_INFO_SAVE_HANDLE?INSTR...         -----    -----      -----    -----      -----    -----
  +--> ?PR?INSTRUMENT_INFO_SAVE?INSTRUMENT

?PR?INSTRUMENT_INFO_SAVE?INSTRUMENT              -----    -----      -----    -----      -----    -----
  +--> ?PR?_FLASH_ERASE_SECTOR?USER_FLASH
  +--> ?PR?_FLASH_PROGRAM?USER_FLASH

?PR?_FLASH_PROGRAM?USER_FLASH                    -----    -----      -----    -----      6249H    0005H

?PR?UI_DISPLAY_HANDLE?UI                         -----    -----      -----    -----      -----    -----
  +--> ?PR?_AIP3368H_DISPLAY_TIME?AIP3368H_D...
  +--> ?PR?UI
  +--> ?PR?_AIP3368H_DISPLAY_KM_LIGHT?AIP336...
  +--> ?PR?_AIP3368H_DISPLAY_KMH_LIGHT?AIP33...
  +--> ?PR?_AIP3368H_DISPLAY_MILES_LIGHT?AIP...
  +--> ?PR?_AIP3368H_DISPLAY_MPH_LIGHT?AIP33...
  +--> ?PR?_AIP3368H_DISPLAY_TIME_DIGITS_WHE...
  +--> ?PR?AIP3368H_DISPLAY_MILEAGE_HANDLE?M...
  +--> ?PR?AIP3368H_DISPLAY_ENGINE_SPEED_HAN...
  +--> ?PR?AIP1302_READ_ALL?AIP1302
  +--> ?PR?UI_DISPLAY_ERR_HANDLE?UI
  +--> ?PR?AIP3368H_MODULE_DISPLAY?AIP3368

?PR?_AIP3368H_DISPLAY_TIME?AIP3368H_D...         -----    -----      -----    -----      6249H    0003H
  +--> ?PR?AIP3368H_DISPLAY
  +--> ?PR?___AIP3368H_DISPLAY_HOUR_DIGIT__?...
  +--> ?PR?___AIP3368H_DISPLAY_MINUTE_DIGIT_...

?PR?___AIP3368H_DISPLAY_HOUR_DIGIT__?...         -----    -----      -----    -----      624CH    0002H
  +--> ?PR?AIP3368H_DISPLAY

?PR?___AIP3368H_DISPLAY_MINUTE_DIGIT_...         -----    -----      -----    -----      624CH    0002H
  +--> ?PR?AIP3368H_DISPLAY

?PR?_AIP3368H_DISPLAY_TIME_DIGITS_WHE...         -----    -----      -----    -----      6249H    0001H
  +--> ?PR?AIP3368H_DISPLAY
  +--> ?PR?___AIP3368H_DISPLAY_MINUTE_DIGIT_...
  +--> ?PR?___AIP3368H_DISPLAY_HOUR_DIGIT__?...

?PR?AIP3368H_DISPLAY_MILEAGE_HANDLE?M...         -----    -----      -----    -----      -----    -----
  +--> ?PR?_AIP3368H_DISPLAY_MILES_LIGHT?AIP...
  +--> ?PR?_AIP3368H_DISPLAY_KM_LIGHT?AIP336...
  +--> ?PR?_AIP3368H_DISPLAY_TRIP_LIGHT?AIP3...
  +--> ?PR?_AIP3368H_DISPLAY_ODO_LIGHT?AIP33...
  +--> ?PR?AIP3368H_DISPLAY_MILEAGE_REFRESH?...
  +--> ?PR?_AIP3368H_DISPLAY_MILEAGE_UNIT_LI...

?PR?AIP3368H_DISPLAY_ENGINE_SPEED_HAN...         -----    -----      -----    -----      6249H    0003H
  +--> ?PR?ENGINE_SPEED_GET_LEVEL?ENGINE_SPE...
  +--> ?PR?_AIP3368H_DISPLAY_ENGINE_SPEED_SC...
  +--> ?PR?_AIP3368H_DISPLAY_X1000RPM_LIGHT?...
  +--> ?PR?ENGINE_SPEED_SCAN
  +--> ?PR?_AIP3368H_DISPLAY_ENGINE_SPEED_GE...

?PR?_AIP3368H_DISPLAY_ENGINE_SPEED_SC...         -----    -----      -----    -----      624CH    0002H
  +--> ?PR?AIP3368H_DISPLAY
BL51 BANKED LINKER/LOCATER V6.22.4.0                                                  08/13/2026  17:54:52  PAGE 11



?PR?_AIP3368H_DISPLAY_X1000RPM_LIGHT?...         -----    -----      -----    -----      -----    -----
  +--> ?PR?AIP3368H_DISPLAY

?PR?_AIP3368H_DISPLAY_ENGINE_SPEED_GE...         -----    -----      -----    -----      624CH    0002H
  +--> ?PR?AIP3368H_DISPLAY

?PR?UI_DISPLAY_ERR_HANDLE?UI                     -----    -----      -----    -----      -----    -----
  +--> ?PR?_AIP3368H_DISPLAY_BATTERY_8_SYMBO...
  +--> ?PR?_AIP3368H_DISPLAY_BATTERY_ICON_LI...
  +--> ?PR?_AIP3368H_DISPLAY_TIME_COLON_LIGH...

?PR?AIP3368H_MODULE_DISPLAY?AIP3368              -----    -----      -----    -----      -----    -----
  +--> ?PR?AIP3368
  +--> ?PR?_AIP3368H_MODULE_SEND_DATA_TO_ALL...

?C_INITSEG                                       -----    -----      -----    -----      -----    -----
  +--> ?PR?IO_KEY_GET_KEY_ID?IO_KEY

*** NEW ROOT ***************************************************

?PR?TIMR1_IRQHANDLER?TMR1                        -----    -----      -----    -----      -----    -----
  +--> ?PR?ADC_CHANNEL_SWITCH_BY_ISR?ADC
  +--> ?PR?TMR1
  +--> ?PR?FUEL_CAPACITY_SCAN_TIME_ADD?FUEL_...
  +--> ?PR?FUEL_LEV_UPDATE_TIME_ADD?FUEL_CAP...
  +--> ?PR?BAT_SCAN_TIME_ADD?BATTERY
  +--> ?PR?BAT_GRID_UPDATE_TIME_ADD?BATTERY
  +--> ?PR?INSTRUMENT_INFO_SAVE_TIME_ADD?INS...
  +--> ?PR?BOOT_ANIMATION_TIME_BASE_ADD_1MS_...
  +--> ?PR?UI_TIMER_HANDLE_ISR?UI

?PR?ADC_CHANNEL_SWITCH_BY_ISR?ADC                -----    -----      -----    -----      -----    -----
  +--> ?PR?_ADC_CHANNEL_SET?ADC
  +--> ?PR?ADC

?PR?UI_TIMER_HANDLE_ISR?UI                       -----    -----      -----    -----      -----    -----
  +--> ?PR?UI
  +--> ?PR?AIP3368H_REFRESH_TIME_ADD?AIP3368
  +--> ?PR?AIP3368H_DISPLAY_ENGINE_SPEED_REF...

*** NEW ROOT ***************************************************

?PR?TIMR2_IRQHANDLER?TMR2                        -----    -----      -----    -----      -----    -----
  +--> ?PR?ENGINE_SPEED_SCAN_TIMER_50US_ISR?...

?PR?ENGINE_SPEED_SCAN_TIMER_50US_ISR?...         -----    -----      -----    -----      -----    -----
  +--> ?PR?UPDATE_ENGINE_SPEED_SCAN_DATA?ENG...

?PR?UPDATE_ENGINE_SPEED_SCAN_DATA?ENG...         -----    -----      -----    -----      -----    -----
  +--> ?PR?ENGINE_SPEED_SCAN

*** NEW ROOT ***************************************************

?PR?ADC_IRQHANDLER?ADC                           -----    -----      -----    -----      6272H    0002H
  +--> ?PR?_FUEL_CAPACITY_ADC_VAL_SAMPLES_UP...
  +--> ?PR?_BAT_ADC_VAL_SAMPLES_UPDATE?BATTERY
BL51 BANKED LINKER/LOCATER V6.22.4.0                                                  08/13/2026  17:54:52  PAGE 12



?PR?_FUEL_CAPACITY_ADC_VAL_SAMPLES_UP...         -----    -----      -----    -----      -----    -----
  +--> ?PR?___FUEL_CAPACITY_ADC_VAL_SAMPLES_...
  +--> ?PR?FUEL_CAPACITY

?PR?___FUEL_CAPACITY_ADC_VAL_SAMPLES_...         -----    -----      -----    -----      -----    -----
  +--> ?PR?FUEL_CAPACITY

?PR?_BAT_ADC_VAL_SAMPLES_UPDATE?BATTERY          -----    -----      -----    -----      -----    -----
  +--> ?PR?___BAT_ADV_VAL_SAMPLES_INIT__?BAT...
  +--> ?PR?BATTERY

?PR?___BAT_ADV_VAL_SAMPLES_INIT__?BAT...         -----    -----      -----    -----      -----    -----
  +--> ?PR?BATTERY



SYMBOL TABLE OF MODULE:  .\Release\Objects\Project (?C_STARTUP)

  VALUE           TYPE          NAME
  ----------------------------------

  -------         MODULE        ?C_STARTUP
  C:211CH         SEGMENT       ?C_C51STARTUP
  I:0022H         SEGMENT       ?STACK
  C:0000H         PUBLIC        ?C_STARTUP
  D:00E0H         SYMBOL        ACC
  D:00F0H         SYMBOL        B
  D:0083H         SYMBOL        DPH
  D:0082H         SYMBOL        DPL
  N:0000H         SYMBOL        IBPSTACK
  N:0100H         SYMBOL        IBPSTACKTOP
  N:0080H         SYMBOL        IDATALEN
  C:211FH         SYMBOL        IDATALOOP
  N:0000H         SYMBOL        PBPSTACK
  N:0100H         SYMBOL        PBPSTACKTOP
  N:0000H         SYMBOL        PDATALEN
  N:0000H         SYMBOL        PDATASTART
  N:0000H         SYMBOL        PPAGE
  N:0000H         SYMBOL        PPAGEENABLE
  D:00A0H         SYMBOL        PPAGE_SFR
  D:0081H         SYMBOL        SP
  C:211CH         SYMBOL        STARTUP1
  N:0000H         SYMBOL        XBPSTACK
  N:0000H         SYMBOL        XBPSTACKTOP
  N:0700H         SYMBOL        XDATALEN
  C:212AH         SYMBOL        XDATALOOP
  N:6000H         SYMBOL        XDATASTART
  C:0000H         LINE#         126
  C:211CH         LINE#         133
  C:211EH         LINE#         134
  C:211FH         LINE#         135
  C:2120H         LINE#         136
  C:2122H         LINE#         140
  C:2125H         LINE#         141
  C:2127H         LINE#         145
  C:2129H         LINE#         147
BL51 BANKED LINKER/LOCATER V6.22.4.0                                                  08/13/2026  17:54:52  PAGE 13


  C:212AH         LINE#         148
  C:212BH         LINE#         149
  C:212CH         LINE#         150
  C:212EH         LINE#         151
  C:2130H         LINE#         185
  C:2133H         LINE#         196
  -------         ENDMOD        ?C_STARTUP

  -------         MODULE        SYSTEM
  C:0000H         SYMBOL        _ICE_DUMMY_
  D:00D9H         PUBLIC        WDT_KEY
  D:00A7H         PUBLIC        FLASH_TIMEREG0
  D:00ACH         PUBLIC        FLASH_TIMEREG1
  C:3BB2H         PUBLIC        _delay
  C:0027H         PUBLIC        _delay_ms
  C:1A75H         PUBLIC        system_init
  -------         PROC          _DELAY
  D:0006H         SYMBOL        cnt
  C:3BB2H         LINE#         37
  C:3BB2H         LINE#         38
  C:3BB2H         LINE#         39
  C:3BBCH         LINE#         40
  C:3BBCH         LINE#         41
  C:3BBCH         LINE#         42
  -------         ENDPROC       _DELAY
  -------         PROC          _DELAY_MS
  D:0002H         SYMBOL        ms
  C:0027H         LINE#         49
  C:002BH         LINE#         50
  C:002BH         LINE#         51
  C:0035H         LINE#         52
  C:0035H         LINE#         53
  C:003CH         LINE#         54
  C:003FH         LINE#         55
  C:0041H         LINE#         56
  -------         ENDPROC       _DELAY_MS
  -------         PROC          SYSTEM_INIT
  -------         DO            
  D:0007H         SYMBOL        i
  -------         ENDDO         
  C:1A75H         LINE#         63
  C:1A75H         LINE#         64
  C:1A75H         LINE#         67
  C:1A7CH         LINE#         68
  C:1A89H         LINE#         69
  C:1A8CH         LINE#         72
  C:1A8FH         LINE#         73
  C:1A95H         LINE#         74
  C:1A9BH         LINE#         75
  C:1AA1H         LINE#         76
  C:1AA7H         LINE#         77
  C:1AAEH         LINE#         81
  C:1AB0H         LINE#         82
  C:1AB0H         LINE#         83
  C:1ABDH         LINE#         84
  C:1AC2H         LINE#         86
  C:1B50H         LINE#         87
BL51 BANKED LINKER/LOCATER V6.22.4.0                                                  08/13/2026  17:54:52  PAGE 14


  -------         ENDPROC       SYSTEM_INIT
  -------         ENDMOD        SYSTEM

  -------         MODULE        TK_SET
  C:0000H         SYMBOL        _ICE_DUMMY_
  -------         ENDMOD        TK_SET

  -------         MODULE        TMR1
  C:0000H         SYMBOL        _ICE_DUMMY_
  C:31FBH         PUBLIC        tmr1_config
  D:00A8H         PUBLIC        IE0
  D:00A9H         PUBLIC        IE1
  D:00AAH         PUBLIC        IE2
  D:00ABH         PUBLIC        IE3
  B:00A8H.7       PUBLIC        IE_EA
  D:00B8H         PUBLIC        IP0
  D:00B1H         PUBLIC        IP1
  D:00B2H         PUBLIC        IP2
  D:00B3H         PUBLIC        IP3
  D:00B4H         PUBLIC        IP4
  D:00B5H         PUBLIC        IP5
  D:00B6H         PUBLIC        IP6
  D:00B7H         PUBLIC        IP7
  D:00D1H         PUBLIC        TMR_ALLCON
  C:236BH         PUBLIC        TIMR1_IRQHandler
  C:000FH         SYMBOL        Com0045
  C:000FH         SYMBOL        L?0070
  -------         PROC          COM0045
  -------         ENDPROC       COM0045
  -------         PROC          TMR1_CONFIG
  C:31FBH         LINE#         24
  C:31FBH         LINE#         25
  C:31FBH         LINE#         26
  C:3201H         LINE#         27
  C:3204H         LINE#         28
  C:3206H         LINE#         30
  C:3209H         LINE#         33
  C:320FH         LINE#         34
  C:3213H         LINE#         35
  C:3217H         LINE#         36
  C:321BH         LINE#         39
  C:3220H         LINE#         40
  C:3224H         LINE#         43
  C:3229H         LINE#         44
  C:322DH         LINE#         50
  C:3233H         LINE#         51
  C:3237H         LINE#         53
  C:323AH         LINE#         55
  -------         ENDPROC       TMR1_CONFIG
  -------         PROC          TIMR1_IRQHANDLER
  C:236BH         LINE#         58
  C:2388H         LINE#         61
  C:2388H         LINE#         66
  C:238EH         LINE#         67
  C:2392H         LINE#         69
  C:2395H         LINE#         71
  C:239EH         LINE#         72
BL51 BANKED LINKER/LOCATER V6.22.4.0                                                  08/13/2026  17:54:52  PAGE 15


  C:23A1H         LINE#         73
  C:23A1H         LINE#         75
  C:23A9H         LINE#         76
  C:23B3H         LINE#         77
  C:23B3H         LINE#         79
  C:23BBH         LINE#         80
  C:23C5H         LINE#         81
  C:23C5H         LINE#         84
  C:23C8H         LINE#         85
  C:23CBH         LINE#         88
  C:23CEH         LINE#         89
  C:23D1H         LINE#         90
  C:23D4H         LINE#         103
  C:23D7H         LINE#         104
  C:23DAH         LINE#         123
  C:23DAH         LINE#         126
  C:23DAH         LINE#         127
  -------         ENDPROC       TIMR1_IRQHANDLER
  -------         ENDMOD        TMR1

  -------         MODULE        TMR2
  C:0000H         SYMBOL        _ICE_DUMMY_
  C:353FH         PUBLIC        tmr2_config
  D:00A8H         PUBLIC        IE0
  D:00A9H         PUBLIC        IE1
  D:00AAH         PUBLIC        IE2
  D:00ABH         PUBLIC        IE3
  B:00A8H.7       PUBLIC        IE_EA
  D:00B8H         PUBLIC        IP0
  D:00B1H         PUBLIC        IP1
  D:00B2H         PUBLIC        IP2
  D:00B3H         PUBLIC        IP3
  D:00B4H         PUBLIC        IP4
  D:00B5H         PUBLIC        IP5
  D:00B6H         PUBLIC        IP6
  D:00B7H         PUBLIC        IP7
  D:00D1H         PUBLIC        TMR_ALLCON
  C:30E6H         PUBLIC        TIMR2_IRQHandler
  -------         PROC          TMR2_CONFIG
  C:353FH         LINE#         15
  C:353FH         LINE#         16
  C:353FH         LINE#         17
  C:3545H         LINE#         18
  C:3548H         LINE#         19
  C:354AH         LINE#         22
  C:354DH         LINE#         25
  C:3553H         LINE#         26
  C:3559H         LINE#         28
  C:3560H         LINE#         29
  C:3564H         LINE#         31
  C:356AH         LINE#         34
  C:356EH         LINE#         38
  C:3571H         LINE#         39
  -------         ENDPROC       TMR2_CONFIG
  -------         PROC          TIMR2_IRQHANDLER
  C:30E6H         LINE#         42
  C:3103H         LINE#         45
BL51 BANKED LINKER/LOCATER V6.22.4.0                                                  08/13/2026  17:54:52  PAGE 16


  C:3103H         LINE#         49
  C:310AH         LINE#         50
  C:310AH         LINE#         51
  C:310EH         LINE#         54
  C:3111H         LINE#         60
  C:3111H         LINE#         63
  C:3111H         LINE#         64
  -------         ENDPROC       TIMR2_IRQHANDLER
  -------         ENDMOD        TMR2

  -------         MODULE        UART0
  C:0000H         SYMBOL        _ICE_DUMMY_
  C:3B72H         PUBLIC        _putchar
  C:3884H         PUBLIC        uart0_debug_init
  D:00D2H         PUBLIC        UART0_CON0
  D:00D4H         PUBLIC        UART0_STA
  D:00D5H         PUBLIC        UART0_BAUD0
  D:00D6H         PUBLIC        UART0_BAUD1
  D:00D7H         PUBLIC        UART0_DATA
  C:3BF1H         PUBLIC        _uart0_send_byte
  -------         PROC          _PUTCHAR
  X:6271H         SYMBOL        c
  C:3B72H         LINE#         11
  C:3B77H         LINE#         12
  C:3B77H         LINE#         13
  C:3B7AH         LINE#         14
  C:3B7FH         LINE#         15
  -------         ENDPROC       _PUTCHAR
  -------         PROC          UART0_DEBUG_INIT
  C:3884H         LINE#         18
  C:3884H         LINE#         19
  C:3884H         LINE#         20
  C:388AH         LINE#         21
  C:388EH         LINE#         22
  C:3895H         LINE#         24
  C:3898H         LINE#         25
  C:389BH         LINE#         26
  C:389EH         LINE#         28
  -------         ENDPROC       UART0_DEBUG_INIT
  -------         PROC          _UART0_SEND_BYTE
  D:0007H         SYMBOL        byte
  C:3BF1H         LINE#         30
  C:3BF1H         LINE#         31
  C:3BF1H         LINE#         33
  C:3BF6H         LINE#         35
  C:3BF8H         LINE#         36
  -------         ENDPROC       _UART0_SEND_BYTE
  -------         ENDMOD        UART0

  -------         MODULE        ADC
  C:0000H         SYMBOL        _ICE_DUMMY_
  D:00A8H         PUBLIC        IE0
  D:00A9H         PUBLIC        IE1
  D:00AAH         PUBLIC        IE2
  D:00ABH         PUBLIC        IE3
  B:00A8H.7       PUBLIC        IE_EA
  D:00B8H         PUBLIC        IP0
BL51 BANKED LINKER/LOCATER V6.22.4.0                                                  08/13/2026  17:54:52  PAGE 17


  D:00B1H         PUBLIC        IP1
  D:00B2H         PUBLIC        IP2
  D:00B3H         PUBLIC        IP3
  D:00B4H         PUBLIC        IP4
  D:00B5H         PUBLIC        IP5
  D:00B6H         PUBLIC        IP6
  D:00B7H         PUBLIC        IP7
  D:0091H         PUBLIC        ADC_CFG2
  D:0093H         PUBLIC        ADC_DATAH0
  D:0094H         PUBLIC        ADC_DATAL0
  D:0099H         PUBLIC        ADC_CHS0
  D:009EH         PUBLIC        ADC_TRGS0
  X:6324H         PUBLIC        adc_val
  C:368FH         PUBLIC        adc_config
  C:3603H         PUBLIC        _adc_channel_set
  C:342AH         PUBLIC        adc_channel_switch_by_isr
  X:6326H         SYMBOL        adc_channel_status
  C:2605H         PUBLIC        ADC_IRQHandler
  C:3BDEH         SYMBOL        Com0035
  C:3BDEH         SYMBOL        L?0054
  -------         PROC          COM0035
  -------         ENDPROC       COM0035
  -------         PROC          ADC_CONFIG
  C:368FH         LINE#         10
  C:368FH         LINE#         11
  C:368FH         LINE#         13
  C:3695H         LINE#         16
  C:3699H         LINE#         18
  C:369FH         LINE#         20
  C:36A2H         LINE#         22
  C:36A8H         LINE#         27
  C:36ABH         LINE#         28
  C:36AEH         LINE#         29
  C:36B1H         LINE#         30
  C:36B3H         LINE#         31
  -------         ENDPROC       ADC_CONFIG
  -------         PROC          _ADC_CHANNEL_SET
  D:0007H         SYMBOL        adc_channel
  C:3603H         LINE#         34
  C:3603H         LINE#         35
  C:3603H         LINE#         37
  C:3606H         LINE#         39
  C:360DH         LINE#         43
  C:3615H         LINE#         45
  C:3615H         LINE#         47
  C:361CH         LINE#         50
  C:361FH         LINE#         51
  C:3621H         LINE#         53
  C:3621H         LINE#         55
  C:3628H         LINE#         58
  C:362BH         LINE#         60
  C:362BH         LINE#         61
  C:362BH         LINE#         63
  C:3631H         LINE#         66
  -------         ENDPROC       _ADC_CHANNEL_SET
  -------         PROC          ADC_CHANNEL_SWITCH_BY_ISR
  C:342AH         LINE#         109
BL51 BANKED LINKER/LOCATER V6.22.4.0                                                  08/13/2026  17:54:52  PAGE 18


  C:342AH         LINE#         110
  C:342AH         LINE#         111
  C:343EH         LINE#         116
  C:343EH         LINE#         117
  C:343EH         LINE#         118
  C:3443H         LINE#         119
  C:3449H         LINE#         120
  C:344AH         LINE#         121
  C:344AH         LINE#         122
  C:344AH         LINE#         123
  C:3450H         LINE#         124
  C:3451H         LINE#         125
  C:3451H         LINE#         126
  C:3456H         LINE#         127
  C:345CH         LINE#         128
  C:345DH         LINE#         129
  C:345DH         LINE#         130
  C:345DH         LINE#         131
  C:3463H         LINE#         132
  C:3463H         LINE#         133
  C:3463H         LINE#         134
  C:3463H         LINE#         135
  C:3463H         LINE#         136
  -------         ENDPROC       ADC_CHANNEL_SWITCH_BY_ISR
  -------         PROC          ADC_IRQHANDLER
  -------         DO            
  X:6272H         SYMBOL        adc_val
  -------         ENDDO         
  C:2605H         LINE#         138
  C:2622H         LINE#         143
  C:2622H         LINE#         146
  C:2628H         LINE#         147
  C:262CH         LINE#         148
  C:2646H         LINE#         150
  C:2652H         LINE#         152
  C:2652H         LINE#         153
  C:265DH         LINE#         154
  C:265FH         LINE#         156
  C:265FH         LINE#         157
  C:266AH         LINE#         158
  C:266AH         LINE#         159
  C:266AH         LINE#         160
  C:266AH         LINE#         163
  C:266AH         LINE#         164
  -------         ENDPROC       ADC_IRQHANDLER
  -------         ENDMOD        ADC

  -------         MODULE        KEY_DRIVER
  C:0000H         SYMBOL        _ICE_DUMMY_
  C:1088H         PUBLIC        _key_driver_scan
  X:631CH         SYMBOL        is_key_active
  X:631DH         PUBLIC        scan_para
  C:37A9H         SYMBOL        Com0021
  C:37A9H         SYMBOL        L?0034
  C:37ACH         SYMBOL        L?0035
  C:37ADH         SYMBOL        L?0036
  C:37B3H         SYMBOL        L?0037
BL51 BANKED LINKER/LOCATER V6.22.4.0                                                  08/13/2026  17:54:52  PAGE 19


  C:37B6H         SYMBOL        L?0038
  C:37BAH         SYMBOL        L?0039
  C:37C0H         SYMBOL        L?0040
  C:37C3H         SYMBOL        L?0041
  -------         PROC          COM0021
  -------         ENDPROC       COM0021
  -------         PROC          _KEY_DRIVER_SCAN
  D:0001H         SYMBOL        _scan_para
  -------         DO            
  X:6249H         SYMBOL        key_event
  D:0007H         SYMBOL        cur_key_value
  X:624AH         SYMBOL        key_value
  C:11F0H         SYMBOL        _notify
  C:1210H         SYMBOL        _scan_end
  -------         ENDDO         
  C:1088H         LINE#         19
  C:1088H         LINE#         21
  C:1088H         LINE#         26
  C:108DH         LINE#         27
  C:108FH         LINE#         28
  C:1093H         LINE#         32
  C:1099H         LINE#         35
  C:10ACH         LINE#         37
  C:10ACH         LINE#         39
  C:10B6H         LINE#         41
  C:10BFH         LINE#         47
  C:10C3H         LINE#         48
  C:10C9H         LINE#         49
  C:10D1H         LINE#         50
  C:10D4H         LINE#         51
  C:10D4H         LINE#         81
  C:10E8H         LINE#         83
  C:10EFH         LINE#         84
  C:10F5H         LINE#         86
  C:10F5H         LINE#         89
  C:1106H         LINE#         90
  C:1111H         LINE#         92
  C:1111H         LINE#         95
  C:111DH         LINE#         102
  C:1121H         LINE#         103
  C:1128H         LINE#         104
  C:112AH         LINE#         105
  C:1130H         LINE#         106
  C:1132H         LINE#         108
  C:1132H         LINE#         111
  C:1132H         LINE#         112
  C:113AH         LINE#         113
  C:113AH         LINE#         114
  C:113DH         LINE#         119
  C:1145H         LINE#         120
  C:1151H         LINE#         121
  C:1156H         LINE#         122
  C:115AH         LINE#         123
  C:115DH         LINE#         124
  C:1163H         LINE#         125
  C:1163H         LINE#         126
  C:1163H         LINE#         128
BL51 BANKED LINKER/LOCATER V6.22.4.0                                                  08/13/2026  17:54:52  PAGE 20


  C:1165H         LINE#         133
  C:1165H         LINE#         138
  C:1169H         LINE#         140
  C:117AH         LINE#         144
  C:118BH         LINE#         164
  C:118BH         LINE#         165
  C:118DH         LINE#         167
  C:118DH         LINE#         168
  C:119AH         LINE#         170
  C:119CH         LINE#         172
  C:119CH         LINE#         173
  C:11A7H         LINE#         174
  C:11AAH         LINE#         176
  C:11AAH         LINE#         177
  C:11AAH         LINE#         178
  C:11AAH         LINE#         180
  C:11AAH         LINE#         181
  C:11AAH         LINE#         183
  C:11B5H         LINE#         184
  C:11BDH         LINE#         185
  C:11BDH         LINE#         189
  C:11C3H         LINE#         190
  C:11C9H         LINE#         195
  C:11D7H         LINE#         196
  C:11DCH         LINE#         197
  C:11EBH         LINE#         199
  C:11EBH         LINE#         200
  C:11EBH         LINE#         202
  C:11EBH         LINE#         205
  C:11F0H         LINE#         206
  C:11F0H         LINE#         208
  C:11F0H         LINE#         209
  C:11F0H         LINE#         211
  C:11F0H         LINE#         214
  C:11F0H         LINE#         216
  C:11F0H         LINE#         217
  C:11F4H         LINE#         218
  C:11FCH         LINE#         220
  C:1206H         LINE#         221
  C:1210H         LINE#         224
  C:1210H         LINE#         233
  C:1210H         LINE#         235
  C:1210H         LINE#         236
  C:121AH         LINE#         239
  -------         ENDPROC       _KEY_DRIVER_SCAN
  -------         ENDMOD        KEY_DRIVER

  -------         MODULE        USER_FLASH
  C:0000H         SYMBOL        _ICE_DUMMY_
  D:00A4H         PUBLIC        FLASH_CON
  D:00A5H         PUBLIC        FLASH_STA
  D:00A6H         PUBLIC        FLASH_DATA
  D:00AEH         PUBLIC        FLASH_PASSWORD
  D:00AFH         PUBLIC        FLASH_ADDR
  C:39D6H         PUBLIC        _flash_erase_sector
  C:34D4H         PUBLIC        _flash_program
  C:350BH         PUBLIC        _flash_read
BL51 BANKED LINKER/LOCATER V6.22.4.0                                                  08/13/2026  17:54:52  PAGE 21


  -------         PROC          _FLASH_ERASE_SECTOR
  D:0007H         SYMBOL        addr
  C:39D6H         LINE#         9
  C:39D6H         LINE#         10
  C:39D6H         LINE#         11
  C:39D9H         LINE#         12
  C:39DBH         LINE#         13
  C:39DEH         LINE#         14
  C:39E1H         LINE#         16
  C:39E6H         LINE#         18
  -------         ENDPROC       _FLASH_ERASE_SECTOR
  -------         PROC          _FLASH_PROGRAM
  D:0007H         SYMBOL        addr
  X:624AH         SYMBOL        p_data
  X:624DH         SYMBOL        len
  C:34D4H         LINE#         27
  C:34DAH         LINE#         28
  C:34DAH         LINE#         29
  C:34DDH         LINE#         30
  C:34DFH         LINE#         32
  C:34E8H         LINE#         33
  C:34EDH         LINE#         35
  C:34FCH         LINE#         36
  C:34FFH         LINE#         37
  C:3502H         LINE#         39
  C:3508H         LINE#         40
  C:350AH         LINE#         41
  -------         ENDPROC       _FLASH_PROGRAM
  -------         PROC          _FLASH_READ
  D:0007H         SYMBOL        addr
  X:6255H         SYMBOL        p_data
  X:6258H         SYMBOL        len
  C:350BH         LINE#         50
  C:3511H         LINE#         51
  C:3511H         LINE#         52
  C:3517H         LINE#         53
  C:3536H         LINE#         54
  C:353CH         LINE#         55
  C:353EH         LINE#         56
  -------         ENDPROC       _FLASH_READ
  -------         ENDMOD        USER_FLASH

  -------         MODULE        AIP3368
  C:0000H         SYMBOL        _ICE_DUMMY_
  X:6274H         PUBLIC        aip3368h_speed_panel_display_buff
  X:6280H         PUBLIC        aip3368h_engine_speed_panel_display_buff
  C:38EAH         PUBLIC        aip3368h_refresh_time_add
  C:1FC8H         PUBLIC        aip3368h_module_init
  C:36FDH         PUBLIC        aip3368h_module_display
  C:3572H         PUBLIC        _aip3368h_module_set_brightness
  B:0080H.3       PUBLIC        P03
  B:0090H.1       PUBLIC        P11
  B:0090H.2       PUBLIC        P12
  B:0090H.5       PUBLIC        P15
  X:6290H         SYMBOL        aip3368h_refresh_cnt
  C:1CF2H         SYMBOL        _aip3368h_module_send_data_to_all_dev
  C:33B2H         SYMBOL        Com0015
BL51 BANKED LINKER/LOCATER V6.22.4.0                                                  08/13/2026  17:54:52  PAGE 22


  C:33B2H         SYMBOL        L?0022
  C:33CBH         SYMBOL        L?0023
  C:33CEH         SYMBOL        L?0024
  C:33D5H         SYMBOL        L?0025
  C:33E5H         SYMBOL        L?0026
  -------         PROC          COM0015
  -------         ENDPROC       COM0015
  -------         PROC          AIP3368H_REFRESH_TIME_ADD
  C:38EAH         LINE#         19
  C:38EAH         LINE#         20
  C:38EAH         LINE#         22
  C:38F9H         LINE#         23
  C:38F9H         LINE#         24
  C:3900H         LINE#         25
  C:3900H         LINE#         26
  -------         ENDPROC       AIP3368H_REFRESH_TIME_ADD
  -------         PROC          _AIP3368H_MODULE_SEND_DATA_TO_ALL_DEV
  X:6249H         SYMBOL        buff_group_1
  D:0005H         SYMBOL        len_group_1
  X:624DH         SYMBOL        buff_group_2
  X:6250H         SYMBOL        len_group_2
  -------         DO            
  X:6251H         SYMBOL        i
  X:6252H         SYMBOL        j
  X:6253H         SYMBOL        dat_group_1
  X:6255H         SYMBOL        dat_group_2
  X:6257H         SYMBOL        offset_group_1
  X:6258H         SYMBOL        offset_group_2
  -------         ENDDO         
  C:1CF2H         LINE#         56
  C:1CF8H         LINE#         61
  C:1CF8H         LINE#         79
  C:1D00H         LINE#         80
  C:1D0DH         LINE#         83
  C:1D0FH         LINE#         84
  C:1D11H         LINE#         88
  C:1D16H         LINE#         89
  C:1D16H         LINE#         91
  C:1D1DH         LINE#         92
  C:1D23H         LINE#         94
  C:1D2AH         LINE#         95
  C:1D2AH         LINE#         96
  C:1D3CH         LINE#         97
  C:1D3CH         LINE#         99
  C:1D46H         LINE#         100
  C:1D46H         LINE#         101
  C:1D5BH         LINE#         102
  C:1D5BH         LINE#         104
  C:1D60H         LINE#         105
  C:1D60H         LINE#         106
  C:1D6DH         LINE#         107
  C:1D7AH         LINE#         110
  C:1D7CH         LINE#         113
  C:1D89H         LINE#         114
  C:1D96H         LINE#         116
  C:1D98H         LINE#         118
  C:1DA2H         LINE#         119
BL51 BANKED LINKER/LOCATER V6.22.4.0                                                  08/13/2026  17:54:52  PAGE 23


  C:1DB0H         LINE#         122
  C:1DB2H         LINE#         124
  C:1DB4H         LINE#         126
  C:1DB6H         LINE#         127
  C:1DB8H         LINE#         128
  -------         ENDPROC       _AIP3368H_MODULE_SEND_DATA_TO_ALL_DEV
  -------         PROC          AIP3368H_MODULE_DISPLAY
  C:36FDH         LINE#         133
  C:36FDH         LINE#         134
  C:36FDH         LINE#         136
  C:370CH         LINE#         138
  C:370CH         LINE#         140
  C:370CH         LINE#         142
  C:370CH         LINE#         143
  C:3710H         LINE#         144
  C:3710H         LINE#         169
  C:371FH         LINE#         172
  -------         ENDPROC       AIP3368H_MODULE_DISPLAY
  -------         PROC          AIP3368H_MODULE_INIT
  C:1FC8H         LINE#         174
  C:1FC8H         LINE#         175
  C:1FC8H         LINE#         177
  C:1FD1H         LINE#         178
  C:1FDAH         LINE#         181
  C:1FE0H         LINE#         182
  C:1FE4H         LINE#         183
  C:1FE9H         LINE#         185
  C:1FEFH         LINE#         186
  C:1FF3H         LINE#         187
  C:1FF8H         LINE#         189
  C:1FFEH         LINE#         190
  C:2002H         LINE#         191
  C:2007H         LINE#         193
  C:200CH         LINE#         194
  C:2010H         LINE#         195
  C:2015H         LINE#         198
  C:201AH         LINE#         199
  C:201EH         LINE#         200
  C:2024H         LINE#         204
  C:2028H         LINE#         205
  C:202DH         LINE#         206
  C:2031H         LINE#         207
  C:2035H         LINE#         208
  C:2037H         LINE#         210
  C:203AH         LINE#         211
  C:203FH         LINE#         212
  C:2045H         LINE#         213
  C:204BH         LINE#         214
  C:2051H         LINE#         215
  C:2057H         LINE#         217
  C:2059H         LINE#         218
  C:205BH         LINE#         219
  C:205DH         LINE#         220
  C:205FH         LINE#         222
  C:206DH         LINE#         227
  -------         ENDPROC       AIP3368H_MODULE_INIT
  -------         PROC          _AIP3368H_MODULE_SET_BRIGHTNESS
BL51 BANKED LINKER/LOCATER V6.22.4.0                                                  08/13/2026  17:54:52  PAGE 24


  D:0007H         SYMBOL        brightness
  -------         DO            
  D:0004H         SYMBOL        channel_duty
  -------         ENDDO         
  C:3572H         LINE#         237
  C:3572H         LINE#         238
  C:3572H         LINE#         240
  C:3595H         LINE#         242
  C:3599H         LINE#         243
  C:359CH         LINE#         244
  C:35A2H         LINE#         245
  -------         ENDPROC       _AIP3368H_MODULE_SET_BRIGHTNESS
  -------         ENDMOD        AIP3368

  -------         MODULE        AIP1302
  C:0000H         SYMBOL        _ICE_DUMMY_
  B:0080H.1       PUBLIC        P01
  B:0080H.2       PUBLIC        P02
  B:0080H.4       PUBLIC        P04
  X:6303H         PUBLIC        aip1302_info
  X:630AH         PUBLIC        aip1302_update_time_interval
  C:2781H         PUBLIC        aip1302_config
  C:3974H         PUBLIC        _aip1302_read_byte
  C:1F19H         PUBLIC        _aip1302_write_byte
  C:327BH         PUBLIC        aip1302_update_time
  C:312CH         PUBLIC        aip1302_read_all
  C:2AF5H         SYMBOL        aip1302_is_working
  C:247DH         SYMBOL        ___aip1302_read_byte__
  C:3C0FH         SYMBOL        aip1302_data_mode_out
  C:3B80H         SYMBOL        aip1302_data_mode_in
  C:389FH         SYMBOL        _reverse_bits_u8
  C:2956H         SYMBOL        ___aip1302_convert_read_byte__
  C:22DEH         SYMBOL        ___aip1302_write_byte__
  C:35A3H         SYMBOL        Com0048
  C:35A3H         SYMBOL        L?0073
  C:35B3H         SYMBOL        L?0074
  C:35C1H         SYMBOL        L?0075
  C:35CCH         SYMBOL        L?0076
  -------         PROC          COM0048
  -------         ENDPROC       COM0048
  -------         PROC          AIP1302_DATA_MODE_OUT
  C:3C0FH         LINE#         17
  C:3C0FH         LINE#         18
  C:3C0FH         LINE#         19
  C:3C11H         LINE#         20
  C:3C11H         LINE#         21
  C:3C14H         LINE#         22
  -------         ENDPROC       AIP1302_DATA_MODE_OUT
  -------         PROC          AIP1302_DATA_MODE_IN
  C:3B80H         LINE#         28
  C:3B80H         LINE#         29
  C:3B80H         LINE#         30
  C:3B86H         LINE#         31
  C:3B8CH         LINE#         32
  -------         ENDPROC       AIP1302_DATA_MODE_IN
  -------         PROC          AIP1302_CONFIG
  -------         DO            
BL51 BANKED LINKER/LOCATER V6.22.4.0                                                  08/13/2026  17:54:52  PAGE 25


  D:0007H         SYMBOL        ret
  -------         ENDDO         
  C:2781H         LINE#         35
  C:2781H         LINE#         36
  C:2781H         LINE#         37
  C:2783H         LINE#         41
  C:2789H         LINE#         42
  C:278DH         LINE#         43
  C:2792H         LINE#         46
  C:2797H         LINE#         47
  C:279BH         LINE#         48
  C:27A0H         LINE#         51
  C:27A1H         LINE#         52
  C:27A1H         LINE#         53
  C:27A4H         LINE#         55
  C:27A6H         LINE#         56
  C:27A8H         LINE#         62
  C:27ABH         LINE#         63
  C:27B0H         LINE#         66
  C:27B7H         LINE#         67
  C:27C0H         LINE#         69
  C:27C0H         LINE#         72
  C:27C7H         LINE#         73
  C:27D0H         LINE#         78
  C:27D7H         LINE#         79
  C:27DEH         LINE#         80
  C:27E5H         LINE#         82
  C:27ECH         LINE#         83
  C:27F3H         LINE#         84
  C:27FAH         LINE#         93
  C:27FAH         LINE#         125
  -------         ENDPROC       AIP1302_CONFIG
  -------         PROC          _REVERSE_BITS_U8
  D:0007H         SYMBOL        arg
  -------         DO            
  D:0006H         SYMBOL        tmp
  D:0005H         SYMBOL        i
  -------         ENDDO         
  C:389FH         LINE#         128
  C:389FH         LINE#         129
  C:389FH         LINE#         131
  C:38A1H         LINE#         134
  C:38A1H         LINE#         135
  C:38A5H         LINE#         136
  C:38A9H         LINE#         137
  C:38ADH         LINE#         138
  C:38ADH         LINE#         140
  C:38B1H         LINE#         141
  C:38B6H         LINE#         143
  C:38B8H         LINE#         144
  -------         ENDPROC       _REVERSE_BITS_U8
  -------         PROC          ___AIP1302_CONVERT_READ_BYTE__
  D:0004H         SYMBOL        cmd
  D:0005H         SYMBOL        byte
  -------         DO            
  D:0007H         SYMBOL        tmp
  X:624AH         SYMBOL        i
BL51 BANKED LINKER/LOCATER V6.22.4.0                                                  08/13/2026  17:54:52  PAGE 26


  -------         DO            
  X:624BH         SYMBOL        tens_place
  X:624CH         SYMBOL        one_place
  -------         ENDDO         
  -------         ENDDO         
  C:2956H         LINE#         147
  C:2958H         LINE#         148
  C:2958H         LINE#         149
  C:2959H         LINE#         150
  C:295DH         LINE#         153
  C:2962H         LINE#         162
  C:2980H         LINE#         163
  C:2980H         LINE#         164
  C:2985H         LINE#         165
  C:2987H         LINE#         167
  C:2990H         LINE#         170
  C:2994H         LINE#         171
  C:299FH         LINE#         173
  C:29A3H         LINE#         174
  C:29A9H         LINE#         176
  C:29ADH         LINE#         177
  C:29ADH         LINE#         179
  C:29B6H         LINE#         180
  C:29BCH         LINE#         181
  C:29C3H         LINE#         182
  C:29C3H         LINE#         184
  C:29C3H         LINE#         185
  -------         ENDPROC       ___AIP1302_CONVERT_READ_BYTE__
  C:24E5H         SYMBOL        L?0069
  C:24EFH         SYMBOL        L?0070
  -------         PROC          ___AIP1302_READ_BYTE__
  X:624AH         SYMBOL        cmd
  -------         DO            
  X:624BH         SYMBOL        recv_data
  X:624CH         SYMBOL        i
  -------         ENDDO         
  C:247DH         LINE#         188
  C:2482H         LINE#         189
  C:2482H         LINE#         190
  C:2485H         LINE#         191
  C:2485H         LINE#         194
  C:2485H         LINE#         196
  C:2485H         LINE#         197
  C:2485H         LINE#         198
  C:2485H         LINE#         199
  C:248BH         LINE#         201
  C:2490H         LINE#         202
  C:2490H         LINE#         203
  C:2493H         LINE#         204
  C:24A6H         LINE#         205
  C:24A8H         LINE#         206
  C:24AAH         LINE#         207
  C:24ACH         LINE#         208
  C:24ACH         LINE#         210
  C:24B3H         LINE#         211
  C:24B3H         LINE#         212
  C:24B3H         LINE#         213
BL51 BANKED LINKER/LOCATER V6.22.4.0                                                  08/13/2026  17:54:52  PAGE 27


  C:24B8H         LINE#         216
  C:24BBH         LINE#         218
  C:24C0H         LINE#         219
  C:24C7H         LINE#         220
  C:24C7H         LINE#         221
  C:24CAH         LINE#         222
  C:24CDH         LINE#         223
  C:24D4H         LINE#         224
  C:24D4H         LINE#         225
  C:24D4H         LINE#         226
  C:24D4H         LINE#         227
  C:24D4H         LINE#         228
  C:24D9H         LINE#         230
  C:24DBH         LINE#         231
  C:24DDH         LINE#         232
  C:24DFH         LINE#         234
  C:24E4H         LINE#         235
  -------         ENDPROC       ___AIP1302_READ_BYTE__
  -------         PROC          _AIP1302_READ_BYTE
  X:6249H         SYMBOL        cmd
  -------         DO            
  D:0006H         SYMBOL        recv_data
  -------         ENDDO         
  C:3974H         LINE#         244
  C:3979H         LINE#         245
  C:3979H         LINE#         246
  C:397BH         LINE#         247
  C:3980H         LINE#         248
  -------         ENDPROC       _AIP1302_READ_BYTE
  C:2350H         SYMBOL        L?0068
  C:2361H         SYMBOL        L?0071
  -------         PROC          ___AIP1302_WRITE_BYTE__
  X:624DH         SYMBOL        cmd
  X:624EH         SYMBOL        byte
  -------         DO            
  X:624FH         SYMBOL        i
  -------         ENDDO         
  C:22DEH         LINE#         258
  C:22E6H         LINE#         259
  C:22E6H         LINE#         260
  C:22E7H         LINE#         263
  C:22E7H         LINE#         265
  C:22E7H         LINE#         266
  C:22E7H         LINE#         267
  C:22E7H         LINE#         268
  C:22EDH         LINE#         270
  C:22F2H         LINE#         271
  C:22F2H         LINE#         272
  C:22F5H         LINE#         273
  C:2308H         LINE#         274
  C:230AH         LINE#         275
  C:230CH         LINE#         276
  C:230EH         LINE#         277
  C:230EH         LINE#         278
  C:230EH         LINE#         279
  C:230EH         LINE#         280
  C:2311H         LINE#         281
BL51 BANKED LINKER/LOCATER V6.22.4.0                                                  08/13/2026  17:54:52  PAGE 28


  C:2316H         LINE#         283
  C:231BH         LINE#         284
  C:231BH         LINE#         285
  C:231EH         LINE#         286
  C:2334H         LINE#         287
  C:2336H         LINE#         288
  C:2338H         LINE#         289
  C:233AH         LINE#         290
  C:233AH         LINE#         291
  C:233AH         LINE#         292
  C:233AH         LINE#         293
  C:233DH         LINE#         294
  C:2342H         LINE#         296
  C:2344H         LINE#         297
  C:234BH         LINE#         298
  C:234DH         LINE#         299
  C:234FH         LINE#         300
  -------         ENDPROC       ___AIP1302_WRITE_BYTE__
  -------         PROC          AIP1302_IS_WORKING
  C:2AF5H         LINE#         309
  C:2AF5H         LINE#         310
  C:2AF5H         LINE#         325
  C:2AF8H         LINE#         326
  C:2B50H         LINE#         330
  C:2B50H         LINE#         331
  C:2B53H         LINE#         332
  C:2B53H         LINE#         333
  C:2B55H         LINE#         334
  C:2B55H         LINE#         337
  -------         ENDPROC       AIP1302_IS_WORKING
  -------         PROC          _AIP1302_WRITE_BYTE
  X:6249H         SYMBOL        cmd
  D:0005H         SYMBOL        byte
  -------         DO            
  X:624AH         SYMBOL        tmp
  -------         DO            
  X:624BH         SYMBOL        tens_place
  X:624CH         SYMBOL        one_place
  -------         ENDDO         
  -------         ENDDO         
  C:1F19H         LINE#         350
  C:1F1EH         LINE#         351
  C:1F1EH         LINE#         352
  C:1F21H         LINE#         355
  C:1F43H         LINE#         356
  C:1F48H         LINE#         357
  C:1F4AH         LINE#         358
  C:1F54H         LINE#         359
  C:1F5BH         LINE#         360
  C:1F5BH         LINE#         361
  C:1F6AH         LINE#         364
  C:1F77H         LINE#         368
  C:1F84H         LINE#         369
  C:1F8BH         LINE#         370
  C:1F9AH         LINE#         373
  C:1FA1H         LINE#         374
  C:1FAAH         LINE#         376
BL51 BANKED LINKER/LOCATER V6.22.4.0                                                  08/13/2026  17:54:52  PAGE 29


  C:1FAFH         LINE#         377
  C:1FAFH         LINE#         378
  C:1FAFH         LINE#         381
  C:1FB6H         LINE#         382
  C:1FC1H         LINE#         384
  -------         ENDPROC       _AIP1302_WRITE_BYTE
  -------         PROC          AIP1302_UPDATE_TIME
  X:6315H         SYMBOL        aip1302_info
  C:327BH         LINE#         447
  C:327BH         LINE#         448
  C:327BH         LINE#         449
  C:3288H         LINE#         450
  C:3292H         LINE#         451
  C:329CH         LINE#         453
  C:32A6H         LINE#         454
  C:32B0H         LINE#         455
  -------         ENDPROC       AIP1302_UPDATE_TIME
  -------         PROC          AIP1302_READ_ALL
  C:312CH         LINE#         475
  C:312CH         LINE#         476
  C:312CH         LINE#         477
  C:3136H         LINE#         478
  C:3140H         LINE#         479
  C:314AH         LINE#         480
  C:3154H         LINE#         481
  C:315EH         LINE#         482
  C:3171H         LINE#         484
  -------         ENDPROC       AIP1302_READ_ALL
  -------         ENDMOD        AIP1302

  -------         MODULE        MAIN
  C:0000H         SYMBOL        _ICE_DUMMY_
  D:00D9H         PUBLIC        WDT_KEY
  C:3661H         PUBLIC        user_init
  C:33EEH         PUBLIC        main
  -------         PROC          USER_INIT
  C:3661H         LINE#         57
  C:3661H         LINE#         58
  C:3661H         LINE#         61
  C:3664H         LINE#         62
  C:366DH         LINE#         66
  C:3670H         LINE#         70
  C:3673H         LINE#         78
  C:3676H         LINE#         81
  C:3679H         LINE#         84
  C:367CH         LINE#         87
  C:367FH         LINE#         88
  C:3682H         LINE#         90
  C:3685H         LINE#         91
  C:3688H         LINE#         93
  -------         ENDPROC       USER_INIT
  -------         PROC          MAIN
  C:33EEH         LINE#         96
  C:33EEH         LINE#         97
  C:33EEH         LINE#         99
  C:33F1H         LINE#         104
  C:33F4H         LINE#         105
BL51 BANKED LINKER/LOCATER V6.22.4.0                                                  08/13/2026  17:54:52  PAGE 30


  C:33FBH         LINE#         107
  C:33FEH         LINE#         110
  C:3401H         LINE#         112
  C:3404H         LINE#         118
  C:3404H         LINE#         122
  C:3407H         LINE#         125
  C:340AH         LINE#         129
  C:3413H         LINE#         130
  C:3416H         LINE#         136
  C:3419H         LINE#         139
  C:341CH         LINE#         142
  C:341FH         LINE#         145
  C:3422H         LINE#         148
  C:3425H         LINE#         149
  C:3428H         LINE#         150
  -------         ENDPROC       MAIN
  -------         ENDMOD        MAIN

  -------         MODULE        PIN_LEVEL_SCAN
  C:0000H         SYMBOL        _ICE_DUMMY_
  B:0090H.0       PUBLIC        P10
  B:0090H.3       PUBLIC        P13
  B:0090H.4       PUBLIC        P14
  B:0090H.7       PUBLIC        P17
  B:00A0H.0       PUBLIC        P20
  B:00A0H.1       PUBLIC        P21
  B:00A0H.2       PUBLIC        P22
  B:00A0H.3       PUBLIC        P23
  B:00A0H.4       PUBLIC        P24
  B:00B0H.0       PUBLIC        P30
[...]
  X:629DH         SYMBOL        step_of_exit_phase
  X:629EH         SYMBOL        idx_of_bat_lev
  X:629FH         SYMBOL        idx_of_scale_bar_light
  X:62A0H         SYMBOL        idx_of_upper_marker
  X:62A1H         SYMBOL        idx_of_fuel_lev
  X:62A2H         SYMBOL        idx_of_engine_speed_gear
  X:62A3H         SYMBOL        idx_of_engine_speed_scale_bar
  X:62A4H         SYMBOL        dir_of_engine_speed_gear
  -------         ENDDO         
  C:0C51H         LINE#         161
  C:0C51H         LINE#         162
  C:0C51H         LINE#         198
  C:0C5CH         LINE#         200
  C:0C5CH         LINE#         202
  C:0C62H         LINE#         203
  C:0C64H         LINE#         204
  C:0C6AH         LINE#         205
  C:0C70H         LINE#         207
  C:0C75H         LINE#         208
  C:0C7AH         LINE#         209
  C:0C7FH         LINE#         210
  C:0C84H         LINE#         211
  C:0C89H         LINE#         212
  C:0C8EH         LINE#         213
  C:0C93H         LINE#         214
  C:0C98H         LINE#         215
  C:0C9DH         LINE#         217
  C:0CA2H         LINE#         218
  C:0CA7H         LINE#         219
  C:0CACH         LINE#         220
  C:0CB1H         LINE#         221
  C:0CB6H         LINE#         222
  C:0CBBH         LINE#         224
  C:0CC0H         LINE#         226
  C:0CC5H         LINE#         227
BL51 BANKED LINKER/LOCATER V6.22.4.0                                                  08/13/2026  17:54:52  PAGE 65


  C:0CCAH         LINE#         228
  C:0CCFH         LINE#         230
  C:0CD4H         LINE#         231
  C:0CD9H         LINE#         232
  C:0CD9H         LINE#         234
  C:0CDFH         LINE#         235
  C:0CE8H         LINE#         236
  C:0CEAH         LINE#         237
  C:0CF2H         LINE#         238
  C:0CFAH         LINE#         239
  C:0D02H         LINE#         241
  C:0D0AH         LINE#         242
  C:0D12H         LINE#         243
  C:0D1AH         LINE#         244
  C:0D22H         LINE#         245
  C:0D2AH         LINE#         246
  C:0D32H         LINE#         248
  C:0D3CH         LINE#         250
  C:0D44H         LINE#         251
  C:0D4EH         LINE#         252
  C:0D58H         LINE#         253
  C:0D62H         LINE#         254
  C:0D6CH         LINE#         256
  C:0D76H         LINE#         257
  C:0D80H         LINE#         259
  C:0D8AH         LINE#         260
  C:0D94H         LINE#         262
  C:0D9EH         LINE#         264
  C:0DA7H         LINE#         265
  C:0DAAH         LINE#         266
  C:0DAAH         LINE#         268
  C:0DB3H         LINE#         270
  C:0DB6H         LINE#         271
  C:0DB6H         LINE#         273
  C:0DBFH         LINE#         274
  C:0DC2H         LINE#         275
  C:0DC2H         LINE#         277
  C:0DCBH         LINE#         278
  C:0DCEH         LINE#         279
  C:0DCEH         LINE#         281
  C:0DD7H         LINE#         282
  C:0DDAH         LINE#         283
  C:0DDAH         LINE#         284
  C:0DDAH         LINE#         286
  C:0DE0H         LINE#         287
  C:0DEDH         LINE#         291
  C:0DF4H         LINE#         292
  C:0DFDH         LINE#         293
  C:0E03H         LINE#         294
  C:0E08H         LINE#         295
  C:0E08H         LINE#         296
  C:0E19H         LINE#         297
  C:0E1BH         LINE#         299
  C:0E25H         LINE#         301
  C:0E2EH         LINE#         302
  C:0E31H         LINE#         303
  C:0E31H         LINE#         304
BL51 BANKED LINKER/LOCATER V6.22.4.0                                                  08/13/2026  17:54:52  PAGE 66


  C:0E3AH         LINE#         305
  C:0E43H         LINE#         306
  C:0E45H         LINE#         307
  C:0E4FH         LINE#         309
  C:0E58H         LINE#         310
  C:0E5BH         LINE#         311
  C:0E5BH         LINE#         312
  C:0E5BH         LINE#         313
  C:0E5BH         LINE#         315
  C:0E61H         LINE#         316
  C:0E67H         LINE#         317
  C:0E69H         LINE#         319
  C:0E73H         LINE#         321
  C:0E7CH         LINE#         322
  C:0E7FH         LINE#         323
  C:0E7FH         LINE#         324
  C:0E7FH         LINE#         327
  C:0E90H         LINE#         329
  C:0E90H         LINE#         330
  C:0E93H         LINE#         331
  C:0E98H         LINE#         333
  C:0E9EH         LINE#         334
  C:0E9EH         LINE#         335
  C:0E9EH         LINE#         336
  -------         ENDPROC       __BOOT_ANIMATION_PHASE_1__
  -------         PROC          BOOT_ANIMATION_PROCESS
  C:3043H         LINE#         338
  C:3043H         LINE#         339
  C:3043H         LINE#         340
  C:3052H         LINE#         341
  C:3058H         LINE#         343
  C:305EH         LINE#         344
  C:3061H         LINE#         346
  C:3068H         LINE#         348
  C:3068H         LINE#         349
  C:3068H         LINE#         350
  C:306AH         LINE#         351
  C:306AH         LINE#         353
  C:306DH         LINE#         354
  C:3070H         LINE#         356
  C:3077H         LINE#         366
  C:307CH         LINE#         367
  C:3081H         LINE#         370
  C:3086H         LINE#         371
  C:308BH         LINE#         375
  C:3090H         LINE#         376
  C:3090H         LINE#         378
  C:3093H         LINE#         379
  C:3095H         LINE#         380
  -------         ENDPROC       BOOT_ANIMATION_PROCESS
  -------         ENDMOD        BOOT_ANIMATION

  -------         MODULE        BATTERY
  C:0000H         SYMBOL        _ICE_DUMMY_
  C:37EBH         PUBLIC        _bat_adc_val_samples_update
  C:3374H         PUBLIC        bat_adc_val_get_avg
  C:3B63H         PUBLIC        _bat_vol_samples_init
BL51 BANKED LINKER/LOCATER V6.22.4.0                                                  08/13/2026  17:54:52  PAGE 67


  C:36D9H         PUBLIC        _bat_vol_samples_update
  C:349CH         PUBLIC        bat_vol_get_avg
  C:3946H         PUBLIC        bat_scan_time_add
  C:395DH         PUBLIC        bat_grid_update_time_add
  C:17CCH         PUBLIC        bat_scan
  X:619AH         SYMBOL        battery_scan_time_cnt
  X:619CH         SYMBOL        bat_grid_update_time_cnt
  X:619EH         SYMBOL        bat_adc_val_samples
  X:61C6H         SYMBOL        bat_adc_val_sample_index
  X:61C7H         SYMBOL        bat_vol_samples
  X:61EFH         SYMBOL        bat_vol_sample_index
  C:3BA6H         SYMBOL        ___bat_adv_val_samples_init__
  C:35D3H         PUBLIC        _bat_vol_to_grid
  C:3096H         SYMBOL        Com0030
  C:3096H         SYMBOL        L?0049
  C:309FH         SYMBOL        L?0050
  C:30A7H         SYMBOL        L?0051
  C:30A7H         SYMBOL        L?0052
  C:30B1H         SYMBOL        L?0053
  C:30BEH         SYMBOL        L?0054
  C:30BEH         SYMBOL        L?0055
  C:30C7H         SYMBOL        L?0056
  C:30D3H         SYMBOL        L?0057
  C:30DCH         SYMBOL        L?0058
  -------         PROC          COM0030
  -------         ENDPROC       COM0030
  -------         PROC          ___BAT_ADV_VAL_SAMPLES_INIT__
  D:0006H         SYMBOL        adc_val
  -------         DO            
  D:0005H         SYMBOL        i
  -------         ENDDO         
  C:3BA6H         LINE#         24
  C:3BA6H         LINE#         25
  C:3BA6H         LINE#         27
  C:3BA8H         LINE#         28
  C:3BACH         LINE#         29
  C:3BB1H         LINE#         30
  -------         ENDPROC       ___BAT_ADV_VAL_SAMPLES_INIT__
  -------         PROC          _BAT_ADC_VAL_SAMPLES_UPDATE
  D:0006H         SYMBOL        adc_val
  -------         DO            
  X:6196H         SYMBOL        is_initialized
  -------         ENDDO         
  C:37EBH         LINE#         38
  C:37EBH         LINE#         39
  C:37EBH         LINE#         41
  C:37F1H         LINE#         42
  C:37F3H         LINE#         43
  C:37F6H         LINE#         45
  C:37F6H         LINE#         47
  C:37FDH         LINE#         48
  C:3803H         LINE#         49
  C:3809H         LINE#         50
  C:380BH         LINE#         51
  C:380BH         LINE#         52
  -------         ENDPROC       _BAT_ADC_VAL_SAMPLES_UPDATE
  -------         PROC          BAT_ADC_VAL_GET_AVG
BL51 BANKED LINKER/LOCATER V6.22.4.0                                                  08/13/2026  17:54:52  PAGE 68


  -------         DO            
  X:624DH         SYMBOL        i
  X:624EH         SYMBOL        sum
  -------         ENDDO         
  C:3374H         LINE#         55
  C:3374H         LINE#         56
  C:3374H         LINE#         58
  C:337EH         LINE#         59
  C:3383H         LINE#         60
  C:339FH         LINE#         61
  C:33A9H         LINE#         63
  -------         ENDPROC       BAT_ADC_VAL_GET_AVG
  -------         PROC          _BAT_VOL_SAMPLES_INIT
  D:0006H         SYMBOL        voltage
  -------         DO            
  D:0005H         SYMBOL        i
  -------         ENDDO         
  C:3B63H         LINE#         67
  C:3B63H         LINE#         68
  C:3B63H         LINE#         70
  C:3B65H         LINE#         71
  C:3B6CH         LINE#         72
  C:3B71H         LINE#         73
  -------         ENDPROC       _BAT_VOL_SAMPLES_INIT
  -------         PROC          _BAT_VOL_SAMPLES_UPDATE
  D:0006H         SYMBOL        voltage
  -------         DO            
  X:6197H         SYMBOL        is_initialized
  -------         ENDDO         
  C:36D9H         LINE#         76
  C:36D9H         LINE#         77
  C:36D9H         LINE#         79
  C:36DFH         LINE#         80
  C:36E1H         LINE#         81
  C:36E4H         LINE#         83
  C:36E4H         LINE#         85
  C:36EEH         LINE#         86
  C:36F4H         LINE#         87
  C:36FAH         LINE#         88
  C:36FCH         LINE#         89
  C:36FCH         LINE#         90
  -------         ENDPROC       _BAT_VOL_SAMPLES_UPDATE
  -------         PROC          BAT_VOL_GET_AVG
  -------         DO            
  X:624DH         SYMBOL        i
  X:624EH         SYMBOL        sum
  -------         ENDDO         
  C:349CH         LINE#         93
  C:349CH         LINE#         94
  C:349CH         LINE#         96
  C:34A6H         LINE#         97
  C:34ABH         LINE#         98
  C:34C1H         LINE#         99
  C:34CBH         LINE#         101
  -------         ENDPROC       BAT_VOL_GET_AVG
  -------         PROC          BAT_SCAN_TIME_ADD
  C:3946H         LINE#         104
BL51 BANKED LINKER/LOCATER V6.22.4.0                                                  08/13/2026  17:54:52  PAGE 69


  C:3946H         LINE#         105
  C:3946H         LINE#         106
  C:3955H         LINE#         107
  C:395CH         LINE#         108
  C:395CH         LINE#         109
  -------         ENDPROC       BAT_SCAN_TIME_ADD
  -------         PROC          BAT_GRID_UPDATE_TIME_ADD
  C:395DH         LINE#         111
  C:395DH         LINE#         112
  C:395DH         LINE#         113
  C:396CH         LINE#         114
  C:3973H         LINE#         115
  C:3973H         LINE#         116
  -------         ENDPROC       BAT_GRID_UPDATE_TIME_ADD
  -------         PROC          _BAT_VOL_TO_GRID
  D:0006H         SYMBOL        voltage
  -------         DO            
  D:0005H         SYMBOL        ret
  -------         ENDDO         
  C:35D3H         LINE#         131
  C:35D3H         LINE#         132
  C:35D3H         LINE#         133
  C:35D3H         LINE#         135
  C:35DCH         LINE#         136
  C:35DEH         LINE#         137
  C:35E9H         LINE#         139
  C:35FCH         LINE#         140
  C:35FEH         LINE#         141
  C:3600H         LINE#         142
  C:3600H         LINE#         144
  C:3602H         LINE#         145
  -------         ENDPROC       _BAT_VOL_TO_GRID
  -------         PROC          BAT_SCAN
  -------         DO            
  D:0006H         SYMBOL        adc_val
  X:6249H         SYMBOL        voltage
  X:6198H         SYMBOL        is_initialized
  X:6199H         SYMBOL        bat_grid_of_lag
  X:624BH         SYMBOL        bat_grid
  X:624CH         SYMBOL        bat_grid_diff
  -------         ENDDO         
  C:17CCH         LINE#         147
  C:17CCH         LINE#         148
  C:17CCH         LINE#         154
  C:17D1H         LINE#         155
  C:17D3H         LINE#         157
  C:17E5H         LINE#         158
  C:17E9H         LINE#         159
  C:17E9H         LINE#         162
  C:17E9H         LINE#         164
  C:17ECH         LINE#         165
  C:1818H         LINE#         172
  C:181EH         LINE#         173
  C:1820H         LINE#         174
  C:1826H         LINE#         175
  C:1829H         LINE#         176
  C:182DH         LINE#         178
BL51 BANKED LINKER/LOCATER V6.22.4.0                                                  08/13/2026  17:54:52  PAGE 70


  C:1830H         LINE#         180
  C:1835H         LINE#         181
  C:1835H         LINE#         184
  C:183DH         LINE#         185
  C:183FH         LINE#         187
  C:1845H         LINE#         188
  C:1845H         LINE#         190
  C:1850H         LINE#         195
  C:1850H         LINE#         196
  C:1857H         LINE#         198
  C:1862H         LINE#         199
  C:1869H         LINE#         200
  C:186BH         LINE#         201
  C:1872H         LINE#         202
  C:1872H         LINE#         203
  C:1872H         LINE#         218
  C:1879H         LINE#         220
  C:187EH         LINE#         221
  C:1881H         LINE#         222
  C:188BH         LINE#         223
  C:188EH         LINE#         224
  C:188EH         LINE#         231
  C:1894H         LINE#         234
  C:189AH         LINE#         236
  C:189EH         LINE#         237
  C:189EH         LINE#         239
  C:18A4H         LINE#         240
  C:18A5H         LINE#         241
  C:18AAH         LINE#         242
  C:18B2H         LINE#         243
  C:18B2H         LINE#         244
  -------         ENDPROC       BAT_SCAN
  -------         ENDMOD        BATTERY

  -------         MODULE        ?C?COPY
  C:0115H         PUBLIC        ?C?COPY
  -------         ENDMOD        ?C?COPY

  -------         MODULE        ?C?CLDPTR
  C:013BH         PUBLIC        ?C?CLDPTR
  -------         ENDMOD        ?C?CLDPTR

  -------         MODULE        ?C?CLDOPTR
  C:0154H         PUBLIC        ?C?CLDOPTR
  -------         ENDMOD        ?C?CLDOPTR

  -------         MODULE        ?C?CILDOPTR
  C:0181H         PUBLIC        ?C?CILDOPTR
  -------         ENDMOD        ?C?CILDOPTR

  -------         MODULE        ?C?CSTPTR
  C:01B4H         PUBLIC        ?C?CSTPTR
  -------         ENDMOD        ?C?CSTPTR

  -------         MODULE        ?C?CSTOPTR
  C:01C6H         PUBLIC        ?C?CSTOPTR
  -------         ENDMOD        ?C?CSTOPTR
BL51 BANKED LINKER/LOCATER V6.22.4.0                                                  08/13/2026  17:54:52  PAGE 71



  -------         MODULE        ?C?UIDIV
  C:01E8H         PUBLIC        ?C?UIDIV
  -------         ENDMOD        ?C?UIDIV

  -------         MODULE        ?C?IILDX
  C:023DH         PUBLIC        ?C?IILDX
  -------         ENDMOD        ?C?IILDX

  -------         MODULE        ?C?ILDOPTR
  C:0253H         PUBLIC        ?C?ILDOPTR
  -------         ENDMOD        ?C?ILDOPTR

  -------         MODULE        ?C?LADD
  C:028BH         PUBLIC        ?C?LADD
  -------         ENDMOD        ?C?LADD

  -------         MODULE        ?C?LMUL
  C:0298H         PUBLIC        ?C?LMUL
  -------         ENDMOD        ?C?LMUL

  -------         MODULE        ?C?ULDIV
  C:0323H         PUBLIC        ?C?ULDIV
  -------         ENDMOD        ?C?ULDIV

  -------         MODULE        ?C?SLCMP
  C:03B5H         PUBLIC        ?C?SLCMP
  -------         ENDMOD        ?C?SLCMP

  -------         MODULE        ?C?ULCMP
  C:03CBH         PUBLIC        ?C?ULCMP
  -------         ENDMOD        ?C?ULCMP

  -------         MODULE        ?C?LLDXDATA
  C:03DCH         PUBLIC        ?C?LLDXDATA
  -------         ENDMOD        ?C?LLDXDATA

  -------         MODULE        ?C?LLDXDATA0
  C:03E8H         PUBLIC        ?C?LLDXDATA0
  -------         ENDMOD        ?C?LLDXDATA0

  -------         MODULE        ?C?LSTXDATA
  C:03F4H         PUBLIC        ?C?LSTXDATA
  -------         ENDMOD        ?C?LSTXDATA

  -------         MODULE        ?C?LSTKXDATA
  C:0400H         PUBLIC        ?C?LSTKXDATA
  -------         ENDMOD        ?C?LSTKXDATA

  -------         MODULE        ?C?OFFXADD
  C:0431H         PUBLIC        ?C?OFFXADD
  -------         ENDMOD        ?C?OFFXADD

  -------         MODULE        ?C?PLDXDATA
  C:043DH         PUBLIC        ?C?PLDXDATA
  -------         ENDMOD        ?C?PLDXDATA

BL51 BANKED LINKER/LOCATER V6.22.4.0                                                  08/13/2026  17:54:52  PAGE 72


  -------         MODULE        ?C?PLDIXDATA
  C:0446H         PUBLIC        ?C?PLDIXDATA
  -------         ENDMOD        ?C?PLDIXDATA

  -------         MODULE        ?C?PSTXDATA
  C:045DH         PUBLIC        ?C?PSTXDATA
  -------         ENDMOD        ?C?PSTXDATA

  -------         MODULE        ?C?PLDOPTR
  C:0466H         PUBLIC        ?C?PLDOPTR
  -------         ENDMOD        ?C?PLDOPTR

  -------         MODULE        ?C?ICALL
  C:0496H         PUBLIC        ?C?ICALL
  C:049AH         PUBLIC        ?C?ICALL2
  -------         ENDMOD        ?C?ICALL

  -------         MODULE        ?C?LIMUL
  C:049CH         PUBLIC        ?C?LIMUL
  -------         ENDMOD        ?C?LIMUL

  -------         MODULE        PRINTF
  X:6249H         PUBLIC        ?_PRINTF517?BYTE
  X:6249H         PUBLIC        ?_PRINTF?BYTE
  X:6249H         PUBLIC        ?_SPRINTF517?BYTE
  X:6249H         PUBLIC        ?_SPRINTF?BYTE
  C:0957H         PUBLIC        _PRINTF
  C:0957H         PUBLIC        _PRINTF517
  C:0951H         PUBLIC        _SPRINTF
  C:0951H         PUBLIC        _SPRINTF517
  -------         ENDMOD        PRINTF

  -------         MODULE        ?C?MEMSET
  C:04C9H         PUBLIC        ?C?MEMSET
  -------         ENDMOD        ?C?MEMSET

  -------         MODULE        ?C?PLDIDATA
  C:04F5H         PUBLIC        ?C?PLDIDATA
  -------         ENDMOD        ?C?PLDIDATA

  -------         MODULE        ?C?PLDPDATA
  C:04FEH         PUBLIC        ?C?PLDPDATA
  -------         ENDMOD        ?C?PLDPDATA

  -------         MODULE        ?C?PLDCODE
  C:0507H         PUBLIC        ?C?PLDCODE
  -------         ENDMOD        ?C?PLDCODE

  -------         MODULE        ?C?CCASE
  C:0513H         PUBLIC        ?C?CCASE
  -------         ENDMOD        ?C?CCASE

*** WARNING L16: UNCALLED SEGMENT, IGNORED FOR OVERLAY PROCESS
    SEGMENT: ?PR?AIP1302_UPDATE_TIME?AIP1302

*** WARNING L16: UNCALLED SEGMENT, IGNORED FOR OVERLAY PROCESS
    SEGMENT: ?PR?_AIP3368H_DISPLAY_TIME_WHEN_SETTING?AIP3368H_DISPLAY
BL51 BANKED LINKER/LOCATER V6.22.4.0                                                  08/13/2026  17:54:52  PAGE 73



*** WARNING L16: UNCALLED SEGMENT, IGNORED FOR OVERLAY PROCESS
    SEGMENT: ?PR?_AIP3368H_DISPLAY_FUEL_LEV_UPPER_MARKER?AIP3368H_DISPLAY

*** WARNING L16: UNCALLED SEGMENT, IGNORED FOR OVERLAY PROCESS
    SEGMENT: ?PR?_AIP3368H_DISPLAY_SPEED?AIP3368H_DISPLAY

*** WARNING L16: UNCALLED SEGMENT, IGNORED FOR OVERLAY PROCESS
    SEGMENT: ?PR?_AIP3368H_DISPLAY_SPEED_SPLIT_LINE_LIGHT?AIP3368H_DISPLAY

*** WARNING L16: UNCALLED SEGMENT, IGNORED FOR OVERLAY PROCESS
    SEGMENT: ?PR?_AIP3368H_DISPLAY_BAT_LEV_UPPER_MARKER_LIGHT?AIP3368H_DISPLAY

*** WARNING L16: UNCALLED SEGMENT, IGNORED FOR OVERLAY PROCESS
    SEGMENT: ?PR?BOOT_ANIMATION_PROCESS?BOOT_ANIMATION

Program Size: data=15.4 xdata=822 code=15381
LINK/LOCATE RUN COMPLETE.  7 WARNING(S),  0 ERROR(S)
