C51 COMPILER V9.60.7.0   UART0                                                             08/05/2026 17:22:44 PAGE 1   


C51 COMPILER V9.60.7.0, COMPILATION OF MODULE UART0
OBJECT MODULE PLACED IN .\Release\Objects\uart0.obj
COMPILER INVOKED BY: C:\Keil_v5\C51\BIN\C51.EXE ..\..\Hardware\uart0.c LARGE OPTIMIZE(9,SIZE) BROWSE ORDER INTVECTOR(0X0
                    -00C) INCDIR(..\..\Libraries\Include;..\..\User;..\..\User\lib;..\..\Hardware) INTERVAL(3) DEBUG OBJECTEXTEND PRINT(.\Rel
                    -ease\Listings\uart0.lst) OBJECT(.\Release\Objects\uart0.obj)

line level    source

   1          #include "uart0.h"
   2          #include "include.h" // 使用芯片官方提供的头文件
   3          
   4          #if USER_DEBUG_ENABLE
   5          // 设置的波特率需要适配单片机的时钟，这里直接使用了官方的代码
   6          #define USER_UART0_BAUD ((SYSCLK - UART0_BAUDRATE) / (UART0_BAUDRATE))
   7          
   8          #if 1 // 将uart0用作串口打印
   9          // 重写putchar()函数
  10          extern void uart0_send_byte(u8 byte); // 函数声明
  11          char putchar(char c)
  12          {
  13   1          uart0_send_byte(c);
  14   1          return c;
  15   1      }
  16          #endif // 将uart0用作串口打印
  17          
  18          void uart0_debug_init(void)
  19          {
  20   1          P0_MD0 &= ~(GPIO_P00_MODE_SEL(0x03)); // 清空寄存器配置
  21   1          P0_MD0 |= GPIO_P00_MODE_SEL(0x01);    // 输出模式
  22   1          FOUT_S00 |= GPIO_FOUT_UART0_TX;       // 配置为UART0_TX
  23   1      
  24   1          UART0_BAUD1 = (USER_UART0_BAUD >> 8) & 0xFF; // 配置波特率高八位
  25   1          UART0_BAUD0 = USER_UART0_BAUD & 0xFF;        // 配置波特率低八位
  26   1          UART0_CON0 = UART_STOP_BIT(0x0) |            // 1bit停止位
  27   1                       UART_EN(0x1);                   // 使能 uart
  28   1      }
  29          
  30          void uart0_send_byte(u8 byte)
  31          {
  32   1          // 等待之前的数据发送完成
  33   1          while (!(UART0_STA & UART_TX_DONE(0x01)))
  34   1              ;
  35   1          UART0_DATA = byte;
  36   1      }
  37          
  38          #endif


MODULE INFORMATION:   STATIC OVERLAYABLE
   CODE SIZE        =     49    ----
   CONSTANT SIZE    =   ----    ----
   XDATA SIZE       =   ----       1
   PDATA SIZE       =   ----    ----
   DATA SIZE        =   ----    ----
   IDATA SIZE       =   ----    ----
   BIT SIZE         =   ----    ----
END OF MODULE INFORMATION.


C51 COMPILATION COMPLETE.  0 WARNING(S),  0 ERROR(S)
